'CAP_NP_CC0402_25_DISCRETE_0.64M' 'cap_np_cc0402_25_discrete_064m.txt';
'CAP_NP_CC0402_25_DISCRETE_0.55M' 'cap_np_cc0402_25_discrete_055m.txt';
'CAP_NP_CC0402_25_DISCRETE_0.65M' 'cap_np_cc0402_25_discrete_065m.txt';
'RES_RC0402_25_DISCRETE_0.55MM_1' 'res_rc0402_25_discrete_055mm_1.txt';
'HDR_2X8_M_CON_SKT2X8_TH_IO_8.63' 'hdr_2x8_m_con_skt2x8_th_io_863.txt';
'RES_RC0402_25_DISCRETE_0.55MM_4' 'res_rc0402_25_discrete_055mm_4.txt';
'RES_RC0402_25_DISCRETE_0.4MM_47' 'res_rc0402_25_discrete_04mm_47.txt';
'RES_RC0402_25_DISCRETE_0.6MM_47' 'res_rc0402_25_discrete_06mm_47.txt';
'CAP_NP_CC0402_25_DISCRETE_0.5_1' 'cap_np_cc0402_25_discrete_05_1.txt';
'CONN_HDR_3X1_HDR103_IO_8.38 MM_' 'conn_hdr_3x1_hdr103_io_838mm_.txt';
'CAP_NP_CC0402_25_DISCRETE_0.6_1' 'cap_np_cc0402_25_discrete_06_1.txt';
'CAP_NP_CC0402_25_DISCRETE_0.5_2' 'cap_np_cc0402_25_discrete_05_2.txt';
'CAP_NP_CC0603_OV_DISCRETE_0.9 M' 'cap_np_cc0603_ov_discrete_09m.txt';
'CAP_NP_CC0402_25_DISCRETE_0.6_2' 'cap_np_cc0402_25_discrete_06_2.txt';
'CAP_NP_CC0402_25_DISCRETE_0.6_3' 'cap_np_cc0402_25_discrete_06_3.txt';
'BEAD_IND_1608_DISCRETE_0.95MM_1' 'bead_ind_1608_discrete_095mm_1.txt';
'RES_RC0603_OV_DISCRETE_0.55 MM_' 'res_rc0603_ov_discrete_055mm_.txt';
'BEAD_0_0603_CC_DISCRETE_0.95MM_' 'bead_0_0603_cc_discrete_095mm_.txt';
'CAP_NP_CC0402_25_DISCRETE_0.6MM' 'cap_np_cc0402_25_discrete_06mm.txt';
'CAP_NP_CC0603_OV_DISCRETE_1.016' 'cap_np_cc0603_ov_discrete_1016.txt';
'LED_LED_0603_IC_0.67MM_370-7656' 'led_led_0603_ic_067mm_370-7656.txt';
'LED_LED_0603_IC_0.9MM_370-75079' 'led_led_0603_ic_09mm_370-75079.txt';
'DC POWER JACK_CON_JACK_PJ1_022_' 'dcpowerjack_con_jack_pj1_022_.txt';
'LD1117AS18_SOT223_IC_1.8MM_312-' 'ld1117as18_sot223_ic_18mm_312-.txt';
'TESTLOOP_TPAD_030_IO_0.1MM_211-' 'testloop_tpad_030_io_01mm_211-.txt';
'RES_RC0402_25_DISCRETE_0.4MM__1' 'res_rc0402_25_discrete_04mm__1.txt';
'RES_RC0402_25_DISCRETE_0.4MM__2' 'res_rc0402_25_discrete_04mm__2.txt';
'XTAL_XTAL2-3P2X1P5-SM_IC_0.9MM_' 'xtal_xtal2-3p2x1p5-sm_ic_09mm_.txt';
'CONN_HDR_4X2_HDR2X4_IO_8.71 MM_' 'conn_hdr_4x2_hdr2x4_io_871mm_.txt';
'CRYSTAL13_XTAL4_3P4X2P7_IC_0.8M' 'crystal13_xtal4_3p4x2p7_ic_08m.txt';
'CAP_NP_CC0603_OV_DISCRETE_1.25M' 'cap_np_cc0603_ov_discrete_125m.txt';
'CAP_NP_CC0603_OV_DISCRETE_0.90M' 'cap_np_cc0603_ov_discrete_090m.txt';
'CONN_HDR_2X1_HDR102_IO_8.58MM_2' 'conn_hdr_2x1_hdr102_io_858mm_2.txt';
'CAP_NP_CC0603_OV_DISCRETE_1.0_1' 'cap_np_cc0603_ov_discrete_10_1.txt';
'CAP_NP_CC0603_OV_DISCRETE_1.0_2' 'cap_np_cc0603_ov_discrete_10_2.txt';
'ZDIODE_SOD-323-A_IC_1.1MM_480-7' 'zdiode_sod-323-a_ic_11mm_480-7.txt';
'CAP_NP_CC0603_OV_DISCRETE_1.0MM' 'cap_np_cc0603_ov_discrete_10mm.txt';
'CAP_NP_CC0603_OV_DISCRETE_0.9MM' 'cap_np_cc0603_ov_discrete_09mm.txt';
'CAP_NP_CC0402_25_DISCRETE_0.55' 'cap_np_cc0402_25_discrete_055.txt';
'RES_RC0402_25_DISCRETE_0.55 M_1' 'res_rc0402_25_discrete_055m_1.txt';
'DIODE_TVS_BIDIR_0402_MLP_IC_0.4' 'diode_tvs_bidir_0402_mlp_ic_04.txt';
'RES_RC0402_25_DISCRETE_0.4 MM_4' 'res_rc0402_25_discrete_04mm_4.txt';
'RES_RC0402_25_DISCRETE_0.45 MM_' 'res_rc0402_25_discrete_045mm_.txt';
'RES_RC0402_25_DISCRETE_0.55 MM_' 'res_rc0402_25_discrete_055mm_.txt';
'TESTLOOP_TEST_LOOP_IO_4.8 MM_21' 'testloop_test_loop_io_48mm_21.txt';
'CAP_NP_CC0402_25_DISCRETE_0.635' 'cap_np_cc0402_25_discrete_0635.txt';
'MIC2005-0.8YM6_SOT23-6_A_IC_1.4' 'mic2005-08ym6_sot23-6_a_ic_14.txt';
