Component: ARM Compiler 5.05 update 1 (build 106) Tool: armlink [4d0efa]

==============================================================================

Section Cross References

    stm32f10x_adc.o(.text) refers to stm32f10x_rcc.o(.text) for RCC_APB2PeriphResetCmd
    stm32f10x_bkp.o(.text) refers to stm32f10x_rcc.o(.text) for RCC_BackupResetCmd
    stm32f10x_can.o(.text) refers to stm32f10x_rcc.o(.text) for RCC_APB1PeriphResetCmd
    stm32f10x_dac.o(.text) refers to stm32f10x_rcc.o(.text) for RCC_APB1PeriphResetCmd
    stm32f10x_gpio.o(.text) refers to stm32f10x_rcc.o(.text) for RCC_APB2PeriphResetCmd
    stm32f10x_i2c.o(.text) refers to stm32f10x_rcc.o(.text) for RCC_APB1PeriphResetCmd
    stm32f10x_nvic.o(.text) refers to cortexm3_macro.o(.text) for __SETPRIMASK
    stm32f10x_pwr.o(.text) refers to stm32f10x_rcc.o(.text) for RCC_APB1PeriphResetCmd
    stm32f10x_pwr.o(.text) refers to cortexm3_macro.o(.text) for __WFI
    stm32f10x_rcc.o(.text) refers to stm32f10x_rcc.o(.data) for HSEStatus
    stm32f10x_rcc.o(.text) refers to stm32f10x_rcc.o(.constdata) for APBAHBPrescTable
    stm32f10x_spi.o(.text) refers to stm32f10x_rcc.o(.text) for RCC_APB2PeriphResetCmd
    stm32f10x_tim.o(.text) refers to stm32f10x_rcc.o(.text) for RCC_APB2PeriphResetCmd
    stm32f10x_usart.o(.text) refers to stm32f10x_rcc.o(.text) for RCC_APB2PeriphResetCmd
    stm32f10x_wwdg.o(.text) refers to stm32f10x_rcc.o(.text) for RCC_APB1PeriphResetCmd
    stm32f10x_it.o(.text) refers to stm32f10x_usart.o(.text) for USART_GetFlagStatus
    stm32f10x_it.o(.text) refers to b_bluetooth.o(.text) for B_COM1_Interrupt
    stm32f10x_it.o(.text) refers to stm32f10x_tim.o(.text) for TIM_GetITStatus
    stm32f10x_it.o(.text) refers to b_sys.o(.text) for B_SYS_Timer_Interrupt
    stm32f10x_it.o(.text) refers to b_motor.o(.text) for B_Motor_Interrupt
    stm32f10x_vector.o(STACK) refers (Special) to heapauxi.o(.text) for __use_two_region_memory
    stm32f10x_vector.o(HEAP) refers (Special) to heapauxi.o(.text) for __use_two_region_memory
    stm32f10x_vector.o(RESET) refers (Special) to heapauxi.o(.text) for __use_two_region_memory
    stm32f10x_vector.o(RESET) refers to stm32f10x_vector.o(STACK) for __initial_sp
    stm32f10x_vector.o(RESET) refers to stm32f10x_vector.o(.text) for Reset_Handler
    stm32f10x_vector.o(RESET) refers to stm32f10x_it.o(.text) for NMIException
    stm32f10x_vector.o(.text) refers (Special) to heapauxi.o(.text) for __use_two_region_memory
    stm32f10x_vector.o(.text) refers to __main.o(!!!main) for __main
    stm32f10x_vector.o(.text) refers to stm32f10x_vector.o(HEAP) for Heap_Mem
    stm32f10x_vector.o(.text) refers to stm32f10x_vector.o(STACK) for Stack_Mem
    b_adc.o(.text) refers to stm32f10x_dma.o(.text) for DMA_DeInit
    b_adc.o(.text) refers to stm32f10x_rcc.o(.text) for RCC_ADCCLKConfig
    b_adc.o(.text) refers to stm32f10x_adc.o(.text) for ADC_Init
    b_adc.o(.text) refers to stm32f10x_gpio.o(.text) for GPIO_Init
    b_adc.o(.text) refers to b_bluetooth.o(.text) for B_COM1_Send_Str_Head
    b_adc.o(.text) refers to fflt_clz.o(x$fpl$ffltu) for __aeabi_ui2f
    b_adc.o(.text) refers to fdiv.o(x$fpl$fdiv) for __aeabi_fdiv
    b_adc.o(.text) refers to fmul.o(x$fpl$fmul) for __aeabi_fmul
    b_adc.o(.text) refers to ffixu.o(x$fpl$ffixu) for __aeabi_f2uiz
    b_adc.o(.text) refers to b_adc.o(.data) for B_ADC_Tab
    b_adc.o(.text) refers to b_bluetooth.o(.data) for b_bat_value
    b_bluetooth.o(.text) refers to stm32f10x_usart.o(.text) for USART_ReceiveData
    b_bluetooth.o(.text) refers to b_bluetooth.o(.data) for com_receive_str_index
    b_bluetooth.o(.text) refers to b_bluetooth.o(.bss) for com_receive_str_buf
    b_bluetooth.o(.text) refers to dflt_clz.o(x$fpl$dflt) for __aeabi_i2d
    b_bluetooth.o(.text) refers to dfixu.o(x$fpl$dfixu) for __aeabi_d2uiz
    b_bluetooth.o(.text) refers to b_adc.o(.text) for B_ADC_Get_ADC_Value
    b_bluetooth.o(.text) refers to b_led.o(.text) for B_MOTOR_LED_ON
    b_bluetooth.o(.text) refers to b_motor.o(.text) for B_Motor_Power_On
    b_bluetooth.o(.text) refers to stm32f10x_rcc.o(.text) for RCC_APB2PeriphClockCmd
    b_bluetooth.o(.text) refers to stm32f10x_gpio.o(.text) for GPIO_Init
    b_bluetooth.o(.text) refers to stm32f10x_nvic.o(.text) for NVIC_Init
    b_bluetooth.o(.text) refers to drleqf.o(x$fpl$drleqf) for __aeabi_cdrcmple
    b_imu.o(.text) refers to fmul.o(x$fpl$fmul) for __aeabi_fmul
    b_imu.o(.text) refers to faddsub_clz.o(x$fpl$fadd) for __aeabi_fadd
    b_imu.o(.text) refers to f2d.o(x$fpl$f2d) for __aeabi_f2d
    b_imu.o(.text) refers to sqrt.o(i.sqrt) for sqrt
    b_imu.o(.text) refers to d2f.o(x$fpl$d2f) for __aeabi_d2f
    b_imu.o(.text) refers to feqf.o(x$fpl$feqf) for __aeabi_cfcmpeq
    b_imu.o(.text) refers to fdiv.o(x$fpl$fdiv) for __aeabi_fdiv
    b_imu.o(.text) refers to faddsub_clz.o(x$fpl$fsub) for __aeabi_fsub
    b_imu.o(.text) refers to b_imu.o(.data) for q0
    b_imu.o(.text) refers to asin.o(i.asin) for asin
[...]
    x$fpl$fsub                               0x08006d24   Section      234  faddsub_clz.o(x$fpl$fsub)
    _fsub1                                   0x08006d33   Thumb Code     0  faddsub_clz.o(x$fpl$fsub)
    x$fpl$retnan                             0x08006e0e   Section      100  retnan.o(x$fpl$retnan)
    x$fpl$scalbn                             0x08006e72   Section       92  scalbn.o(x$fpl$scalbn)
    x$fpl$trapveneer                         0x08006ece   Section       48  trapv.o(x$fpl$trapveneer)
    .constdata                               0x08006efe   Section       20  stm32f10x_rcc.o(.constdata)
    x$fpl$usenofp                            0x08006efe   Section        0  usenofp.o(x$fpl$usenofp)
    APBAHBPrescTable                         0x08006efe   Data          16  stm32f10x_rcc.o(.constdata)
    ADCPrescTable                            0x08006f0e   Data           4  stm32f10x_rcc.o(.constdata)
    .constdata                               0x08006f18   Section       80  asin.o(.constdata)
    pS                                       0x08006f18   Data          48  asin.o(.constdata)
    qS                                       0x08006f48   Data          32  asin.o(.constdata)
    .constdata                               0x08006f68   Section      152  atan.o(.constdata)
    atanhi                                   0x08006f68   Data          32  atan.o(.constdata)
    atanlo                                   0x08006f88   Data          32  atan.o(.constdata)
    aTodd                                    0x08006fa8   Data          40  atan.o(.constdata)
    aTeven                                   0x08006fd0   Data          48  atan.o(.constdata)
    .constdata                               0x08007000   Section        8  qnan.o(.constdata)
    .data                                    0x20000000   Section        8  stm32f10x_rcc.o(.data)
    HSEStatus                                0x20000000   Data           1  stm32f10x_rcc.o(.data)
    StartUpCounter                           0x20000004   Data           4  stm32f10x_rcc.o(.data)
    .data                                    0x20000008   Section        4  b_adc.o(.data)
    .data                                    0x2000000c   Section       40  b_bluetooth.o(.data)
    .data                                    0x20000034   Section       68  b_imu.o(.data)
    .data                                    0x20000078   Section       32  b_motor.o(.data)
    .data                                    0x20000098   Section       76  b_mpu6050.o(.data)
    .data                                    0x200000e4   Section        4  b_parameter.o(.data)
    .data                                    0x200000e8   Section      104  b_pid.o(.data)
    .data                                    0x20000150   Section        4  b_sys.o(.data)
    .data                                    0x20000154   Section       24  b_main.o(.data)
    .bss                                     0x2000016c   Section      164  b_bluetooth.o(.bss)
    .bss                                     0x20000210   Section       96  libspace.o(.bss)
    HEAP                                     0x20000270   Section     1024  stm32f10x_vector.o(HEAP)
    Heap_Mem                                 0x20000270   Data        1024  stm32f10x_vector.o(HEAP)
    STACK                                    0x20000670   Section     1024  stm32f10x_vector.o(STACK)
    Stack_Mem                                0x20000670   Data        1024  stm32f10x_vector.o(STACK)
    __initial_sp                             0x20000a70   Data           0  stm32f10x_vector.o(STACK)

    Global Symbols

    Symbol Name                              Value     Ov Type        Size  Object(Section)

    BuildAttributes$$THM_ISAv4$P$D$K$B$S$PE$A:L22UL41UL21$X:L11$S22US41US21$IEEE1$IW$USESV6$~STKCKD$USESV7$~SHL$OTIME$ROPI$IEEEX$EBA8$UX$STANDARDLIB$REQ8$PRES8$EABIv2 0x00000000   Number         0  anon$$obj.o ABSOLUTE
    __ARM_use_no_argv                        0x00000000   Number         0  b_main.o ABSOLUTE
    __ARM_exceptions_init                     - Undefined Weak Reference
    __alloca_initialize                       - Undefined Weak Reference
    __arm_preinit_                            - Undefined Weak Reference
    __cpp_initialize__aeabi_                  - Undefined Weak Reference
    __cxa_finalize                            - Undefined Weak Reference
    __rt_locale                               - Undefined Weak Reference
    __sigvec_lookup                           - Undefined Weak Reference
    _atexit_init                              - Undefined Weak Reference
    _call_atexit_fns                          - Undefined Weak Reference
    _clock_init                               - Undefined Weak Reference
    _fp_trap_init                             - Undefined Weak Reference
    _fp_trap_shutdown                         - Undefined Weak Reference
    _get_lc_collate                           - Undefined Weak Reference
    _get_lc_ctype                             - Undefined Weak Reference
    _get_lc_monetary                          - Undefined Weak Reference
    _get_lc_numeric                           - Undefined Weak Reference
    _get_lc_time                              - Undefined Weak Reference
    _getenv_init                              - Undefined Weak Reference
    _handle_redirection                       - Undefined Weak Reference
    _init_alloc                               - Undefined Weak Reference
    _init_user_alloc                          - Undefined Weak Reference
    _initio                                   - Undefined Weak Reference
    _rand_init                                - Undefined Weak Reference
    _signal_finish                            - Undefined Weak Reference
    _signal_init                              - Undefined Weak Reference
    _terminate_alloc                          - Undefined Weak Reference
    _terminate_user_alloc                     - Undefined Weak Reference
    _terminateio                              - Undefined Weak Reference
    __Vectors                                0x08000000   Data           4  stm32f10x_vector.o(RESET)
    __main                                   0x08000131   Thumb Code     8  __main.o(!!!main)
    __scatterload                            0x08000139   Thumb Code     0  __scatter.o(!!!scatter)
    __scatterload_rt2                        0x08000139   Thumb Code    44  __scatter.o(!!!scatter)
    __scatterload_rt2_thumb_only             0x08000139   Thumb Code     0  __scatter.o(!!!scatter)
    __scatterload_null                       0x08000147   Thumb Code     0  __scatter.o(!!!scatter)
    __decompress                             0x0800016d   Thumb Code    58  __dczerorl.o(!!dczerorl)
    __decompress0                            0x0800016d   Thumb Code     0  __dczerorl.o(!!dczerorl)
    __scatterload_zeroinit                   0x080001a9   Thumb Code    28  __scatter_zi.o(!!handler_zi)
    __rt_lib_init                            0x080001c5   Thumb Code     0  libinit.o(.ARM.Collect$$libinit$$00000000)
    __rt_lib_init_alloca_1                   0x080001c7   Thumb Code     0  libinit2.o(.ARM.Collect$$libinit$$0000002E)
    __rt_lib_init_argv_1                     0x080001c7   Thumb Code     0  libinit2.o(.ARM.Collect$$libinit$$0000002C)
    __rt_lib_init_atexit_1                   0x080001c7   Thumb Code     0  libinit2.o(.ARM.Collect$$libinit$$0000001B)
    __rt_lib_init_clock_1                    0x080001c7   Thumb Code     0  libinit2.o(.ARM.Collect$$libinit$$00000021)
    __rt_lib_init_cpp_1                      0x080001c7   Thumb Code     0  libinit2.o(.ARM.Collect$$libinit$$00000032)
    __rt_lib_init_exceptions_1               0x080001c7   Thumb Code     0  libinit2.o(.ARM.Collect$$libinit$$00000030)
    __rt_lib_init_fp_1                       0x080001c7   Thumb Code     0  libinit2.o(.ARM.Collect$$libinit$$00000002)
    __rt_lib_init_fp_trap_1                  0x080001c7   Thumb Code     0  libinit2.o(.ARM.Collect$$libinit$$0000001F)
    __rt_lib_init_getenv_1                   0x080001c7   Thumb Code     0  libinit2.o(.ARM.Collect$$libinit$$00000023)
    __rt_lib_init_heap_1                     0x080001c7   Thumb Code     0  libinit2.o(.ARM.Collect$$libinit$$0000000A)
    __rt_lib_init_lc_collate_1               0x080001c7   Thumb Code     0  libinit2.o(.ARM.Collect$$libinit$$00000011)
    __rt_lib_init_lc_ctype_1                 0x080001c7   Thumb Code     0  libinit2.o(.ARM.Collect$$libinit$$00000013)
    __rt_lib_init_lc_monetary_1              0x080001c7   Thumb Code     0  libinit2.o(.ARM.Collect$$libinit$$00000015)
    __rt_lib_init_lc_numeric_1               0x080001c7   Thumb Code     0  libinit2.o(.ARM.Collect$$libinit$$00000017)
    __rt_lib_init_lc_time_1                  0x080001c7   Thumb Code     0  libinit2.o(.ARM.Collect$$libinit$$00000019)
    __rt_lib_init_preinit_1                  0x080001c7   Thumb Code     0  libinit2.o(.ARM.Collect$$libinit$$00000004)
    __rt_lib_init_rand_1                     0x080001c7   Thumb Code     0  libinit2.o(.ARM.Collect$$libinit$$0000000E)
    __rt_lib_init_return                     0x080001c7   Thumb Code     0  libinit2.o(.ARM.Collect$$libinit$$00000033)
    __rt_lib_init_signal_1                   0x080001c7   Thumb Code     0  libinit2.o(.ARM.Collect$$libinit$$0000001D)
    __rt_lib_init_stdio_1                    0x080001c7   Thumb Code     0  libinit2.o(.ARM.Collect$$libinit$$00000025)
    __rt_lib_init_user_alloc_1               0x080001c7   Thumb Code     0  libinit2.o(.ARM.Collect$$libinit$$0000000C)
    __rt_lib_shutdown                        0x080001c9   Thumb Code     0  libshutdown.o(.ARM.Collect$$libshutdown$$00000000)
    __rt_lib_shutdown_fp_trap_1              0x080001cb   Thumb Code     0  libshutdown2.o(.ARM.Collect$$libshutdown$$00000006)
    __rt_lib_shutdown_heap_1                 0x080001cb   Thumb Code     0  libshutdown2.o(.ARM.Collect$$libshutdown$$0000000E)
    __rt_lib_shutdown_return                 0x080001cb   Thumb Code     0  libshutdown2.o(.ARM.Collect$$libshutdown$$0000000F)
    __rt_lib_shutdown_signal_1               0x080001cb   Thumb Code     0  libshutdown2.o(.ARM.Collect$$libshutdown$$00000009)
    __rt_lib_shutdown_stdio_1                0x080001cb   Thumb Code     0  libshutdown2.o(.ARM.Collect$$libshutdown$$00000003)
    __rt_lib_shutdown_user_alloc_1           0x080001cb   Thumb Code     0  libshutdown2.o(.ARM.Collect$$libshutdown$$0000000B)
    __rt_entry                               0x080001cd   Thumb Code     0  __rtentry.o(.ARM.Collect$$rtentry$$00000000)
    __rt_entry_presh_1                       0x080001cd   Thumb Code     0  __rtentry2.o(.ARM.Collect$$rtentry$$00000002)
    __rt_entry_sh                            0x080001cd   Thumb Code     0  __rtentry4.o(.ARM.Collect$$rtentry$$00000004)
    __rt_entry_li                            0x080001d3   Thumb Code     0  __rtentry2.o(.ARM.Collect$$rtentry$$0000000A)
    __rt_entry_postsh_1                      0x080001d3   Thumb Code     0  __rtentry2.o(.ARM.Collect$$rtentry$$00000009)
    __rt_entry_main                          0x080001d7   Thumb Code     0  __rtentry2.o(.ARM.Collect$$rtentry$$0000000D)
    __rt_entry_postli_1                      0x080001d7   Thumb Code     0  __rtentry2.o(.ARM.Collect$$rtentry$$0000000C)
    __rt_exit                                0x080001df   Thumb Code     0  rtexit.o(.ARM.Collect$$rtexit$$00000000)
    __rt_exit_ls                             0x080001e1   Thumb Code     0  rtexit2.o(.ARM.Collect$$rtexit$$00000003)
    __rt_exit_prels_1                        0x080001e1   Thumb Code     0  rtexit2.o(.ARM.Collect$$rtexit$$00000002)
    __rt_exit_exit                           0x080001e5   Thumb Code     0  rtexit2.o(.ARM.Collect$$rtexit$$00000004)
    ADC_DeInit                               0x080001ed   Thumb Code    90  stm32f10x_adc.o(.text)
    ADC_Init                                 0x08000247   Thumb Code    70  stm32f10x_adc.o(.text)
    ADC_StructInit                           0x0800028d   Thumb Code    18  stm32f10x_adc.o(.text)
    ADC_Cmd                                  0x0800029f   Thumb Code    22  stm32f10x_adc.o(.text)
    ADC_DMACmd                               0x080002b5   Thumb Code    22  stm32f10x_adc.o(.text)
    ADC_ITConfig                             0x080002cb   Thumb Code    24  stm32f10x_adc.o(.text)
    ADC_ResetCalibration                     0x080002e3   Thumb Code    10  stm32f10x_adc.o(.text)
    ADC_GetResetCalibrationStatus            0x080002ed   Thumb Code    20  stm32f10x_adc.o(.text)
    ADC_StartCalibration                     0x08000301   Thumb Code    10  stm32f10x_adc.o(.text)
    ADC_GetCalibrationStatus                 0x0800030b   Thumb Code    20  stm32f10x_adc.o(.text)
    ADC_SoftwareStartConvCmd                 0x0800031f   Thumb Code    22  stm32f10x_adc.o(.text)
    ADC_GetSoftwareStartConvStatus           0x08000335   Thumb Code    20  stm32f10x_adc.o(.text)
    ADC_DiscModeChannelCountConfig           0x08000349   Thumb Code    24  stm32f10x_adc.o(.text)
    ADC_DiscModeCmd                          0x08000361   Thumb Code    22  stm32f10x_adc.o(.text)
    ADC_RegularChannelConfig                 0x08000377   Thumb Code   184  stm32f10x_adc.o(.text)
    ADC_ExternalTrigConvCmd                  0x0800042f   Thumb Code    22  stm32f10x_adc.o(.text)
    ADC_GetConversionValue                   0x08000445   Thumb Code     8  stm32f10x_adc.o(.text)
    ADC_GetDualModeConversionValue           0x0800044d   Thumb Code     6  stm32f10x_adc.o(.text)
    ADC_AutoInjectedConvCmd                  0x08000453   Thumb Code    22  stm32f10x_adc.o(.text)
    ADC_InjectedDiscModeCmd                  0x08000469   Thumb Code    22  stm32f10x_adc.o(.text)
    ADC_ExternalTrigInjectedConvConfig       0x0800047f   Thumb Code    16  stm32f10x_adc.o(.text)
    ADC_ExternalTrigInjectedConvCmd          0x0800048f   Thumb Code    22  stm32f10x_adc.o(.text)
    ADC_SoftwareStartInjectedConvCmd         0x080004a5   Thumb Code    22  stm32f10x_adc.o(.text)
    ADC_GetSoftwareStartInjectedConvCmdStatus 0x080004bb   Thumb Code    20  stm32f10x_adc.o(.text)
    ADC_InjectedChannelConfig                0x080004cf   Thumb Code   130  stm32f10x_adc.o(.text)
    ADC_InjectedSequencerLengthConfig        0x08000551   Thumb Code    24  stm32f10x_adc.o(.text)
    ADC_SetInjectedOffset                    0x08000569   Thumb Code     4  stm32f10x_adc.o(.text)
    ADC_GetInjectedConversionValue           0x0800056d   Thumb Code    10  stm32f10x_adc.o(.text)
    ADC_AnalogWatchdogCmd                    0x08000577   Thumb Code    16  stm32f10x_adc.o(.text)
    ADC_AnalogWatchdogThresholdsConfig       0x08000587   Thumb Code     6  stm32f10x_adc.o(.text)
    ADC_AnalogWatchdogSingleChannelConfig    0x0800058d   Thumb Code    16  stm32f10x_adc.o(.text)
    ADC_TempSensorVrefintCmd                 0x0800059d   Thumb Code    38  stm32f10x_adc.o(.text)
    ADC_GetFlagStatus                        0x080005c3   Thumb Code    38  stm32f10x_adc.o(.text)
    ADC_ClearFlag                            0x080005e9   Thumb Code     6  stm32f10x_adc.o(.text)
    ADC_GetITStatus                          0x080005ef   Thumb Code    36  stm32f10x_adc.o(.text)
    ADC_ClearITPendingBit                    0x08000613   Thumb Code    10  stm32f10x_adc.o(.text)
    DMA_DeInit                               0x0800061d   Thumb Code   306  stm32f10x_dma.o(.text)
    DMA_Init                                 0x0800074f   Thumb Code    60  stm32f10x_dma.o(.text)
    DMA_StructInit                           0x0800078b   Thumb Code    26  stm32f10x_dma.o(.text)
    DMA_Cmd                                  0x080007a5   Thumb Code    22  stm32f10x_dma.o(.text)
    DMA_ITConfig                             0x080007bb   Thumb Code    18  stm32f10x_dma.o(.text)
    DMA_GetCurrDataCounter                   0x080007cd   Thumb Code     8  stm32f10x_dma.o(.text)
    DMA_GetFlagStatus                        0x080007d5   Thumb Code    40  stm32f10x_dma.o(.text)
    DMA_ClearFlag                            0x080007fd   Thumb Code    20  stm32f10x_dma.o(.text)
    DMA_GetITStatus                          0x08000811   Thumb Code    40  stm32f10x_dma.o(.text)
    DMA_ClearITPendingBit                    0x08000839   Thumb Code    20  stm32f10x_dma.o(.text)
    FLASH_SetLatency                         0x0800085d   Thumb Code    22  stm32f10x_flash.o(.text)
    FLASH_HalfCycleAccessCmd                 0x08000873   Thumb Code    22  stm32f10x_flash.o(.text)
    FLASH_PrefetchBufferCmd                  0x08000889   Thumb Code    22  stm32f10x_flash.o(.text)
    GPIO_DeInit                              0x080008a5   Thumb Code   188  stm32f10x_gpio.o(.text)
    GPIO_AFIODeInit                          0x08000961   Thumb Code    20  stm32f10x_gpio.o(.text)
    GPIO_Init                                0x08000975   Thumb Code   278  stm32f10x_gpio.o(.text)
    GPIO_StructInit                          0x08000a8b   Thumb Code    16  stm32f10x_gpio.o(.text)
    GPIO_ReadInputDataBit                    0x08000a9b   Thumb Code    18  stm32f10x_gpio.o(.text)
    GPIO_ReadInputData                       0x08000aad   Thumb Code     8  stm32f10x_gpio.o(.text)
    GPIO_ReadOutputDataBit                   0x08000ab5   Thumb Code    18  stm32f10x_gpio.o(.text)
    GPIO_ReadOutputData                      0x08000ac7   Thumb Code     8  stm32f10x_gpio.o(.text)
    GPIO_SetBits                             0x08000acf   Thumb Code     4  stm32f10x_gpio.o(.text)
    GPIO_ResetBits                           0x08000ad3   Thumb Code     4  stm32f10x_gpio.o(.text)
    GPIO_WriteBit                            0x08000ad7   Thumb Code    10  stm32f10x_gpio.o(.text)
    GPIO_Write                               0x08000ae1   Thumb Code     4  stm32f10x_gpio.o(.text)
    GPIO_PinLockConfig                       0x08000ae5   Thumb Code    18  stm32f10x_gpio.o(.text)
    GPIO_EventOutputConfig                   0x08000af7   Thumb Code    26  stm32f10x_gpio.o(.text)
    GPIO_EventOutputCmd                      0x08000b11   Thumb Code     6  stm32f10x_gpio.o(.text)
    GPIO_PinRemapConfig                      0x08000b17   Thumb Code   106  stm32f10x_gpio.o(.text)
    GPIO_EXTILineConfig                      0x08000b81   Thumb Code    66  stm32f10x_gpio.o(.text)
    NVIC_DeInit                              0x08000bd5   Thumb Code    54  stm32f10x_nvic.o(.text)
    NVIC_SCBDeInit                           0x08000c0b   Thumb Code    76  stm32f10x_nvic.o(.text)
    NVIC_PriorityGroupConfig                 0x08000c57   Thumb Code    12  stm32f10x_nvic.o(.text)
    NVIC_Init                                0x08000c63   Thumb Code   152  stm32f10x_nvic.o(.text)
    NVIC_StructInit                          0x08000cfb   Thumb Code    12  stm32f10x_nvic.o(.text)
    NVIC_SETPRIMASK                          0x08000d07   Thumb Code     8  stm32f10x_nvic.o(.text)
    NVIC_RESETPRIMASK                        0x08000d0f   Thumb Code     8  stm32f10x_nvic.o(.text)
    NVIC_SETFAULTMASK                        0x08000d17   Thumb Code     8  stm32f10x_nvic.o(.text)
    NVIC_RESETFAULTMASK                      0x08000d1f   Thumb Code     8  stm32f10x_nvic.o(.text)
    NVIC_BASEPRICONFIG                       0x08000d27   Thumb Code    12  stm32f10x_nvic.o(.text)
    NVIC_GetBASEPRI                          0x08000d33   Thumb Code     8  stm32f10x_nvic.o(.text)
    NVIC_GetCurrentPendingIRQChannel         0x08000d3b   Thumb Code    10  stm32f10x_nvic.o(.text)
    NVIC_GetIRQChannelPendingBitStatus       0x08000d45   Thumb Code    42  stm32f10x_nvic.o(.text)
    NVIC_SetIRQChannelPendingBit             0x08000d6f   Thumb Code     6  stm32f10x_nvic.o(.text)
    NVIC_ClearIRQChannelPendingBit           0x08000d75   Thumb Code    20  stm32f10x_nvic.o(.text)
    NVIC_GetCurrentActiveHandler             0x08000d89   Thumb Code    10  stm32f10x_nvic.o(.text)
    NVIC_GetIRQChannelActiveBitStatus        0x08000d93   Thumb Code    42  stm32f10x_nvic.o(.text)
    NVIC_GetCPUID                            0x08000dbd   Thumb Code     8  stm32f10x_nvic.o(.text)
    NVIC_SetVectorTable                      0x08000dc5   Thumb Code    14  stm32f10x_nvic.o(.text)
    NVIC_GenerateSystemReset                 0x08000dd3   Thumb Code    12  stm32f10x_nvic.o(.text)
    NVIC_GenerateCoreReset                   0x08000ddf   Thumb Code    12  stm32f10x_nvic.o(.text)
    NVIC_SystemLPConfig                      0x08000deb   Thumb Code    34  stm32f10x_nvic.o(.text)
    NVIC_SystemHandlerConfig                 0x08000e0d   Thumb Code    48  stm32f10x_nvic.o(.text)
    NVIC_SystemHandlerPriorityConfig         0x08000e3d   Thumb Code   110  stm32f10x_nvic.o(.text)
    NVIC_GetSystemHandlerPendingBitStatus    0x08000eab   Thumb Code    44  stm32f10x_nvic.o(.text)
    NVIC_SetSystemHandlerPendingBit          0x08000ed7   Thumb Code    22  stm32f10x_nvic.o(.text)
    NVIC_ClearSystemHandlerPendingBit        0x08000eed   Thumb Code    26  stm32f10x_nvic.o(.text)
    NVIC_GetSystemHandlerActiveBitStatus     0x08000f07   Thumb Code    42  stm32f10x_nvic.o(.text)
    NVIC_GetFaultHandlerSources              0x08000f31   Thumb Code    66  stm32f10x_nvic.o(.text)
    NVIC_GetFaultAddress                     0x08000f73   Thumb Code    28  stm32f10x_nvic.o(.text)
    RCC_DeInit                               0x08000fad   Thumb Code    62  stm32f10x_rcc.o(.text)
    RCC_HSEConfig                            0x08000feb   Thumb Code    70  stm32f10x_rcc.o(.text)
    RCC_GetFlagStatus                        0x08001031   Thumb Code    56  stm32f10x_rcc.o(.text)
    RCC_WaitForHSEStartUp                    0x08001069   Thumb Code    62  stm32f10x_rcc.o(.text)
    RCC_AdjustHSICalibrationValue            0x080010a7   Thumb Code    20  stm32f10x_rcc.o(.text)
    RCC_HSICmd                               0x080010bb   Thumb Code     6  stm32f10x_rcc.o(.text)
    RCC_PLLConfig                            0x080010c1   Thumb Code    24  stm32f10x_rcc.o(.text)
    RCC_PLLCmd                               0x080010d9   Thumb Code     6  stm32f10x_rcc.o(.text)
    RCC_SYSCLKConfig                         0x080010df   Thumb Code    18  stm32f10x_rcc.o(.text)
    RCC_GetSYSCLKSource                      0x080010f1   Thumb Code    10  stm32f10x_rcc.o(.text)
    RCC_HCLKConfig                           0x080010fb   Thumb Code    18  stm32f10x_rcc.o(.text)
    RCC_PCLK1Config                          0x0800110d   Thumb Code    18  stm32f10x_rcc.o(.text)
    RCC_PCLK2Config                          0x0800111f   Thumb Code    20  stm32f10x_rcc.o(.text)
    RCC_ITConfig                             0x08001133   Thumb Code    26  stm32f10x_rcc.o(.text)
    RCC_USBCLKConfig                         0x0800114d   Thumb Code     8  stm32f10x_rcc.o(.text)
    RCC_ADCCLKConfig                         0x08001155   Thumb Code    18  stm32f10x_rcc.o(.text)
    RCC_LSEConfig                            0x08001167   Thumb Code    50  stm32f10x_rcc.o(.text)
    RCC_LSICmd                               0x08001199   Thumb Code     6  stm32f10x_rcc.o(.text)
    RCC_RTCCLKConfig                         0x0800119f   Thumb Code    12  stm32f10x_rcc.o(.text)
    RCC_RTCCLKCmd                            0x080011ab   Thumb Code     8  stm32f10x_rcc.o(.text)
    RCC_GetClocksFreq                        0x080011b3   Thumb Code   192  stm32f10x_rcc.o(.text)
    RCC_AHBPeriphClockCmd                    0x08001273   Thumb Code    26  stm32f10x_rcc.o(.text)
    RCC_APB2PeriphClockCmd                   0x0800128d   Thumb Code    26  stm32f10x_rcc.o(.text)
    RCC_APB1PeriphClockCmd                   0x080012a7   Thumb Code    26  stm32f10x_rcc.o(.text)
    RCC_APB2PeriphResetCmd                   0x080012c1   Thumb Code    26  stm32f10x_rcc.o(.text)
    RCC_APB1PeriphResetCmd                   0x080012db   Thumb Code    26  stm32f10x_rcc.o(.text)
    RCC_BackupResetCmd                       0x080012f5   Thumb Code     8  stm32f10x_rcc.o(.text)
    RCC_ClockSecuritySystemCmd               0x080012fd   Thumb Code     6  stm32f10x_rcc.o(.text)
    RCC_MCOConfig                            0x08001303   Thumb Code     6  stm32f10x_rcc.o(.text)
    RCC_ClearFlag                            0x08001309   Thumb Code    14  stm32f10x_rcc.o(.text)
    RCC_GetITStatus                          0x08001317   Thumb Code    20  stm32f10x_rcc.o(.text)
    RCC_ClearITPendingBit                    0x0800132b   Thumb Code     6  stm32f10x_rcc.o(.text)
    TIM_DeInit                               0x0800135d   Thumb Code   214  stm32f10x_tim.o(.text)
    TIM_TimeBaseInit                         0x08001433   Thumb Code    50  stm32f10x_tim.o(.text)
    TIM_OC1Init                              0x08001465   Thumb Code   110  stm32f10x_tim.o(.text)
    TIM_OC2Init                              0x080014d3   Thumb Code   148  stm32f10x_tim.o(.text)
    TIM_OC3Init                              0x08001567   Thumb Code   144  stm32f10x_tim.o(.text)
    TIM_OC4Init                              0x080015f7   Thumb Code   106  stm32f10x_tim.o(.text)
    TIM_SetIC4Prescaler                      0x08001661   Thumb Code    26  stm32f10x_tim.o(.text)
    TIM_SetIC3Prescaler                      0x080016cd   Thumb Code    18  stm32f10x_tim.o(.text)
    TIM_SetIC2Prescaler                      0x08001727   Thumb Code    42  stm32f10x_tim.o(.text)
    TIM_SetIC1Prescaler                      0x080017a1   Thumb Code    18  stm32f10x_tim.o(.text)
    TIM_ICInit                               0x080017eb   Thumb Code   110  stm32f10x_tim.o(.text)
    TIM_PWMIConfig                           0x08001859   Thumb Code   124  stm32f10x_tim.o(.text)
    TIM_BDTRConfig                           0x080018d5   Thumb Code    32  stm32f10x_tim.o(.text)
    TIM_TimeBaseStructInit                   0x080018f5   Thumb Code    18  stm32f10x_tim.o(.text)
    TIM_OCStructInit                         0x08001907   Thumb Code    20  stm32f10x_tim.o(.text)
    TIM_ICStructInit                         0x0800191b   Thumb Code    18  stm32f10x_tim.o(.text)
    TIM_BDTRStructInit                       0x0800192d   Thumb Code    18  stm32f10x_tim.o(.text)
    TIM_Cmd                                  0x0800193f   Thumb Code    24  stm32f10x_tim.o(.text)
    TIM_CtrlPWMOutputs                       0x08001957   Thumb Code    30  stm32f10x_tim.o(.text)
    TIM_ITConfig                             0x08001975   Thumb Code    18  stm32f10x_tim.o(.text)
    TIM_GenerateEvent                        0x08001987   Thumb Code     4  stm32f10x_tim.o(.text)
    TIM_DMAConfig                            0x0800198b   Thumb Code    10  stm32f10x_tim.o(.text)
    TIM_DMACmd                               0x08001995   Thumb Code    18  stm32f10x_tim.o(.text)
    TIM_InternalClockConfig                  0x080019a7   Thumb Code    12  stm32f10x_tim.o(.text)
    TIM_SelectInputTrigger                   0x080019b3   Thumb Code    18  stm32f10x_tim.o(.text)
    TIM_ITRxExternalClockConfig              0x080019c5   Thumb Code    24  stm32f10x_tim.o(.text)
    TIM_TIxExternalClockConfig               0x080019dd   Thumb Code    62  stm32f10x_tim.o(.text)
    TIM_ETRConfig                            0x08001a1b   Thumb Code    30  stm32f10x_tim.o(.text)
    TIM_ETRClockMode1Config                  0x08001a39   Thumb Code    54  stm32f10x_tim.o(.text)
    TIM_ETRClockMode2Config                  0x08001a6f   Thumb Code    32  stm32f10x_tim.o(.text)
    TIM_PrescalerConfig                      0x08001a8f   Thumb Code     6  stm32f10x_tim.o(.text)
    TIM_CounterModeConfig                    0x08001a95   Thumb Code    18  stm32f10x_tim.o(.text)
    TIM_EncoderInterfaceConfig               0x08001aa7   Thumb Code    66  stm32f10x_tim.o(.text)
    TIM_ForcedOC1Config                      0x08001ae9   Thumb Code    18  stm32f10x_tim.o(.text)
    TIM_ForcedOC2Config                      0x08001afb   Thumb Code    26  stm32f10x_tim.o(.text)
    TIM_ForcedOC3Config                      0x08001b15   Thumb Code    18  stm32f10x_tim.o(.text)
    TIM_ForcedOC4Config                      0x08001b27   Thumb Code    26  stm32f10x_tim.o(.text)
    TIM_ARRPreloadConfig                     0x08001b41   Thumb Code    24  stm32f10x_tim.o(.text)
    TIM_SelectCOM                            0x08001b59   Thumb Code    24  stm32f10x_tim.o(.text)
    TIM_SelectCCDMA                          0x08001b71   Thumb Code    24  stm32f10x_tim.o(.text)
    TIM_CCPreloadControl                     0x08001b89   Thumb Code    24  stm32f10x_tim.o(.text)
    TIM_OC1PreloadConfig                     0x08001ba1   Thumb Code    18  stm32f10x_tim.o(.text)
    TIM_OC2PreloadConfig                     0x08001bb3   Thumb Code    26  stm32f10x_tim.o(.text)
    TIM_OC3PreloadConfig                     0x08001bcd   Thumb Code    18  stm32f10x_tim.o(.text)
    TIM_OC4PreloadConfig                     0x08001bdf   Thumb Code    26  stm32f10x_tim.o(.text)
    TIM_OC1FastConfig                        0x08001bf9   Thumb Code    18  stm32f10x_tim.o(.text)
    TIM_OC2FastConfig                        0x08001c0b   Thumb Code    26  stm32f10x_tim.o(.text)
    TIM_OC3FastConfig                        0x08001c25   Thumb Code    18  stm32f10x_tim.o(.text)
    TIM_OC4FastConfig                        0x08001c37   Thumb Code    26  stm32f10x_tim.o(.text)
    TIM_ClearOC1Ref                          0x08001c51   Thumb Code    18  stm32f10x_tim.o(.text)
    TIM_ClearOC2Ref                          0x08001c63   Thumb Code    24  stm32f10x_tim.o(.text)
    TIM_ClearOC3Ref                          0x08001c7b   Thumb Code    18  stm32f10x_tim.o(.text)
    TIM_ClearOC4Ref                          0x08001c8d   Thumb Code    24  stm32f10x_tim.o(.text)
    TIM_OC1PolarityConfig                    0x08001ca5   Thumb Code    18  stm32f10x_tim.o(.text)
    TIM_OC1NPolarityConfig                   0x08001cb7   Thumb Code    18  stm32f10x_tim.o(.text)
    TIM_OC2PolarityConfig                    0x08001cc9   Thumb Code    26  stm32f10x_tim.o(.text)
    TIM_OC2NPolarityConfig                   0x08001ce3   Thumb Code    26  stm32f10x_tim.o(.text)
    TIM_OC3PolarityConfig                    0x08001cfd   Thumb Code    26  stm32f10x_tim.o(.text)
    TIM_OC3NPolarityConfig                   0x08001d17   Thumb Code    26  stm32f10x_tim.o(.text)
    TIM_OC4PolarityConfig                    0x08001d31   Thumb Code    26  stm32f10x_tim.o(.text)
    TIM_CCxCmd                               0x08001d4b   Thumb Code    26  stm32f10x_tim.o(.text)
    TIM_CCxNCmd                              0x08001d65   Thumb Code    26  stm32f10x_tim.o(.text)
    TIM_SelectOCxM                           0x08001d7f   Thumb Code   108  stm32f10x_tim.o(.text)
    TIM_UpdateDisableConfig                  0x08001deb   Thumb Code    24  stm32f10x_tim.o(.text)
    TIM_UpdateRequestConfig                  0x08001e03   Thumb Code    24  stm32f10x_tim.o(.text)
    TIM_SelectHallSensor                     0x08001e1b   Thumb Code    24  stm32f10x_tim.o(.text)
    TIM_SelectOnePulseMode                   0x08001e33   Thumb Code    18  stm32f10x_tim.o(.text)
    TIM_SelectOutputTrigger                  0x08001e45   Thumb Code    18  stm32f10x_tim.o(.text)
    TIM_SelectSlaveMode                      0x08001e57   Thumb Code    18  stm32f10x_tim.o(.text)
    TIM_SelectMasterSlaveMode                0x08001e69   Thumb Code    18  stm32f10x_tim.o(.text)
    TIM_SetCounter                           0x08001e7b   Thumb Code     4  stm32f10x_tim.o(.text)
    TIM_SetAutoreload                        0x08001e7f   Thumb Code     4  stm32f10x_tim.o(.text)
    TIM_SetCompare1                          0x08001e83   Thumb Code     4  stm32f10x_tim.o(.text)
    TIM_SetCompare2                          0x08001e87   Thumb Code     4  stm32f10x_tim.o(.text)
    TIM_SetCompare3                          0x08001e8b   Thumb Code     4  stm32f10x_tim.o(.text)
    TIM_SetCompare4                          0x08001e8f   Thumb Code     6  stm32f10x_tim.o(.text)
    TIM_SetClockDivision                     0x08001e95   Thumb Code    14  stm32f10x_tim.o(.text)
    TIM_GetCapture1                          0x08001ea3   Thumb Code     6  stm32f10x_tim.o(.text)
    TIM_GetCapture2                          0x08001ea9   Thumb Code     6  stm32f10x_tim.o(.text)
    TIM_GetCapture3                          0x08001eaf   Thumb Code     6  stm32f10x_tim.o(.text)
    TIM_GetCapture4                          0x08001eb5   Thumb Code     8  stm32f10x_tim.o(.text)
    TIM_GetCounter                           0x08001ebd   Thumb Code     6  stm32f10x_tim.o(.text)
    TIM_GetPrescaler                         0x08001ec3   Thumb Code     6  stm32f10x_tim.o(.text)
    TIM_GetFlagStatus                        0x08001ec9   Thumb Code    18  stm32f10x_tim.o(.text)
    TIM_ClearFlag                            0x08001edb   Thumb Code     6  stm32f10x_tim.o(.text)
    TIM_GetITStatus                          0x08001ee1   Thumb Code    34  stm32f10x_tim.o(.text)
    TIM_ClearITPendingBit                    0x08001f03   Thumb Code     6  stm32f10x_tim.o(.text)
    USART_DeInit                             0x08001f09   Thumb Code   146  stm32f10x_usart.o(.text)
    USART_Init                               0x08001f9b   Thumb Code   150  stm32f10x_usart.o(.text)
    USART_StructInit                         0x08002031   Thumb Code    24  stm32f10x_usart.o(.text)
    USART_ClockInit                          0x08002049   Thumb Code    34  stm32f10x_usart.o(.text)
    USART_ClockStructInit                    0x0800206b   Thumb Code    12  stm32f10x_usart.o(.text)
    USART_Cmd                                0x08002077   Thumb Code    24  stm32f10x_usart.o(.text)
    USART_ITConfig                           0x0800208f   Thumb Code    64  stm32f10x_usart.o(.text)
    USART_DMACmd                             0x080020cf   Thumb Code    18  stm32f10x_usart.o(.text)
    USART_SetAddress                         0x080020e1   Thumb Code    18  stm32f10x_usart.o(.text)
    USART_WakeUpConfig                       0x080020f3   Thumb Code    18  stm32f10x_usart.o(.text)
    USART_ReceiverWakeUpCmd                  0x08002105   Thumb Code    24  stm32f10x_usart.o(.text)
    USART_LINBreakDetectLengthConfig         0x0800211d   Thumb Code    18  stm32f10x_usart.o(.text)
    USART_LINCmd                             0x0800212f   Thumb Code    24  stm32f10x_usart.o(.text)
    USART_SendData                           0x08002147   Thumb Code     8  stm32f10x_usart.o(.text)
    USART_ReceiveData                        0x0800214f   Thumb Code    10  stm32f10x_usart.o(.text)
    USART_SendBreak                          0x08002159   Thumb Code    10  stm32f10x_usart.o(.text)
    USART_SetGuardTime                       0x08002163   Thumb Code    16  stm32f10x_usart.o(.text)
    USART_SetPrescaler                       0x08002173   Thumb Code    16  stm32f10x_usart.o(.text)
    USART_SmartCardCmd                       0x08002183   Thumb Code    24  stm32f10x_usart.o(.text)
    USART_SmartCardNACKCmd                   0x0800219b   Thumb Code    24  stm32f10x_usart.o(.text)
    USART_HalfDuplexCmd                      0x080021b3   Thumb Code    24  stm32f10x_usart.o(.text)
    USART_IrDAConfig                         0x080021cb   Thumb Code    18  stm32f10x_usart.o(.text)
    USART_IrDACmd                            0x080021dd   Thumb Code    24  stm32f10x_usart.o(.text)
    USART_GetFlagStatus                      0x080021f5   Thumb Code    18  stm32f10x_usart.o(.text)
    USART_ClearFlag                          0x08002207   Thumb Code     6  stm32f10x_usart.o(.text)
    USART_GetITStatus                        0x0800220d   Thumb Code    76  stm32f10x_usart.o(.text)
    USART_ClearITPendingBit                  0x08002259   Thumb Code    20  stm32f10x_usart.o(.text)
    __WFI                                    0x08002279   Thumb Code     0  cortexm3_macro.o(.text)
    __WFE                                    0x0800227d   Thumb Code     0  cortexm3_macro.o(.text)
    __SEV                                    0x08002281   Thumb Code     0  cortexm3_macro.o(.text)
    __ISB                                    0x08002285   Thumb Code     0  cortexm3_macro.o(.text)
    __DSB                                    0x0800228b   Thumb Code     0  cortexm3_macro.o(.text)
    __DMB                                    0x08002291   Thumb Code     0  cortexm3_macro.o(.text)
    __SVC                                    0x08002297   Thumb Code     0  cortexm3_macro.o(.text)
    __MRS_CONTROL                            0x0800229b   Thumb Code     0  cortexm3_macro.o(.text)
    __MSR_CONTROL                            0x080022a1   Thumb Code     0  cortexm3_macro.o(.text)
    __MRS_PSP                                0x080022ab   Thumb Code     0  cortexm3_macro.o(.text)
    __MSR_PSP                                0x080022b1   Thumb Code     0  cortexm3_macro.o(.text)
    __MRS_MSP                                0x080022b7   Thumb Code     0  cortexm3_macro.o(.text)
    __MSR_MSP                                0x080022bd   Thumb Code     0  cortexm3_macro.o(.text)
    __RESETPRIMASK                           0x080022c3   Thumb Code     0  cortexm3_macro.o(.text)
    __SETPRIMASK                             0x080022c7   Thumb Code     0  cortexm3_macro.o(.text)
    __READ_PRIMASK                           0x080022cb   Thumb Code     0  cortexm3_macro.o(.text)
    __SETFAULTMASK                           0x080022d1   Thumb Code     0  cortexm3_macro.o(.text)
    __RESETFAULTMASK                         0x080022d5   Thumb Code     0  cortexm3_macro.o(.text)
    __READ_FAULTMASK                         0x080022d9   Thumb Code     0  cortexm3_macro.o(.text)
    __BASEPRICONFIG                          0x080022df   Thumb Code     0  cortexm3_macro.o(.text)
    __GetBASEPRI                             0x080022e5   Thumb Code     0  cortexm3_macro.o(.text)
    __REV_HalfWord                           0x080022eb   Thumb Code     0  cortexm3_macro.o(.text)
    __REV_Word                               0x080022ef   Thumb Code     0  cortexm3_macro.o(.text)
    USART1_IRQHandler                        0x080022f5   Thumb Code    32  stm32f10x_it.o(.text)
    NMIException                             0x08002315   Thumb Code     2  stm32f10x_it.o(.text)
    HardFaultException                       0x08002317   Thumb Code     4  stm32f10x_it.o(.text)
    MemManageException                       0x0800231b   Thumb Code     4  stm32f10x_it.o(.text)
    BusFaultException                        0x0800231f   Thumb Code     4  stm32f10x_it.o(.text)
    UsageFaultException                      0x08002323   Thumb Code     4  stm32f10x_it.o(.text)
    DebugMonitor                             0x08002327   Thumb Code     2  stm32f10x_it.o(.text)
    SVCHandler                               0x08002329   Thumb Code     2  stm32f10x_it.o(.text)
    PendSVC                                  0x0800232b   Thumb Code     2  stm32f10x_it.o(.text)
    SysTickHandler                           0x0800232d   Thumb Code     2  stm32f10x_it.o(.text)
    WWDG_IRQHandler                          0x0800232f   Thumb Code     2  stm32f10x_it.o(.text)
    PVD_IRQHandler                           0x08002331   Thumb Code     2  stm32f10x_it.o(.text)
    TAMPER_IRQHandler                        0x08002333   Thumb Code     2  stm32f10x_it.o(.text)
    RTC_IRQHandler                           0x08002335   Thumb Code     2  stm32f10x_it.o(.text)
    FLASH_IRQHandler                         0x08002337   Thumb Code     2  stm32f10x_it.o(.text)
    RCC_IRQHandler                           0x08002339   Thumb Code     2  stm32f10x_it.o(.text)
    EXTI0_IRQHandler                         0x0800233b   Thumb Code     2  stm32f10x_it.o(.text)
    EXTI1_IRQHandler                         0x0800233d   Thumb Code     2  stm32f10x_it.o(.text)
    EXTI2_IRQHandler                         0x0800233f   Thumb Code     2  stm32f10x_it.o(.text)
    EXTI3_IRQHandler                         0x08002341   Thumb Code     2  stm32f10x_it.o(.text)
    EXTI4_IRQHandler                         0x08002343   Thumb Code     2  stm32f10x_it.o(.text)
    DMA1_Channel1_IRQHandler                 0x08002345   Thumb Code     2  stm32f10x_it.o(.text)
    DMA1_Channel2_IRQHandler                 0x08002347   Thumb Code     2  stm32f10x_it.o(.text)
    DMA1_Channel3_IRQHandler                 0x08002349   Thumb Code     2  stm32f10x_it.o(.text)
    DMA1_Channel4_IRQHandler                 0x0800234b   Thumb Code     2  stm32f10x_it.o(.text)
    DMA1_Channel5_IRQHandler                 0x0800234d   Thumb Code     2  stm32f10x_it.o(.text)
    DMA1_Channel6_IRQHandler                 0x0800234f   Thumb Code     2  stm32f10x_it.o(.text)
    DMA1_Channel7_IRQHandler                 0x08002351   Thumb Code     2  stm32f10x_it.o(.text)
    ADC1_2_IRQHandler                        0x08002353   Thumb Code     2  stm32f10x_it.o(.text)
    USB_HP_CAN_TX_IRQHandler                 0x08002355   Thumb Code     2  stm32f10x_it.o(.text)
    USB_LP_CAN_RX0_IRQHandler                0x08002357   Thumb Code     2  stm32f10x_it.o(.text)
    CAN_RX1_IRQHandler                       0x08002359   Thumb Code     2  stm32f10x_it.o(.text)
    CAN_SCE_IRQHandler                       0x0800235b   Thumb Code     2  stm32f10x_it.o(.text)
    EXTI9_5_IRQHandler                       0x0800235d   Thumb Code     2  stm32f10x_it.o(.text)
    TIM1_BRK_IRQHandler                      0x0800235f   Thumb Code     2  stm32f10x_it.o(.text)
    TIM1_UP_IRQHandler                       0x08002361   Thumb Code    26  stm32f10x_it.o(.text)
    TIM1_TRG_COM_IRQHandler                  0x0800237b   Thumb Code     2  stm32f10x_it.o(.text)
    TIM1_CC_IRQHandler                       0x0800237d   Thumb Code     2  stm32f10x_it.o(.text)
    TIM2_IRQHandler                          0x0800237f   Thumb Code     2  stm32f10x_it.o(.text)
    TIM3_IRQHandler                          0x08002381   Thumb Code     2  stm32f10x_it.o(.text)
    TIM4_IRQHandler                          0x08002383   Thumb Code     2  stm32f10x_it.o(.text)
    I2C1_EV_IRQHandler                       0x08002385   Thumb Code     2  stm32f10x_it.o(.text)
    I2C1_ER_IRQHandler                       0x08002387   Thumb Code     2  stm32f10x_it.o(.text)
    I2C2_EV_IRQHandler                       0x08002389   Thumb Code     2  stm32f10x_it.o(.text)
    I2C2_ER_IRQHandler                       0x0800238b   Thumb Code     2  stm32f10x_it.o(.text)
    SPI1_IRQHandler                          0x0800238d   Thumb Code     2  stm32f10x_it.o(.text)
    SPI2_IRQHandler                          0x0800238f   Thumb Code     2  stm32f10x_it.o(.text)
    USART2_IRQHandler                        0x08002391   Thumb Code     2  stm32f10x_it.o(.text)
    USART3_IRQHandler                        0x08002393   Thumb Code     2  stm32f10x_it.o(.text)
    EXTI15_10_IRQHandler                     0x08002395   Thumb Code     2  stm32f10x_it.o(.text)
    RTCAlarm_IRQHandler                      0x08002397   Thumb Code     2  stm32f10x_it.o(.text)
    USBWakeUp_IRQHandler                     0x08002399   Thumb Code     2  stm32f10x_it.o(.text)
    TIM8_BRK_IRQHandler                      0x0800239b   Thumb Code     2  stm32f10x_it.o(.text)
    TIM8_UP_IRQHandler                       0x0800239d   Thumb Code    26  stm32f10x_it.o(.text)
    TIM8_TRG_COM_IRQHandler                  0x080023b7   Thumb Code     2  stm32f10x_it.o(.text)
    TIM8_CC_IRQHandler                       0x080023b9   Thumb Code     2  stm32f10x_it.o(.text)
    ADC3_IRQHandler                          0x080023bb   Thumb Code     2  stm32f10x_it.o(.text)
    FSMC_IRQHandler                          0x080023bd   Thumb Code     2  stm32f10x_it.o(.text)
    SDIO_IRQHandler                          0x080023bf   Thumb Code     2  stm32f10x_it.o(.text)
    TIM5_IRQHandler                          0x080023c1   Thumb Code     2  stm32f10x_it.o(.text)
    SPI3_IRQHandler                          0x080023c3   Thumb Code     2  stm32f10x_it.o(.text)
    UART4_IRQHandler                         0x080023c5   Thumb Code     2  stm32f10x_it.o(.text)
    UART5_IRQHandler                         0x080023c7   Thumb Code     2  stm32f10x_it.o(.text)
    TIM6_IRQHandler                          0x080023c9   Thumb Code     2  stm32f10x_it.o(.text)
    TIM7_IRQHandler                          0x080023cb   Thumb Code     2  stm32f10x_it.o(.text)
    DMA2_Channel1_IRQHandler                 0x080023cd   Thumb Code     2  stm32f10x_it.o(.text)
    DMA2_Channel2_IRQHandler                 0x080023cf   Thumb Code     2  stm32f10x_it.o(.text)
    DMA2_Channel3_IRQHandler                 0x080023d1   Thumb Code     2  stm32f10x_it.o(.text)
    DMA2_Channel4_5_IRQHandler               0x080023d3   Thumb Code     2  stm32f10x_it.o(.text)
    Reset_Handler                            0x080023e1   Thumb Code     4  stm32f10x_vector.o(.text)
    __user_initial_stackheap                 0x080023e5   Thumb Code     0  stm32f10x_vector.o(.text)
    B_ADC_DEVICE_Configuration               0x08002405   Thumb Code   224  b_adc.o(.text)
    B_ADC_IO_Configuration                   0x080024e5   Thumb Code    28  b_adc.o(.text)
    B_ADC_Configuration                      0x08002501   Thumb Code    26  b_adc.o(.text)
    B_ADC_Get_ADC_Value                      0x0800251b   Thumb Code    70  b_adc.o(.text)
    B_COM1_Interrupt                         0x08002595   Thumb Code   964  b_bluetooth.o(.text)
    B_COM1_Send_Char                         0x08002959   Thumb Code    28  b_bluetooth.o(.text)
    B_COM1_Send_Num                          0x08002975   Thumb Code   158  b_bluetooth.o(.text)
    B_COM1_Send_Str_Head                     0x08002a13   Thumb Code    22  b_bluetooth.o(.text)
    B_COM1_Send_Str_Body                     0x08002a29   Thumb Code    52  b_bluetooth.o(.text)
    B_COM1_Send_Str_Tail                     0x08002a5d   Thumb Code    16  b_bluetooth.o(.text)
    B_COM1_Send_4bits_BCD_Num                0x08002a6d   Thumb Code   208  b_bluetooth.o(.text)
    B_COM1_Communication                     0x08002b3d   Thumb Code   968  b_bluetooth.o(.text)
    B_COM1_GPIO_Configuration                0x08002f05   Thumb Code    70  b_bluetooth.o(.text)
    B_COM1_NVIC_Configuration                0x08002f4b   Thumb Code    34  b_bluetooth.o(.text)
    B_COM1_Port_Configuration                0x08002f6d   Thumb Code    80  b_bluetooth.o(.text)
    B_COM1_Task_Process                      0x08002fbd   Thumb Code   284  b_bluetooth.o(.text)
    B_IMU_Update                             0x0800314d   Thumb Code  1310  b_imu.o(.text)
    B_Quad_Calculation                       0x0800366b   Thumb Code   106  b_imu.o(.text)
    B_MOTOR_LED_OFF                          0x0800370d   Thumb Code    38  b_led.o(.text)
    B_LED_GPIO_Configuration                 0x08003733   Thumb Code   122  b_led.o(.text)
    B_MOTOR_LED_ON                           0x080037ad   Thumb Code    38  b_led.o(.text)
    B_Motor_Power_On                         0x080037dd   Thumb Code    24  b_motor.o(.text)
    B_Motor_Power_Off                        0x080037f5   Thumb Code    24  b_motor.o(.text)
    B_MOTOR_PWM_ON                           0x0800380d   Thumb Code    40  b_motor.o(.text)
    B_MOTOR_PWM_OFF                          0x08003835   Thumb Code    40  b_motor.o(.text)
    B_Motor_GPIO_Configuration               0x0800385d   Thumb Code   184  b_motor.o(.text)
    B_Motor_NVIC_Configuration               0x08003915   Thumb Code    32  b_motor.o(.text)
    B_Motor_PWM_Configuration                0x08003935   Thumb Code   330  b_motor.o(.text)
    B_Motor_Interrupt                        0x08003a7f   Thumb Code    52  b_motor.o(.text)
    B_Motor_Speed_Scale                      0x08003ab3   Thumb Code    44  b_motor.o(.text)
    B_Motor_Reset                            0x08003adf   Thumb Code    62  b_motor.o(.text)
    B_Motor_Control                          0x08003b1d   Thumb Code   116  b_motor.o(.text)
    B_I2C_Delay                              0x08003c15   Thumb Code    10  b_mpu6050.o(.text)
    B_I2C_STOP                               0x08003c1f   Thumb Code    52  b_mpu6050.o(.text)
    B_I2C_SendNACK                           0x08003c53   Thumb Code    52  b_mpu6050.o(.text)
    B_I2C_SendACK                            0x08003c87   Thumb Code    52  b_mpu6050.o(.text)
    B_I2C_Receive14Bytes                     0x08003cbb   Thumb Code   206  b_mpu6050.o(.text)
    B_I2C_SendByte                           0x08003d89   Thumb Code   168  b_mpu6050.o(.text)
    B_I2C_START                              0x08003e31   Thumb Code   102  b_mpu6050.o(.text)
    B_Get_MPU6050_Data                       0x08003e97   Thumb Code   624  b_mpu6050.o(.text)
    B_I2C_Configuration                      0x08004107   Thumb Code    84  b_mpu6050.o(.text)
    B_I2C_ReceiveByte_NoACK                  0x0800415b   Thumb Code    96  b_mpu6050.o(.text)
    B_I2C_ReceiveByte_WithACK                0x080041bb   Thumb Code    96  b_mpu6050.o(.text)
    B_MPU6050_GYRO_WHOAMI_FUN                0x0800421b   Thumb Code    42  b_mpu6050.o(.text)
    B_MPU6050_INT_CFG_FUN                    0x08004245   Thumb Code    30  b_mpu6050.o(.text)
    B_MPU6050_I2CBYPASS_CFG_FUN              0x08004263   Thumb Code    30  b_mpu6050.o(.text)
    B_MPU6050_USER_CTRL_FUN                  0x08004281   Thumb Code    30  b_mpu6050.o(.text)
    B_MPU6050_ACCEL_CFG_FUN                  0x0800429f   Thumb Code    30  b_mpu6050.o(.text)
    B_MPU6050_GYRO_CFG_FUN                   0x080042bd   Thumb Code    30  b_mpu6050.o(.text)
    B_MPU6050_EXIT_SLEEP_FUN                 0x080042db   Thumb Code    30  b_mpu6050.o(.text)
    B_MPU6050_PWM_CFG_FUN                    0x080042f9   Thumb Code    30  b_mpu6050.o(.text)
    B_MPU6050_Init                           0x08004317   Thumb Code    62  b_mpu6050.o(.text)
    B_MPU6050_READ_REG_FUN                   0x08004355   Thumb Code    48  b_mpu6050.o(.text)
    B_Load_Calibration_Parameter             0x080043c5   Thumb Code   446  b_parameter.o(.text)
    B_Load_Pid_Parameter                     0x08004583   Thumb Code   536  b_parameter.o(.text)
    B_Load_Filter_Parameter                  0x0800479b   Thumb Code   646  b_parameter.o(.text)
    B_Load_Fly_Parameter                     0x08004a21   Thumb Code    44  b_parameter.o(.text)
    B_PID_Control                            0x08004a9d   Thumb Code  1302  b_pid.o(.text)
    B_RCC_Configuration                      0x08004fed   Thumb Code   104  b_sys.o(.text)
    B_NVIC_Configuration                     0x08005055   Thumb Code    74  b_sys.o(.text)
    B_LED_EXT_ON                             0x0800509f   Thumb Code    14  b_sys.o(.text)
    B_MCU_LED_ON                             0x080050ad   Thumb Code    14  b_sys.o(.text)
    B_SYS_LED_Configuration                  0x080050bb   Thumb Code   106  b_sys.o(.text)
    B_SYS_NVIC_Configuration                 0x08005125   Thumb Code    40  b_sys.o(.text)
    B_SYS_Timer_Configuration                0x0800514d   Thumb Code    82  b_sys.o(.text)
    B_SYS_Timer_Interrupt                    0x0800519f   Thumb Code     8  b_sys.o(.text)
    B_LED_EXT_OFF                            0x080051a7   Thumb Code    14  b_sys.o(.text)
    B_MCU_LED_OFF                            0x080051b5   Thumb Code    14  b_sys.o(.text)
    B_SYS_LED_TWINKLE                        0x080051c3   Thumb Code    58  b_sys.o(.text)
    B_Long_Delay                             0x080051fd   Thumb Code    10  b_sys.o(.text)
    main                                     0x08005229   Thumb Code   230  b_main.o(.text)
    __use_two_region_memory                  0x08005329   Thumb Code     2  heapauxi.o(.text)
    __rt_heap_escrow$2region                 0x0800532b   Thumb Code     2  heapauxi.o(.text)
    __rt_heap_expand$2region                 0x0800532d   Thumb Code     2  heapauxi.o(.text)
    __read_errno                             0x0800532f   Thumb Code    10  _rserrno.o(.text)
    __set_errno                              0x08005339   Thumb Code    12  _rserrno.o(.text)
    __aeabi_errno_addr                       0x08005345   Thumb Code     8  rt_errno_addr_intlibspace.o(.text)
    __errno$intlibspace                      0x08005345   Thumb Code     0  rt_errno_addr_intlibspace.o(.text)
    __rt_errno_addr$intlibspace              0x08005345   Thumb Code     0  rt_errno_addr_intlibspace.o(.text)
    __user_libspace                          0x0800534d   Thumb Code     8  libspace.o(.text)
    __user_perproc_libspace                  0x0800534d   Thumb Code     0  libspace.o(.text)
    __user_perthread_libspace                0x0800534d   Thumb Code     0  libspace.o(.text)
    __user_setup_stackheap                   0x08005355   Thumb Code    74  sys_stackheap_outer.o(.text)
    exit                                     0x0800539f   Thumb Code    12  exit.o(.text)
    _sys_exit                                0x080053ad   Thumb Code     8  sys_exit.o(.text)
    __I$use$semihosting                      0x080053b9   Thumb Code     0  use_no_semi.o(.text)
    __use_no_semihosting_swi                 0x080053b9   Thumb Code     2  use_no_semi.o(.text)
    __ARM_fpclassify                         0x080053bb   Thumb Code    40  fpclassify.o(i.__ARM_fpclassify)
    __semihosting_library_function           0x080053bb   Thumb Code     0  indicate_semi.o(.text)
    __kernel_poly                            0x080053e3   Thumb Code   170  poly.o(i.__kernel_poly)
    __mathlib_dbl_infnan                     0x0800548d   Thumb Code     6  dunder.o(i.__mathlib_dbl_infnan)
    __mathlib_dbl_infnan2                    0x08005493   Thumb Code     4  dunder.o(i.__mathlib_dbl_infnan2)
    __mathlib_dbl_invalid                    0x08005497   Thumb Code    12  dunder.o(i.__mathlib_dbl_invalid)
    __mathlib_dbl_underflow                  0x080054a5   Thumb Code    10  dunder.o(i.__mathlib_dbl_underflow)
    asin                                     0x080054b5   Thumb Code   572  asin.o(i.asin)
    atan                                     0x08005725   Thumb Code   474  atan.o(i.atan)
    atan2                                    0x08005945   Thumb Code   346  atan2.o(i.atan2)
    sqrt                                     0x08005ac5   Thumb Code    76  sqrt.o(i.sqrt)
    __aeabi_d2f                              0x08005b11   Thumb Code     0  d2f.o(x$fpl$d2f)
    _d2f                                     0x08005b11   Thumb Code    98  d2f.o(x$fpl$d2f)
    __aeabi_dadd                             0x08005b75   Thumb Code     0  daddsub_clz.o(x$fpl$dadd)
    _dadd                                    0x08005b75   Thumb Code   332  daddsub_clz.o(x$fpl$dadd)
    __fpl_dcheck_NaN1                        0x08005cc5   Thumb Code    10  dcheck1.o(x$fpl$dcheck1)
    __fpl_dcmp_Inf                           0x08005cd5   Thumb Code    24  dcmpi.o(x$fpl$dcmpinf)
    __aeabi_ddiv                             0x08005ced   Thumb Code     0  ddiv.o(x$fpl$ddiv)
    _ddiv                                    0x08005ced   Thumb Code   552  ddiv.o(x$fpl$ddiv)
    __aeabi_d2uiz                            0x08005f9d   Thumb Code     0  dfixu.o(x$fpl$dfixu)
    _dfixu                                   0x08005f9d   Thumb Code    90  dfixu.o(x$fpl$dfixu)
    __aeabi_i2d                              0x08005ff7   Thumb Code     0  dflt_clz.o(x$fpl$dflt)
    _dflt                                    0x08005ff7   Thumb Code    46  dflt_clz.o(x$fpl$dflt)
    __aeabi_cdcmple                          0x08006025   Thumb Code     0  dleqf.o(x$fpl$dleqf)
    _dcmple                                  0x08006025   Thumb Code   120  dleqf.o(x$fpl$dleqf)
    __fpl_dcmple_InfNaN                      0x08006087   Thumb Code     0  dleqf.o(x$fpl$dleqf)
    __aeabi_dmul                             0x0800609d   Thumb Code     0  dmul.o(x$fpl$dmul)
    _dmul                                    0x0800609d   Thumb Code   332  dmul.o(x$fpl$dmul)
    __fpl_dnaninf                            0x080061f1   Thumb Code   156  dnaninf.o(x$fpl$dnaninf)
    __fpl_dretinf                            0x0800628d   Thumb Code    12  dretinf.o(x$fpl$dretinf)
    __aeabi_cdrcmple                         0x08006299   Thumb Code     0  drleqf.o(x$fpl$drleqf)
    _drcmple                                 0x08006299   Thumb Code   108  drleqf.o(x$fpl$drleqf)
    __aeabi_drsub                            0x08006305   Thumb Code     0  daddsub_clz.o(x$fpl$drsb)
    _drsb                                    0x08006305   Thumb Code    22  daddsub_clz.o(x$fpl$drsb)
    _dsqrt                                   0x0800631d   Thumb Code   456  dsqrt_noumaal.o(x$fpl$dsqrt)
    __aeabi_dsub                             0x080064e9   Thumb Code     0  daddsub_clz.o(x$fpl$dsub)
    _dsub                                    0x080064e9   Thumb Code   464  daddsub_clz.o(x$fpl$dsub)
    __aeabi_f2d                              0x080066bd   Thumb Code     0  f2d.o(x$fpl$f2d)
    _f2d                                     0x080066bd   Thumb Code    86  f2d.o(x$fpl$f2d)
    __aeabi_fadd                             0x08006715   Thumb Code     0  faddsub_clz.o(x$fpl$fadd)
    _fadd                                    0x08006715   Thumb Code   196  faddsub_clz.o(x$fpl$fadd)
    __fpl_fcmp_Inf                           0x080067d9   Thumb Code    24  fcmpi.o(x$fpl$fcmpinf)
    __aeabi_fdiv                             0x080067f1   Thumb Code     0  fdiv.o(x$fpl$fdiv)
    _fdiv                                    0x080067f1   Thumb Code   384  fdiv.o(x$fpl$fdiv)
    __aeabi_cfcmpeq                          0x08006975   Thumb Code     0  feqf.o(x$fpl$feqf)
    _fcmpeq                                  0x08006975   Thumb Code   104  feqf.o(x$fpl$feqf)
    __aeabi_f2iz                             0x080069dd   Thumb Code     0  ffix.o(x$fpl$ffix)
    _ffix                                    0x080069dd   Thumb Code    54  ffix.o(x$fpl$ffix)
    __aeabi_f2uiz                            0x08006a15   Thumb Code     0  ffixu.o(x$fpl$ffixu)
    _ffixu                                   0x08006a15   Thumb Code    62  ffixu.o(x$fpl$ffixu)
    __aeabi_i2f                              0x08006a55   Thumb Code     0  fflt_clz.o(x$fpl$fflt)
    _fflt                                    0x08006a55   Thumb Code    48  fflt_clz.o(x$fpl$fflt)
    __aeabi_ui2f                             0x08006a85   Thumb Code     0  fflt_clz.o(x$fpl$ffltu)
    _ffltu                                   0x08006a85   Thumb Code    38  fflt_clz.o(x$fpl$ffltu)
    __aeabi_cfcmple                          0x08006aad   Thumb Code     0  fleqf.o(x$fpl$fleqf)
    _fcmple                                  0x08006aad   Thumb Code   104  fleqf.o(x$fpl$fleqf)
    __fpl_fcmple_InfNaN                      0x08006aff   Thumb Code     0  fleqf.o(x$fpl$fleqf)
    __aeabi_fmul                             0x08006b15   Thumb Code     0  fmul.o(x$fpl$fmul)
    _fmul                                    0x08006b15   Thumb Code   258  fmul.o(x$fpl$fmul)
    __fpl_fnaninf                            0x08006c17   Thumb Code   140  fnaninf.o(x$fpl$fnaninf)
    __fpl_fretinf                            0x08006ca3   Thumb Code    10  fretinf.o(x$fpl$fretinf)
    __aeabi_cfrcmple                         0x08006cad   Thumb Code     0  frleqf.o(x$fpl$frleqf)
    _frcmple                                 0x08006cad   Thumb Code    98  frleqf.o(x$fpl$frleqf)
    __aeabi_frsub                            0x08006d0f   Thumb Code     0  faddsub_clz.o(x$fpl$frsb)
    _frsb                                    0x08006d0f   Thumb Code    20  faddsub_clz.o(x$fpl$frsb)
    __aeabi_fsub                             0x08006d25   Thumb Code     0  faddsub_clz.o(x$fpl$fsub)
    _fsub                                    0x08006d25   Thumb Code   234  faddsub_clz.o(x$fpl$fsub)
    __fpl_return_NaN                         0x08006e0f   Thumb Code   100  retnan.o(x$fpl$retnan)
    __ARM_scalbn                             0x08006e73   Thumb Code    92  scalbn.o(x$fpl$scalbn)
    __fpl_cmpreturn                          0x08006ecf   Thumb Code    48  trapv.o(x$fpl$trapveneer)
    __I$use$fp                               0x08006efe   Number         0  usenofp.o(x$fpl$usenofp)
    __mathlib_zero                           0x08007000   Data           8  qnan.o(.constdata)
    Region$$Table$$Base                      0x08007008   Number         0  anon$$obj.o(Region$$Table)
    Region$$Table$$Limit                     0x08007028   Number         0  anon$$obj.o(Region$$Table)
    B_ADC_Tab                                0x20000008   Data           4  b_adc.o(.data)
    pid_data_buffer_valid                    0x2000000c   Data           1  b_bluetooth.o(.data)
    pid_data_buffer                          0x20000010   Data           4  b_bluetooth.o(.data)
    ctrl_data_buffer_valid                   0x20000014   Data           1  b_bluetooth.o(.data)
    remote_ctrl_data_buffer                  0x20000015   Data           4  b_bluetooth.o(.data)
    b_bat_value                              0x2000001c   Data           4  b_bluetooth.o(.data)
    com_status_is_idle                       0x20000020   Data           1  b_bluetooth.o(.data)
    valid_command_was_received               0x20000021   Data           1  b_bluetooth.o(.data)
    b_com_command_ops                        0x20000022   Data           1  b_bluetooth.o(.data)
    com_receive_str_index                    0x20000023   Data           1  b_bluetooth.o(.data)
    B_Ctrl_Gas                               0x20000024   Data           1  b_bluetooth.o(.data)
    B_Ctrl_Valid                             0x20000025   Data           1  b_bluetooth.o(.data)
    B_Ctrl_Gas_Noise                         0x20000026   Data           1  b_bluetooth.o(.data)
    B_Ctrl_Pitch                             0x20000027   Data           1  b_bluetooth.o(.data)
    B_Ctrl_Roll                              0x20000028   Data           1  b_bluetooth.o(.data)
    B_Ctrl_Yaw                               0x20000029   Data           1  b_bluetooth.o(.data)
    B_Ctrl_Dir_Noise                         0x2000002a   Data           1  b_bluetooth.o(.data)
    b_fly_gas                                0x2000002c   Data           2  b_bluetooth.o(.data)
    b_fly_pitch                              0x2000002e   Data           2  b_bluetooth.o(.data)
    b_fly_roll                               0x20000030   Data           2  b_bluetooth.o(.data)
    b_fly_yaw                                0x20000032   Data           2  b_bluetooth.o(.data)
    b_mpu6050_gyro_scale                     0x20000034   Data           4  b_imu.o(.data)
    b_mpu6050_acc_scale                      0x20000038   Data           4  b_imu.o(.data)
    b_gyro_to_acc_scale                      0x2000003c   Data           4  b_imu.o(.data)
    b_hmc5883l_mag_scale                     0x20000040   Data           4  b_imu.o(.data)
    q0                                       0x20000044   Data           4  b_imu.o(.data)
    q1                                       0x20000048   Data           4  b_imu.o(.data)
    q2                                       0x2000004c   Data           4  b_imu.o(.data)
    q3                                       0x20000050   Data           4  b_imu.o(.data)
    exInt                                    0x20000054   Data           4  b_imu.o(.data)
    eyInt                                    0x20000058   Data           4  b_imu.o(.data)
    ezInt                                    0x2000005c   Data           4  b_imu.o(.data)
    b_imu_pitch                              0x20000060   Data           4  b_imu.o(.data)
    b_imu_roll                               0x20000064   Data           4  b_imu.o(.data)
    b_imu_yaw                                0x20000068   Data           4  b_imu.o(.data)
    b_quad_Kp                                0x2000006c   Data           4  b_imu.o(.data)
    b_quad_Ki                                0x20000070   Data           4  b_imu.o(.data)
    b_quad_halfT                             0x20000074   Data           4  b_imu.o(.data)
    b_fly_m1_out                             0x20000078   Data           2  b_motor.o(.data)
    b_fly_m2_out                             0x2000007a   Data           2  b_motor.o(.data)
    b_fly_m3_out                             0x2000007c   Data           2  b_motor.o(.data)
    b_fly_m4_out                             0x2000007e   Data           2  b_motor.o(.data)
    b_motor_pwm_period                       0x20000080   Data           4  b_motor.o(.data)
    B_Motor_Scale                            0x20000084   Data           4  b_motor.o(.data)
    Motor_B_M1                               0x20000088   Data           4  b_motor.o(.data)
    Motor_B_M2                               0x2000008c   Data           4  b_motor.o(.data)
    Motor_B_M3                               0x20000090   Data           4  b_motor.o(.data)
    Motor_B_M4                               0x20000094   Data           4  b_motor.o(.data)
    b_mpu6050_gyro_pitch_raw                 0x20000098   Data           2  b_mpu6050.o(.data)
    b_mpu6050_gyro_roll_raw                  0x2000009a   Data           2  b_mpu6050.o(.data)
    b_mpu6050_gyro_yaw_raw                   0x2000009c   Data           2  b_mpu6050.o(.data)
    b_mpu6050_gyro_pitch_cal                 0x2000009e   Data           2  b_mpu6050.o(.data)
    b_mpu6050_gyro_roll_cal                  0x200000a0   Data           2  b_mpu6050.o(.data)
    b_mpu6050_gyro_yaw_cal                   0x200000a2   Data           2  b_mpu6050.o(.data)
    b_mpu6050_acc_pitch_raw                  0x200000a4   Data           2  b_mpu6050.o(.data)
    b_mpu6050_acc_roll_raw                   0x200000a6   Data           2  b_mpu6050.o(.data)
    b_mpu6050_acc_yaw_raw                    0x200000a8   Data           2  b_mpu6050.o(.data)
    b_mpu6050_acc_pitch_cal                  0x200000aa   Data           2  b_mpu6050.o(.data)
    b_mpu6050_acc_roll_cal                   0x200000ac   Data           2  b_mpu6050.o(.data)
    b_mpu6050_acc_yaw_cal                    0x200000ae   Data           2  b_mpu6050.o(.data)
    b_hmc5883l_mag_pitch_cal                 0x200000b0   Data           2  b_mpu6050.o(.data)
    b_hmc5883l_mag_roll_cal                  0x200000b2   Data           2  b_mpu6050.o(.data)
    b_hmc5883l_mag_yaw_cal                   0x200000b4   Data           2  b_mpu6050.o(.data)
    b_filter_high                            0x200000b8   Data           4  b_mpu6050.o(.data)
    b_filter_low                             0x200000bc   Data           4  b_mpu6050.o(.data)
    b_filter_time                            0x200000c0   Data           4  b_mpu6050.o(.data)
    b_mpu6050_acc_pitch_com                  0x200000c4   Data           4  b_mpu6050.o(.data)
    b_mpu6050_acc_roll_com                   0x200000c8   Data           4  b_mpu6050.o(.data)
    b_mpu6050_gyro_angel_pitch_ave           0x200000cc   Data           4  b_mpu6050.o(.data)
    b_mpu6050_gyro_angel_roll_ave            0x200000d0   Data           4  b_mpu6050.o(.data)
    b_mpu6050_gyro_angel_yaw_ave             0x200000d4   Data           4  b_mpu6050.o(.data)
    b_mpu6050_acc_angel_pitch_ave            0x200000d8   Data           4  b_mpu6050.o(.data)
    b_mpu6050_acc_angel_roll_ave             0x200000dc   Data           4  b_mpu6050.o(.data)
    b_mpu6050_acc_angel_yaw_ave              0x200000e0   Data           4  b_mpu6050.o(.data)
    b_load_par_sign                          0x200000e4   Data           4  b_parameter.o(.data)
    b_pitch_p                                0x200000e8   Data           4  b_pid.o(.data)
    b_roll_p                                 0x200000ec   Data           4  b_pid.o(.data)
    b_yaw_p                                  0x200000f0   Data           4  b_pid.o(.data)
    b_pitch_i                                0x200000f4   Data           4  b_pid.o(.data)
    b_roll_i                                 0x200000f8   Data           4  b_pid.o(.data)
    b_yaw_i                                  0x200000fc   Data           4  b_pid.o(.data)
    b_pitch_d                                0x20000100   Data           4  b_pid.o(.data)
    b_roll_d                                 0x20000104   Data           4  b_pid.o(.data)
    b_yaw_d                                  0x20000108   Data           4  b_pid.o(.data)
    b_fly_gas_scale                          0x2000010c   Data           4  b_pid.o(.data)
    b_fly_pitch_scale                        0x20000110   Data           4  b_pid.o(.data)
    b_fly_roll_scale                         0x20000114   Data           4  b_pid.o(.data)
    b_fly_yaw_scale                          0x20000118   Data           4  b_pid.o(.data)
    b_angle_cur_pitch                        0x2000011c   Data           4  b_pid.o(.data)
    b_angle_cur_roll                         0x20000120   Data           4  b_pid.o(.data)
    b_angle_cur_yaw                          0x20000124   Data           4  b_pid.o(.data)
    b_angle_last_pitch                       0x20000128   Data           4  b_pid.o(.data)
    b_angle_last_roll                        0x2000012c   Data           4  b_pid.o(.data)
    b_angle_last_yaw                         0x20000130   Data           4  b_pid.o(.data)
    b_angle_dif_pitch                        0x20000134   Data           4  b_pid.o(.data)
    b_angle_dif_roll                         0x20000138   Data           4  b_pid.o(.data)
    b_angle_dif_yaw                          0x2000013c   Data           4  b_pid.o(.data)
    b_fly_m1                                 0x20000140   Data           4  b_pid.o(.data)
    b_fly_m2                                 0x20000144   Data           4  b_pid.o(.data)
    b_fly_m3                                 0x20000148   Data           4  b_pid.o(.data)
    b_fly_m4                                 0x2000014c   Data           4  b_pid.o(.data)
    b_sys_timer_period                       0x20000150   Data           4  b_sys.o(.data)
    system_idle_counter                      0x20000154   Data           4  b_main.o(.data)
    system_timer_1ms_event                   0x20000158   Data           4  b_main.o(.data)
    system_timer_state                       0x2000015c   Data           4  b_main.o(.data)
    system_status                            0x20000160   Data           4  b_main.o(.data)
    system_timer_counter                     0x20000164   Data           4  b_main.o(.data)
    system_led_timer_counter                 0x20000168   Data           4  b_main.o(.data)
    pid_setting_P_value                      0x2000016c   Data          12  b_bluetooth.o(.bss)
    pid_setting_I_value                      0x20000178   Data          12  b_bluetooth.o(.bss)
    pid_setting_D_value                      0x20000184   Data          12  b_bluetooth.o(.bss)
    com_receive_str_buf                      0x20000190   Data          64  b_bluetooth.o(.bss)
    com_receive_data_buf                     0x200001d0   Data          64  b_bluetooth.o(.bss)
    __libspace_start                         0x20000210   Data          96  libspace.o(.bss)
    __temporary_stack_top$libspace           0x20000270   Data           0  libspace.o(.bss)



==============================================================================

Memory Map of the image

  Image Entry point : 0x08000131

  Load Region LR_IROM1 (Base: 0x08000000, Size: 0x00007194, Max: 0x00040000, ABSOLUTE, COMPRESSED[0x0000703c])

    Execution Region ER_IROM1 (Base: 0x08000000, Size: 0x00007028, Max: 0x00040000, ABSOLUTE)

    Base Addr    Size         Type   Attr      Idx    E Section Name        Object

    0x08000000   0x00000130   Data   RO          421    RESET               stm32f10x_vector.o
    0x08000130   0x00000008   Code   RO          652  * !!!main             c_w.l(__main.o)
    0x08000138   0x00000034   Code   RO          957    !!!scatter          c_w.l(__scatter.o)
    0x0800016c   0x0000003a   Code   RO          955    !!dczerorl          c_w.l(__dczerorl.o)
    0x080001a6   0x00000002   PAD
    0x080001a8   0x0000001c   Code   RO          959    !!handler_zi        c_w.l(__scatter_zi.o)
    0x080001c4   0x00000002   Code   RO          825    .ARM.Collect$$libinit$$00000000  c_w.l(libinit.o)
    0x080001c6   0x00000000   Code   RO          831    .ARM.Collect$$libinit$$00000002  c_w.l(libinit2.o)
    0x080001c6   0x00000000   Code   RO          833    .ARM.Collect$$libinit$$00000004  c_w.l(libinit2.o)
    0x080001c6   0x00000000   Code   RO          836    .ARM.Collect$$libinit$$0000000A  c_w.l(libinit2.o)
    0x080001c6   0x00000000   Code   RO          838    .ARM.Collect$$libinit$$0000000C  c_w.l(libinit2.o)
    0x080001c6   0x00000000   Code   RO          840    .ARM.Collect$$libinit$$0000000E  c_w.l(libinit2.o)
    0x080001c6   0x00000000   Code   RO          843    .ARM.Collect$$libinit$$00000011  c_w.l(libinit2.o)
    0x080001c6   0x00000000   Code   RO          845    .ARM.Collect$$libinit$$00000013  c_w.l(libinit2.o)
    0x080001c6   0x00000000   Code   RO          847    .ARM.Collect$$libinit$$00000015  c_w.l(libinit2.o)
    0x080001c6   0x00000000   Code   RO          849    .ARM.Collect$$libinit$$00000017  c_w.l(libinit2.o)
    0x080001c6   0x00000000   Code   RO          851    .ARM.Collect$$libinit$$00000019  c_w.l(libinit2.o)
    0x080001c6   0x00000000   Code   RO          853    .ARM.Collect$$libinit$$0000001B  c_w.l(libinit2.o)
    0x080001c6   0x00000000   Code   RO          855    .ARM.Collect$$libinit$$0000001D  c_w.l(libinit2.o)
    0x080001c6   0x00000000   Code   RO          857    .ARM.Collect$$libinit$$0000001F  c_w.l(libinit2.o)
    0x080001c6   0x00000000   Code   RO          859    .ARM.Collect$$libinit$$00000021  c_w.l(libinit2.o)
    0x080001c6   0x00000000   Code   RO          861    .ARM.Collect$$libinit$$00000023  c_w.l(libinit2.o)
    0x080001c6   0x00000000   Code   RO          863    .ARM.Collect$$libinit$$00000025  c_w.l(libinit2.o)
    0x080001c6   0x00000000   Code   RO          867    .ARM.Collect$$libinit$$0000002C  c_w.l(libinit2.o)
    0x080001c6   0x00000000   Code   RO          869    .ARM.Collect$$libinit$$0000002E  c_w.l(libinit2.o)
    0x080001c6   0x00000000   Code   RO          871    .ARM.Collect$$libinit$$00000030  c_w.l(libinit2.o)
    0x080001c6   0x00000000   Code   RO          873    .ARM.Collect$$libinit$$00000032  c_w.l(libinit2.o)
    0x080001c6   0x00000002   Code   RO          874    .ARM.Collect$$libinit$$00000033  c_w.l(libinit2.o)
    0x080001c8   0x00000002   Code   RO          896    .ARM.Collect$$libshutdown$$00000000  c_w.l(libshutdown.o)
    0x080001ca   0x00000000   Code   RO          910    .ARM.Collect$$libshutdown$$00000003  c_w.l(libshutdown2.o)
    0x080001ca   0x00000000   Code   RO          913    .ARM.Collect$$libshutdown$$00000006  c_w.l(libshutdown2.o)
    0x080001ca   0x00000000   Code   RO          916    .ARM.Collect$$libshutdown$$00000009  c_w.l(libshutdown2.o)
    0x080001ca   0x00000000   Code   RO          918    .ARM.Collect$$libshutdown$$0000000B  c_w.l(libshutdown2.o)
    0x080001ca   0x00000000   Code   RO          921    .ARM.Collect$$libshutdown$$0000000E  c_w.l(libshutdown2.o)
    0x080001ca   0x00000002   Code   RO          922    .ARM.Collect$$libshutdown$$0000000F  c_w.l(libshutdown2.o)
    0x080001cc   0x00000000   Code   RO          730    .ARM.Collect$$rtentry$$00000000  c_w.l(__rtentry.o)
    0x080001cc   0x00000000   Code   RO          790    .ARM.Collect$$rtentry$$00000002  c_w.l(__rtentry2.o)
    0x080001cc   0x00000006   Code   RO          802    .ARM.Collect$$rtentry$$00000004  c_w.l(__rtentry4.o)
    0x080001d2   0x00000000   Code   RO          792    .ARM.Collect$$rtentry$$00000009  c_w.l(__rtentry2.o)
    0x080001d2   0x00000004   Code   RO          793    .ARM.Collect$$rtentry$$0000000A  c_w.l(__rtentry2.o)
    0x080001d6   0x00000000   Code   RO          795    .ARM.Collect$$rtentry$$0000000C  c_w.l(__rtentry2.o)
    0x080001d6   0x00000008   Code   RO          796    .ARM.Collect$$rtentry$$0000000D  c_w.l(__rtentry2.o)
    0x080001de   0x00000002   Code   RO          828    .ARM.Collect$$rtexit$$00000000  c_w.l(rtexit.o)
    0x080001e0   0x00000000   Code   RO          878    .ARM.Collect$$rtexit$$00000002  c_w.l(rtexit2.o)
    0x080001e0   0x00000004   Code   RO          879    .ARM.Collect$$rtexit$$00000003  c_w.l(rtexit2.o)
    0x080001e4   0x00000006   Code   RO          880    .ARM.Collect$$rtexit$$00000004  c_w.l(rtexit2.o)
    0x080001ea   0x00000002   PAD
    0x080001ec   0x00000430   Code   RO            1    .text               stm32f10x_adc.o
    0x0800061c   0x00000240   Code   RO          108    .text               stm32f10x_dma.o
    0x0800085c   0x00000048   Code   RO          138    .text               stm32f10x_flash.o
    0x080008a4   0x00000330   Code   RO          168    .text               stm32f10x_gpio.o
    0x08000bd4   0x000003d8   Code   RO          252    .text               stm32f10x_nvic.o
    0x08000fac   0x000003b0   Code   RO          276    .text               stm32f10x_rcc.o
    0x0800135c   0x00000bac   Code   RO          339    .text               stm32f10x_tim.o
    0x08001f08   0x00000370   Code   RO          351    .text               stm32f10x_usart.o
    0x08002278   0x0000007a   Code   RO          375    .text               cortexm3_macro.o
    0x080022f2   0x00000002   PAD
    0x080022f4   0x000000ec   Code   RO          379    .text               stm32f10x_it.o
    0x080023e0   0x00000024   Code   RO          422    .text               stm32f10x_vector.o
    0x08002404   0x00000190   Code   RO          426    .text               b_adc.o
    0x08002594   0x00000bb8   Code   RO          448    .text               b_bluetooth.o
    0x0800314c   0x000005c0   Code   RO          473    .text               b_imu.o
    0x0800370c   0x000000d0   Code   RO          492    .text               b_led.o
    0x080037dc   0x00000438   Code   RO          504    .text               b_motor.o
    0x08003c14   0x000007b0   Code   RO          520    .text               b_mpu6050.o
    0x080043c4   0x000006d8   Code   RO          538    .text               b_parameter.o
    0x08004a9c   0x00000550   Code   RO          566    .text               b_pid.o
    0x08004fec   0x0000023c   Code   RO          582    .text               b_sys.o
    0x08005228   0x00000100   Code   RO          601    .text               b_main.o
    0x08005328   0x00000006   Code   RO          650    .text               c_w.l(heapauxi.o)
    0x0800532e   0x00000016   Code   RO          731    .text               c_w.l(_rserrno.o)
    0x08005344   0x00000008   Code   RO          807    .text               c_w.l(rt_errno_addr_intlibspace.o)
    0x0800534c   0x00000008   Code   RO          813    .text               c_w.l(libspace.o)
    0x08005354   0x0000004a   Code   RO          816    .text               c_w.l(sys_stackheap_outer.o)
    0x0800539e   0x0000000c   Code   RO          818    .text               c_w.l(exit.o)
    0x080053aa   0x00000002   PAD
    0x080053ac   0x0000000c   Code   RO          888    .text               c_w.l(sys_exit.o)
    0x080053b8   0x00000002   Code   RO          899    .text               c_w.l(use_no_semi.o)
    0x080053ba   0x00000000   Code   RO          901    .text               c_w.l(indicate_semi.o)
    0x080053ba   0x00000028   Code   RO          784    i.__ARM_fpclassify  m_ws.l(fpclassify.o)
    0x080053e2   0x000000aa   Code   RO          786    i.__kernel_poly     m_ws.l(poly.o)
    0x0800548c   0x00000006   Code   RO          771    i.__mathlib_dbl_infnan  m_ws.l(dunder.o)
    0x08005492   0x00000004   Code   RO          772    i.__mathlib_dbl_infnan2  m_ws.l(dunder.o)
    0x08005496   0x0000000c   Code   RO          773    i.__mathlib_dbl_invalid  m_ws.l(dunder.o)
    0x080054a2   0x00000002   PAD
    0x080054a4   0x00000010   Code   RO          776    i.__mathlib_dbl_underflow  m_ws.l(dunder.o)
    0x080054b4   0x00000270   Code   RO          705    i.asin              m_ws.l(asin.o)
    0x08005724   0x00000220   Code   RO          761    i.atan              m_ws.l(atan.o)
    0x08005944   0x00000180   Code   RO          715    i.atan2             m_ws.l(atan2.o)
    0x08005ac4   0x0000004c   Code   RO          723    i.sqrt              m_ws.l(sqrt.o)
    0x08005b10   0x00000062   Code   RO          654    x$fpl$d2f           fz_ws.l(d2f.o)
    0x08005b72   0x00000002   PAD
    0x08005b74   0x00000150   Code   RO          733    x$fpl$dadd          fz_ws.l(daddsub_clz.o)
    0x08005cc4   0x00000010   Code   RO          809    x$fpl$dcheck1       fz_ws.l(dcheck1.o)
    0x08005cd4   0x00000018   Code   RO          811    x$fpl$dcmpinf       fz_ws.l(dcmpi.o)
    0x08005cec   0x000002b0   Code   RO          740    x$fpl$ddiv          fz_ws.l(ddiv.o)
    0x08005f9c   0x0000005a   Code   RO          656    x$fpl$dfixu         fz_ws.l(dfixu.o)
    0x08005ff6   0x0000002e   Code   RO          661    x$fpl$dflt          fz_ws.l(dflt_clz.o)
    0x08006024   0x00000078   Code   RO          743    x$fpl$dleqf         fz_ws.l(dleqf.o)
    0x0800609c   0x00000154   Code   RO          666    x$fpl$dmul          fz_ws.l(dmul.o)
    0x080061f0   0x0000009c   Code   RO          745    x$fpl$dnaninf       fz_ws.l(dnaninf.o)
    0x0800628c   0x0000000c   Code   RO          747    x$fpl$dretinf       fz_ws.l(dretinf.o)
    0x08006298   0x0000006c   Code   RO          668    x$fpl$drleqf        fz_ws.l(drleqf.o)
    0x08006304   0x00000016   Code   RO          734    x$fpl$drsb          fz_ws.l(daddsub_clz.o)
    0x0800631a   0x00000002   PAD
    0x0800631c   0x000001cc   Code   RO          749    x$fpl$dsqrt         fz_ws.l(dsqrt_noumaal.o)
    0x080064e8   0x000001d4   Code   RO          735    x$fpl$dsub          fz_ws.l(daddsub_clz.o)
    0x080066bc   0x00000056   Code   RO          670    x$fpl$f2d           fz_ws.l(f2d.o)
    0x08006712   0x00000002   PAD
    0x08006714   0x000000c4   Code   RO          672    x$fpl$fadd          fz_ws.l(faddsub_clz.o)
    0x080067d8   0x00000018   Code   RO          751    x$fpl$fcmpinf       fz_ws.l(fcmpi.o)
    0x080067f0   0x00000184   Code   RO          679    x$fpl$fdiv          fz_ws.l(fdiv.o)
    0x08006974   0x00000068   Code   RO          682    x$fpl$feqf          fz_ws.l(feqf.o)
    0x080069dc   0x00000036   Code   RO          684    x$fpl$ffix          fz_ws.l(ffix.o)
    0x08006a12   0x00000002   PAD
    0x08006a14   0x0000003e   Code   RO          688    x$fpl$ffixu         fz_ws.l(ffixu.o)
    0x08006a52   0x00000002   PAD
    0x08006a54   0x00000030   Code   RO          693    x$fpl$fflt          fz_ws.l(fflt_clz.o)
    0x08006a84   0x00000026   Code   RO          692    x$fpl$ffltu         fz_ws.l(fflt_clz.o)
    0x08006aaa   0x00000002   PAD
    0x08006aac   0x00000068   Code   RO          698    x$fpl$fleqf         fz_ws.l(fleqf.o)
    0x08006b14   0x00000102   Code   RO          700    x$fpl$fmul          fz_ws.l(fmul.o)
    0x08006c16   0x0000008c   Code   RO          753    x$fpl$fnaninf       fz_ws.l(fnaninf.o)
    0x08006ca2   0x0000000a   Code   RO          755    x$fpl$fretinf       fz_ws.l(fretinf.o)
    0x08006cac   0x00000062   Code   RO          702    x$fpl$frleqf        fz_ws.l(frleqf.o)
    0x08006d0e   0x00000014   Code   RO          673    x$fpl$frsb          fz_ws.l(faddsub_clz.o)
    0x08006d22   0x00000002   PAD
    0x08006d24   0x000000ea   Code   RO          674    x$fpl$fsub          fz_ws.l(faddsub_clz.o)
    0x08006e0e   0x00000064   Code   RO          826    x$fpl$retnan        fz_ws.l(retnan.o)
    0x08006e72   0x0000005c   Code   RO          757    x$fpl$scalbn        fz_ws.l(scalbn.o)
    0x08006ece   0x00000030   Code   RO          875    x$fpl$trapveneer    fz_ws.l(trapv.o)
    0x08006efe   0x00000000   Code   RO          759    x$fpl$usenofp       fz_ws.l(usenofp.o)
    0x08006efe   0x00000014   Data   RO          277    .constdata          stm32f10x_rcc.o
    0x08006f12   0x00000006   PAD
    0x08006f18   0x00000050   Data   RO          706    .constdata          m_ws.l(asin.o)
    0x08006f68   0x00000098   Data   RO          762    .constdata          m_ws.l(atan.o)
    0x08007000   0x00000008   Data   RO          788    .constdata          m_ws.l(qnan.o)
    0x08007008   0x00000020   Data   RO          953    Region$$Table       anon$$obj.o


    Execution Region RW_IRAM1 (Base: 0x20000000, Size: 0x00000a70, Max: 0x0000c000, ABSOLUTE, COMPRESSED[0x00000014])

    Base Addr    Size         Type   Attr      Idx    E Section Name        Object

    0x20000000   0x00000008   Data   RW          278    .data               stm32f10x_rcc.o
    0x20000008   0x00000004   Data   RW          427    .data               b_adc.o
    0x2000000c   0x00000028   Data   RW          450    .data               b_bluetooth.o
    0x20000034   0x00000044   Data   RW          474    .data               b_imu.o
    0x20000078   0x00000020   Data   RW          505    .data               b_motor.o
    0x20000098   0x0000004c   Data   RW          521    .data               b_mpu6050.o
    0x200000e4   0x00000004   Data   RW          539    .data               b_parameter.o
    0x200000e8   0x00000068   Data   RW          567    .data               b_pid.o
    0x20000150   0x00000004   Data   RW          583    .data               b_sys.o
    0x20000154   0x00000018   Data   RW          602    .data               b_main.o
    0x2000016c   0x000000a4   Zero   RW          449    .bss                b_bluetooth.o
    0x20000210   0x00000060   Zero   RW          814    .bss                c_w.l(libspace.o)
    0x20000270   0x00000400   Zero   RW          420    HEAP                stm32f10x_vector.o
    0x20000670   0x00000400   Zero   RW          419    STACK               stm32f10x_vector.o


==============================================================================

Image component sizes


      Code (inc. data)   RO Data    RW Data    ZI Data      Debug   Object Name

       400         52          0          4          0       1778   b_adc.o
      3000        460          0         40        164       6831   b_bluetooth.o
      1472         96          0         68          0       2498   b_imu.o
       208         10          0          0          0        838   b_led.o
       256         26          0         24          0       1155   b_main.o
      1080        132          0         32          0       3215   b_motor.o
      1968        140          0         76          0       7060   b_mpu6050.o
      1752        152          0          4          0       2919   b_parameter.o
      1360        186          0        104          0       1842   b_pid.o
       572         34          0          4          0       2598   b_sys.o
       122          0          0          0          0        408   cortexm3_macro.o
      1072         20          0          0          0      43017   stm32f10x_adc.o
       576         16          0          0          0      12779   stm32f10x_dma.o
        72          6          0          0          0        848   stm32f10x_flash.o
       816         18          0          0          0      11459   stm32f10x_gpio.o
       236         12          0          0          0       7560   stm32f10x_it.o
         0          0          0          0          0      35944   stm32f10x_lib.o
       984         30          0          0          0       7096   stm32f10x_nvic.o
       944         44         20          8          0       8672   stm32f10x_rcc.o
      2988         16          0          0          0      23528   stm32f10x_tim.o
       880         12          0          0          0       7619   stm32f10x_usart.o
        36         22        304          0       2048        388   stm32f10x_vector.o

    ----------------------------------------------------------------------
     20796       1484        362        364       2212     190052   Object Totals
         0          0         32          0          0          0   (incl. Generated)
         2          0          6          0          0          0   (incl. Padding)

    ----------------------------------------------------------------------

      Code (inc. data)   RO Data    RW Data    ZI Data      Debug   Library Member Name

        58          0          0          0          0          0   __dczerorl.o
         8          0          0          0          0         68   __main.o
         0          0          0          0          0          0   __rtentry.o
        12          0          0          0          0          0   __rtentry2.o
         6          0          0          0          0          0   __rtentry4.o
        52          8          0          0          0          0   __scatter.o
        28          0          0          0          0          0   __scatter_zi.o
        22          0          0          0          0        100   _rserrno.o
        12          0          0          0          0         72   exit.o
         6          0          0          0          0        152   heapauxi.o
         0          0          0          0          0          0   indicate_semi.o
         2          0          0          0          0          0   libinit.o
         2          0          0          0          0          0   libinit2.o
         2          0          0          0          0          0   libshutdown.o
         2          0          0          0          0          0   libshutdown2.o
         8          4          0          0         96         68   libspace.o
         8          4          0          0          0         68   rt_errno_addr_intlibspace.o
         2          0          0          0          0          0   rtexit.o
        10          0          0          0          0          0   rtexit2.o
        12          4          0          0          0         68   sys_exit.o
        74          0          0          0          0         80   sys_stackheap_outer.o
         2          0          0          0          0         68   use_no_semi.o
        98          4          0          0          0         92   d2f.o
       826         16          0          0          0        348   daddsub_clz.o
        16          4          0          0          0         68   dcheck1.o
        24          0          0          0          0         68   dcmpi.o
       688        140          0          0          0        208   ddiv.o
        90          4          0          0          0         92   dfixu.o
        46          0          0          0          0         68   dflt_clz.o
       120          4          0          0          0         92   dleqf.o
       340         12          0          0          0        104   dmul.o
       156          4          0          0          0         92   dnaninf.o
        12          0          0          0          0         68   dretinf.o
       108          0          0          0          0         80   drleqf.o
       460         56          0          0          0        120   dsqrt_noumaal.o
        86          4          0          0          0         84   f2d.o
       450          8          0          0          0        236   faddsub_clz.o
        24          0          0          0          0         68   fcmpi.o
       388         76          0          0          0         96   fdiv.o
       104          4          0          0          0         84   feqf.o
        54          4          0          0          0         84   ffix.o
        62          4          0          0          0         84   ffixu.o
        86          0          0          0          0        136   fflt_clz.o
       104          4          0          0          0         84   fleqf.o
       258          4          0          0          0         84   fmul.o
       140          4          0          0          0         84   fnaninf.o
        10          0          0          0          0         68   fretinf.o
        98          0          0          0          0         68   frleqf.o
       100          0          0          0          0         68   retnan.o
        92          0          0          0          0         68   scalbn.o
        48          0          0          0          0         68   trapv.o
         0          0          0          0          0          0   usenofp.o
       624         52         80          0          0        168   asin.o
       544         70        152          0          0        124   atan.o
       384         38          0          0          0        144   atan2.o
        38          6          0          0          0        272   dunder.o
        40          0          0          0          0         68   fpclassify.o
       170          0          0          0          0         96   poly.o
         0          0          8          0          0          0   qnan.o
        76          0          0          0          0         84   sqrt.o

    ----------------------------------------------------------------------
      7314        542        240          0         96       4664   Library Totals
        22          0          0          0          0          0   (incl. Padding)

    ----------------------------------------------------------------------

      Code (inc. data)   RO Data    RW Data    ZI Data      Debug   Library Name

       328         20          0          0         96        744   c_w.l
      5088        356          0          0          0       2964   fz_ws.l
      1876        166        240          0          0        956   m_ws.l

    ----------------------------------------------------------------------
      7314        542        240          0         96       4664   Library Totals

    ----------------------------------------------------------------------

==============================================================================


      Code (inc. data)   RO Data    RW Data    ZI Data      Debug   

     28110       2026        602        364       2308     190344   Grand Totals
     28110       2026        602         20       2308     190344   ELF Image Totals (compressed)
     28110       2026        602         20          0          0   ROM Totals

==============================================================================

    Total RO  Size (Code + RO Data)                28712 (  28.04kB)
    Total RW  Size (RW Data + ZI Data)              2672 (   2.61kB)
    Total ROM Size (Code + RO Data + RW Data)      28732 (  28.06kB)

==============================================================================

