<html>
<body>
<pre>
<h1>µVision Build Log</h1>
<h2>Project:</h2>
D:\AnBT_FWH\AnBT_Main\AnBT_Main_FWH.uvproj
Project File Date:  01/02/2014

<h2>Output:</h2>
Build target 'AnBT_Main_With_BL'
assembling cortexm3_macro.s...
assembling STM32F10x.s...
compiling stm32f10x_adc.c...
.\mdklibrary\library\inc\stm32f10x_map.h(26): error:  #5: cannot open source input file "stm32f10x_conf.h": No such file or directory
compiling stm32f10x_bkp.c...
.\mdklibrary\library\inc\stm32f10x_map.h(26): error:  #5: cannot open source input file "stm32f10x_conf.h": No such file or directory
compiling stm32f10x_can.c...
.\mdklibrary\library\inc\stm32f10x_map.h(26): error:  #5: cannot open source input file "stm32f10x_conf.h": No such file or directory
compiling stm32f10x_crc.c...
.\mdklibrary\library\inc\stm32f10x_map.h(26): error:  #5: cannot open source input file "stm32f10x_conf.h": No such file or directory
compiling stm32f10x_dac.c...
.\mdklibrary\library\inc\stm32f10x_map.h(26): error:  #5: cannot open source input file "stm32f10x_conf.h": No such file or directory
compiling stm32f10x_dbgmcu.c...
.\mdklibrary\library\inc\stm32f10x_map.h(26): error:  #5: cannot open source input file "stm32f10x_conf.h": No such file or directory
compiling stm32f10x_dma.c...
.\mdklibrary\library\inc\stm32f10x_map.h(26): error:  #5: cannot open source input file "stm32f10x_conf.h": No such file or directory
compiling stm32f10x_exti.c...
.\mdklibrary\library\inc\stm32f10x_map.h(26): error:  #5: cannot open source input file "stm32f10x_conf.h": No such file or directory
compiling stm32f10x_flash.c...
.\mdklibrary\library\inc\stm32f10x_map.h(26): error:  #5: cannot open source input file "stm32f10x_conf.h": No such file or directory
compiling stm32f10x_fsmc.c...
.\mdklibrary\library\inc\stm32f10x_map.h(26): error:  #5: cannot open source input file "stm32f10x_conf.h": No such file or directory
compiling stm32f10x_gpio.c...
.\mdklibrary\library\inc\stm32f10x_map.h(26): error:  #5: cannot open source input file "stm32f10x_conf.h": No such file or directory
compiling stm32f10x_i2c.c...
.\mdklibrary\library\inc\stm32f10x_map.h(26): error:  #5: cannot open source input file "stm32f10x_conf.h": No such file or directory
compiling stm32f10x_iwdg.c...
.\mdklibrary\library\inc\stm32f10x_map.h(26): error:  #5: cannot open source input file "stm32f10x_conf.h": No such file or directory
compiling stm32f10x_lib.c...
.\mdklibrary\library\inc\stm32f10x_map.h(26): error:  #5: cannot open source input file "stm32f10x_conf.h": No such file or directory
compiling stm32f10x_nvic.c...
.\mdklibrary\library\inc\stm32f10x_map.h(26): error:  #5: cannot open source input file "stm32f10x_conf.h": No such file or directory
compiling stm32f10x_pwr.c...
.\mdklibrary\library\inc\stm32f10x_map.h(26): error:  #5: cannot open source input file "stm32f10x_conf.h": No such file or directory
compiling stm32f10x_rcc.c...
.\mdklibrary\library\inc\stm32f10x_map.h(26): error:  #5: cannot open source input file "stm32f10x_conf.h": No such file or directory
compiling stm32f10x_rtc.c...
.\mdklibrary\library\inc\stm32f10x_map.h(26): error:  #5: cannot open source input file "stm32f10x_conf.h": No such file or directory
compiling stm32f10x_sdio.c...
.\mdklibrary\library\inc\stm32f10x_map.h(26): error:  #5: cannot open source input file "stm32f10x_conf.h": No such file or directory
compiling stm32f10x_spi.c...
.\mdklibrary\library\inc\stm32f10x_map.h(26): error:  #5: cannot open source input file "stm32f10x_conf.h": No such file or directory
compiling stm32f10x_systick.c...
.\mdklibrary\library\inc\stm32f10x_map.h(26): error:  #5: cannot open source input file "stm32f10x_conf.h": No such file or directory
compiling stm32f10x_tim.c...
.\mdklibrary\library\inc\stm32f10x_map.h(26): error:  #5: cannot open source input file "stm32f10x_conf.h": No such file or directory
compiling stm32f10x_usart.c...
.\mdklibrary\library\inc\stm32f10x_map.h(26): error:  #5: cannot open source input file "stm32f10x_conf.h": No such file or directory
compiling stm32f10x_wwdg.c...
.\mdklibrary\library\inc\stm32f10x_map.h(26): error:  #5: cannot open source input file "stm32f10x_conf.h": No such file or directory
compiling interpreter.c...
.\mdklibrary\library\inc\stm32f10x_map.h(26): error:  #5: cannot open source input file "stm32f10x_conf.h": No such file or directory
compiling interrupt.c...
etootle_code\interrupt.c(20): error:  #5: cannot open source input file "stm32f10x_conf.h": No such file or directory
compiling led.c...
.\mdklibrary\library\inc\stm32f10x_map.h(26): error:  #5: cannot open source input file "stm32f10x_conf.h": No such file or directory
compiling main.c...
.\mdklibrary\library\inc\stm32f10x_map.h(26): error:  #5: cannot open source input file "stm32f10x_conf.h": No such file or directory
compiling nrf24l01.c...
.\mdklibrary\library\inc\stm32f10x_map.h(26): error:  #5: cannot open source input file "stm32f10x_conf.h": No such file or directory
compiling spi.c...
.\mdklibrary\library\inc\stm32f10x_map.h(26): error:  #5: cannot open source input file "stm32f10x_conf.h": No such file or directory
compiling stm32f10x_it.c...
.\mdklibrary\library\inc\stm32f10x_map.h(26): error:  #5: cannot open source input file "stm32f10x_conf.h": No such file or directory
compiling user_uart.c...
.\mdklibrary\library\inc\stm32f10x_map.h(26): error:  #5: cannot open source input file "stm32f10x_conf.h": No such file or directory
Target not created
Build target 'AnBT_Main_With_BL'
compiling stm32f10x_adc.c...
mdklibrary\src\stm32f10x_adc.c(17): error:  #5: cannot open source input file "stm32f10x_adc.h": No such file or directory
compiling stm32f10x_bkp.c...
mdklibrary\src\stm32f10x_bkp.c(17): error:  #5: cannot open source input file "stm32f10x_bkp.h": No such file or directory
compiling stm32f10x_can.c...
mdklibrary\src\stm32f10x_can.c(17): error:  #5: cannot open source input file "stm32f10x_can.h": No such file or directory
compiling stm32f10x_crc.c...
mdklibrary\src\stm32f10x_crc.c(17): error:  #5: cannot open source input file "stm32f10x_crc.h": No such file or directory
compiling stm32f10x_dac.c...
mdklibrary\src\stm32f10x_dac.c(17): error:  #5: cannot open source input file "stm32f10x_dac.h": No such file or directory
compiling stm32f10x_dbgmcu.c...
mdklibrary\src\stm32f10x_dbgmcu.c(17): error:  #5: cannot open source input file "stm32f10x_dbgmcu.h": No such file or directory
compiling stm32f10x_dma.c...
mdklibrary\src\stm32f10x_dma.c(17): error:  #5: cannot open source input file "stm32f10x_dma.h": No such file or directory
compiling stm32f10x_exti.c...
mdklibrary\src\stm32f10x_exti.c(17): error:  #5: cannot open source input file "stm32f10x_exti.h": No such file or directory
compiling stm32f10x_flash.c...
mdklibrary\src\stm32f10x_flash.c(17): error:  #5: cannot open source input file "stm32f10x_flash.h": No such file or directory
compiling stm32f10x_fsmc.c...
mdklibrary\src\stm32f10x_fsmc.c(17): error:  #5: cannot open source input file "stm32f10x_fsmc.h": No such file or directory
compiling stm32f10x_gpio.c...
mdklibrary\src\stm32f10x_gpio.c(17): error:  #5: cannot open source input file "stm32f10x_gpio.h": No such file or directory
compiling stm32f10x_i2c.c...
mdklibrary\src\stm32f10x_i2c.c(17): error:  #5: cannot open source input file "stm32f10x_i2c.h": No such file or directory
compiling stm32f10x_iwdg.c...
mdklibrary\src\stm32f10x_iwdg.c(17): error:  #5: cannot open source input file "stm32f10x_iwdg.h": No such file or directory
compiling stm32f10x_lib.c...
mdklibrary\src\stm32f10x_lib.c(19): error:  #5: cannot open source input file "stm32f10x_lib.h": No such file or directory
compiling stm32f10x_nvic.c...
mdklibrary\src\stm32f10x_nvic.c(17): error:  #5: cannot open source input file "stm32f10x_nvic.h": No such file or directory
compiling stm32f10x_pwr.c...
mdklibrary\src\stm32f10x_pwr.c(17): error:  #5: cannot open source input file "stm32f10x_pwr.h": No such file or directory
compiling stm32f10x_rcc.c...
mdklibrary\src\stm32f10x_rcc.c(17): error:  #5: cannot open source input file "stm32f10x_rcc.h": No such file or directory
compiling stm32f10x_rtc.c...
mdklibrary\src\stm32f10x_rtc.c(17): error:  #5: cannot open source input file "stm32f10x_rtc.h": No such file or directory
compiling stm32f10x_sdio.c...
mdklibrary\src\stm32f10x_sdio.c(17): error:  #5: cannot open source input file "stm32f10x_sdio.h": No such file or directory
compiling stm32f10x_spi.c...
mdklibrary\src\stm32f10x_spi.c(17): error:  #5: cannot open source input file "stm32f10x_spi.h": No such file or directory
compiling stm32f10x_systick.c...
mdklibrary\src\stm32f10x_systick.c(17): error:  #5: cannot open source input file "stm32f10x_systick.h": No such file or directory
compiling stm32f10x_tim.c...
mdklibrary\src\stm32f10x_tim.c(17): error:  #5: cannot open source input file "stm32f10x_tim.h": No such file or directory
compiling stm32f10x_usart.c...
mdklibrary\src\stm32f10x_usart.c(17): error:  #5: cannot open source input file "stm32f10x_usart.h": No such file or directory
compiling stm32f10x_wwdg.c...
mdklibrary\src\stm32f10x_wwdg.c(17): error:  #5: cannot open source input file "stm32f10x_wwdg.h": No such file or directory
compiling interpreter.c...
etootle_code\user_uart.h(8): error:  #5: cannot open source input file "stm32f10x_lib.h": No such file or directory
compiling interrupt.c...
etootle_code\stm32f10x_conf.h(21): error:  #5: cannot open source input file "stm32f10x_type.h": No such file or directory
compiling led.c...
etootle_code\led.c(20): error:  #5: cannot open source input file "STM32F10X_SPI.h": No such file or directory
compiling main.c...
etootle_code\main.c(19): error:  #5: cannot open source input file "stm32f10x_lib.h": No such file or directory
compiling nrf24l01.c...
etootle_code\nrf24l01.c(20): error:  #5: cannot open source input file "stm32f10x_lib.h": No such file or directory
compiling spi.c...
etootle_code\spi.c(20): error:  #5: cannot open source input file "STM32F10X_SPI.h": No such file or directory
compiling stm32f10x_it.c...
etootle_code\stm32f10x_it.h(21): error:  #5: cannot open source input file "stm32f10x_lib.h": No such file or directory
compiling user_uart.c...
etootle_code\user_uart.h(8): error:  #5: cannot open source input file "stm32f10x_lib.h": No such file or directory
Target not created
Build target 'AnBT_Main_With_BL'
compiling stm32f10x_adc.c...
compiling stm32f10x_bkp.c...
compiling stm32f10x_can.c...
compiling stm32f10x_crc.c...
compiling stm32f10x_dac.c...
compiling stm32f10x_dbgmcu.c...
compiling stm32f10x_dma.c...
compiling stm32f10x_exti.c...
compiling stm32f10x_flash.c...
compiling stm32f10x_fsmc.c...
compiling stm32f10x_gpio.c...
compiling stm32f10x_i2c.c...
compiling stm32f10x_iwdg.c...
compiling stm32f10x_lib.c...
compiling stm32f10x_nvic.c...
compiling stm32f10x_pwr.c...
compiling stm32f10x_rcc.c...
compiling stm32f10x_rtc.c...
compiling stm32f10x_sdio.c...
compiling stm32f10x_spi.c...
compiling stm32f10x_systick.c...
compiling stm32f10x_tim.c...
compiling stm32f10x_usart.c...
compiling stm32f10x_wwdg.c...
compiling interpreter.c...
compiling interrupt.c...
compiling led.c...
compiling main.c...
compiling nrf24l01.c...
compiling spi.c...
compiling stm32f10x_it.c...
compiling user_uart.c...
linking...
Program Size: Code=7514 RO-data=290 RW-data=36 ZI-data=1012  
FromELF: creating hex file...
"AnBT_Main_FWH.axf" - 0 Error(s), 0 Warning(s).
Clean started: Project: 'AnBT_Main_FWH'
   deleting intermediate output files for target 'AnBT_Main_With_BL'
Build target 'AnBT_Main_With_BL'
assembling cortexm3_macro.s...
assembling STM32F10x.s...
compiling stm32f10x_adc.c...
compiling stm32f10x_bkp.c...
compiling stm32f10x_can.c...
compiling stm32f10x_crc.c...
compiling stm32f10x_dac.c...
compiling stm32f10x_dbgmcu.c...
compiling stm32f10x_dma.c...
compiling stm32f10x_exti.c...
compiling stm32f10x_flash.c...
compiling stm32f10x_fsmc.c...
compiling stm32f10x_gpio.c...
compiling stm32f10x_i2c.c...
compiling stm32f10x_iwdg.c...
compiling stm32f10x_lib.c...
compiling stm32f10x_nvic.c...
compiling stm32f10x_pwr.c...
compiling stm32f10x_rcc.c...
compiling stm32f10x_rtc.c...
compiling stm32f10x_sdio.c...
compiling stm32f10x_spi.c...
compiling stm32f10x_systick.c...
compiling stm32f10x_tim.c...
compiling stm32f10x_usart.c...
compiling stm32f10x_wwdg.c...
compiling interpreter.c...
compiling interrupt.c...
compiling led.c...
compiling main.c...
compiling nrf24l01.c...
compiling spi.c...
compiling stm32f10x_it.c...
compiling user_uart.c...
linking...
Program Size: Code=7514 RO-data=290 RW-data=36 ZI-data=1012  
FromELF: creating hex file...
".\output\AnBT_Main_FWH.axf" - 0 Error(s), 0 Warning(s).
Build target 'AnBT_Main_With_BL'
linking...
Program Size: Code=7514 RO-data=290 RW-data=36 ZI-data=1012  
FromELF: creating hex file...
".\output\AnBT_Main_FWH.axf" - 0 Error(s), 0 Warning(s).
