<?xml version="1.0"?>
<link_info>
   <banner>TI ARM Linker PC v5.1.1</banner>
   <copyright>Copyright (c) 1996-2013 Texas Instruments Incorporated</copyright>
   <link_time>0x54bcfdfd</link_time>
   <link_errors>0x0</link_errors>
   <output_file>FlyBoard_Test.out</output_file>
   <entry_point>
      <name>_c_int00</name>
      <address>0x93c5</address>
   </entry_point>
   <input_file_list>
      <input_file id="fl-2">
         <path>.\Attitude_Control\</path>
         <kind>object</kind>
         <file>attitude_Control.obj</file>
         <name>attitude_Control.obj</name>
      </input_file>
      <input_file id="fl-3">
         <path>.\Attitude_Control\</path>
         <kind>object</kind>
         <file>Motor.obj</file>
         <name>Motor.obj</name>
      </input_file>
      <input_file id="fl-4">
         <path>.\Filter\</path>
         <kind>object</kind>
         <file>complementary_filter.obj</file>
         <name>complementary_filter.obj</name>
      </input_file>
      <input_file id="fl-5">
         <path>.\MPU6050\</path>
         <kind>object</kind>
         <file>mpu6050dmp_attitude_angle_cal.obj</file>
         <name>mpu6050dmp_attitude_angle_cal.obj</name>
      </input_file>
      <input_file id="fl-6">
         <path>.\MPU6050\</path>
         <kind>object</kind>
         <file>inv_mpu_dmp_motion_driver.obj</file>
         <name>inv_mpu_dmp_motion_driver.obj</name>
      </input_file>
      <input_file id="fl-7">
         <path>.\MPU6050\</path>
         <kind>object</kind>
         <file>inv_mpu.obj</file>
         <name>inv_mpu.obj</name>
      </input_file>
      <input_file id="fl-8">
         <path>.\My_Source\</path>
         <kind>object</kind>
         <file>spi.obj</file>
         <name>spi.obj</name>
      </input_file>
      <input_file id="fl-9">
         <path>.\My_Source\</path>
         <kind>object</kind>
         <file>i2c.obj</file>
         <name>i2c.obj</name>
      </input_file>
      <input_file id="fl-a">
         <path>.\My_Source\</path>
         <kind>object</kind>
         <file>camera.obj</file>
         <name>camera.obj</name>
      </input_file>
      <input_file id="fl-b">
         <path>.\My_Source\</path>
         <kind>object</kind>
         <file>SystemInit.obj</file>
         <name>SystemInit.obj</name>
      </input_file>
      <input_file id="fl-c">
         <path>.\My_Source\</path>
         <kind>object</kind>
         <file>OLED_DATA.obj</file>
         <name>OLED_DATA.obj</name>
      </input_file>
      <input_file id="fl-d">
         <path>.\My_Source\</path>
         <kind>object</kind>
         <file>OLED.obj</file>
         <name>OLED.obj</name>
      </input_file>
      <input_file id="fl-e">
         <path>.\My_Source\</path>
         <kind>object</kind>
         <file>NRF24L01.obj</file>
         <name>NRF24L01.obj</name>
      </input_file>
      <input_file id="fl-f">
         <path>.\My_Source\</path>
         <kind>object</kind>
         <file>My_ext_Int.obj</file>
         <name>My_ext_Int.obj</name>
      </input_file>
      <input_file id="fl-10">
         <path>.\My_Source\</path>
         <kind>object</kind>
         <file>My_UART.obj</file>
         <name>My_UART.obj</name>
      </input_file>
      <input_file id="fl-11">
         <path>.\My_Source\</path>
         <kind>object</kind>
         <file>My_PeriodTimer.obj</file>
         <name>My_PeriodTimer.obj</name>
      </input_file>
      <input_file id="fl-12">
         <path>.\My_Source\</path>
         <kind>object</kind>
         <file>My_PWM.obj</file>
         <name>My_PWM.obj</name>
      </input_file>
      <input_file id="fl-13">
         <path>.\My_Source\</path>
         <kind>object</kind>
         <file>My_GetTimes.obj</file>
         <name>My_GetTimes.obj</name>
      </input_file>
      <input_file id="fl-14">
         <path>.\My_Source\</path>
         <kind>object</kind>
         <file>My_DMA.obj</file>
         <name>My_DMA.obj</name>
      </input_file>
      <input_file id="fl-15">
         <path>.\My_Source\</path>
         <kind>object</kind>
         <file>My_ADC.obj</file>
         <name>My_ADC.obj</name>
      </input_file>
      <input_file id="fl-16">
         <path>.\My_Source\</path>
         <kind>object</kind>
         <file>LED.obj</file>
         <name>LED.obj</name>
      </input_file>
      <input_file id="fl-17">
         <path>.\My_Source\</path>
         <kind>object</kind>
         <file>Keys.obj</file>
         <name>Keys.obj</name>
      </input_file>
      <input_file id="fl-18">
         <path>.\My_Source\</path>
         <kind>object</kind>
         <file>Delay.obj</file>
         <name>Delay.obj</name>
      </input_file>
      <input_file id="fl-19">
         <path>.\</path>
         <kind>object</kind>
         <file>uartstdio.obj</file>
         <name>uartstdio.obj</name>
      </input_file>
      <input_file id="fl-1a">
         <path>.\</path>
         <kind>object</kind>
         <file>tm4c123gh6pm_startup_ccs.obj</file>
         <name>tm4c123gh6pm_startup_ccs.obj</name>
      </input_file>
      <input_file id="fl-1b">
         <path>.\</path>
         <kind>object</kind>
         <file>main.obj</file>
         <name>main.obj</name>
      </input_file>
      <input_file id="fl-14a">
         <path>C:\ti\ccsv5\tools\compiler\arm_5.1.1\lib\</path>
         <kind>archive</kind>
         <file>rtsv7M4_T_le_v4SPD16_eabi.lib</file>
         <name>asin.obj</name>
      </input_file>
      <input_file id="fl-14b">
         <path>C:\ti\ccsv5\tools\compiler\arm_5.1.1\lib\</path>
         <kind>archive</kind>
         <file>rtsv7M4_T_le_v4SPD16_eabi.lib</file>
         <name>atan2.obj</name>
      </input_file>
      <input_file id="fl-14c">
         <path>C:\ti\ccsv5\tools\compiler\arm_5.1.1\lib\</path>
         <kind>archive</kind>
         <file>rtsv7M4_T_le_v4SPD16_eabi.lib</file>
         <name>atan2f.obj</name>
      </input_file>
      <input_file id="fl-14d">
         <path>C:\ti\ccsv5\tools\compiler\arm_5.1.1\lib\</path>
         <kind>archive</kind>
         <file>rtsv7M4_T_le_v4SPD16_eabi.lib</file>
         <name>boot.obj</name>
      </input_file>
      <input_file id="fl-14e">
         <path>C:\ti\ccsv5\tools\compiler\arm_5.1.1\lib\</path>
         <kind>archive</kind>
         <file>rtsv7M4_T_le_v4SPD16_eabi.lib</file>
         <name>copy_decompress_none.obj</name>
      </input_file>
      <input_file id="fl-14f">
         <path>C:\ti\ccsv5\tools\compiler\arm_5.1.1\lib\</path>
         <kind>archive</kind>
         <file>rtsv7M4_T_le_v4SPD16_eabi.lib</file>
         <name>copy_decompress_rle.obj</name>
      </input_file>
      <input_file id="fl-150">
         <path>C:\ti\ccsv5\tools\compiler\arm_5.1.1\lib\</path>
         <kind>archive</kind>
         <file>rtsv7M4_T_le_v4SPD16_eabi.lib</file>
         <name>copy_zero_init.obj</name>
      </input_file>
      <input_file id="fl-151">
         <path>C:\ti\ccsv5\tools\compiler\arm_5.1.1\lib\</path>
         <kind>archive</kind>
         <file>rtsv7M4_T_le_v4SPD16_eabi.lib</file>
         <name>cos.obj</name>
      </input_file>
      <input_file id="fl-152">
         <path>C:\ti\ccsv5\tools\compiler\arm_5.1.1\lib\</path>
         <kind>archive</kind>
         <file>rtsv7M4_T_le_v4SPD16_eabi.lib</file>
         <name>exit.obj</name>
      </input_file>
      <input_file id="fl-153">
         <path>C:\ti\ccsv5\tools\compiler\arm_5.1.1\lib\</path>
         <kind>archive</kind>
         <file>rtsv7M4_T_le_v4SPD16_eabi.lib</file>
         <name>fd_add_t2.obj</name>
      </input_file>
      <input_file id="fl-154">
         <path>C:\ti\ccsv5\tools\compiler\arm_5.1.1\lib\</path>
         <kind>archive</kind>
         <file>rtsv7M4_T_le_v4SPD16_eabi.lib</file>
         <name>fd_cmp_t2.obj</name>
      </input_file>
      <input_file id="fl-155">
         <path>C:\ti\ccsv5\tools\compiler\arm_5.1.1\lib\</path>
         <kind>archive</kind>
         <file>rtsv7M4_T_le_v4SPD16_eabi.lib</file>
         <name>fd_div_t2.obj</name>
      </input_file>
      <input_file id="fl-156">
         <path>C:\ti\ccsv5\tools\compiler\arm_5.1.1\lib\</path>
         <kind>archive</kind>
         <file>rtsv7M4_T_le_v4SPD16_eabi.lib</file>
         <name>fd_mul_t2.obj</name>
      </input_file>
      <input_file id="fl-157">
         <path>C:\ti\ccsv5\tools\compiler\arm_5.1.1\lib\</path>
         <kind>archive</kind>
         <file>rtsv7M4_T_le_v4SPD16_eabi.lib</file>
         <name>fd_tos_t2.obj</name>
      </input_file>
      <input_file id="fl-158">
         <path>C:\ti\ccsv5\tools\compiler\arm_5.1.1\lib\</path>
         <kind>archive</kind>
         <file>rtsv7M4_T_le_v4SPD16_eabi.lib</file>
         <name>fs_tod_t2.obj</name>
      </input_file>
      <input_file id="fl-159">
         <path>C:\ti\ccsv5\tools\compiler\arm_5.1.1\lib\</path>
         <kind>archive</kind>
         <file>rtsv7M4_T_le_v4SPD16_eabi.lib</file>
         <name>ll_div_t2.obj</name>
      </input_file>
      <input_file id="fl-15a">
         <path>C:\ti\ccsv5\tools\compiler\arm_5.1.1\lib\</path>
         <kind>archive</kind>
         <file>rtsv7M4_T_le_v4SPD16_eabi.lib</file>
         <name>ll_mul_t2.obj</name>
      </input_file>
      <input_file id="fl-15b">
         <path>C:\ti\ccsv5\tools\compiler\arm_5.1.1\lib\</path>
         <kind>archive</kind>
         <file>rtsv7M4_T_le_v4SPD16_eabi.lib</file>
         <name>memcmp.obj</name>
      </input_file>
      <input_file id="fl-15c">
         <path>C:\ti\ccsv5\tools\compiler\arm_5.1.1\lib\</path>
         <kind>archive</kind>
         <file>rtsv7M4_T_le_v4SPD16_eabi.lib</file>
         <name>memcpy_t2.obj</name>
      </input_file>
      <input_file id="fl-15d">
         <path>C:\ti\ccsv5\tools\compiler\arm_5.1.1\lib\</path>
         <kind>archive</kind>
         <file>rtsv7M4_T_le_v4SPD16_eabi.lib</file>
         <name>memset_t2.obj</name>
      </input_file>
      <input_file id="fl-15e">
         <path>C:\ti\ccsv5\tools\compiler\arm_5.1.1\lib\</path>
         <kind>archive</kind>
         <file>rtsv7M4_T_le_v4SPD16_eabi.lib</file>
         <name>sin.obj</name>
      </input_file>
      <input_file id="fl-15f">
         <path>C:\ti\ccsv5\tools\compiler\arm_5.1.1\lib\</path>
         <kind>archive</kind>
         <file>rtsv7M4_T_le_v4SPD16_eabi.lib</file>
         <name>sqrt.obj</name>
      </input_file>
      <input_file id="fl-160">
         <path>C:\ti\ccsv5\tools\compiler\arm_5.1.1\lib\</path>
         <kind>archive</kind>
         <file>rtsv7M4_T_le_v4SPD16_eabi.lib</file>
         <name>stkdepth_vars.obj</name>
      </input_file>
      <input_file id="fl-161">
         <path>C:\ti\ccsv5\tools\compiler\arm_5.1.1\lib\</path>
         <kind>archive</kind>
         <file>rtsv7M4_T_le_v4SPD16_eabi.lib</file>
         <name>u_divt2.obj</name>
      </input_file>
      <input_file id="fl-162">
         <path>C:\ti\ccsv5\tools\compiler\arm_5.1.1\lib\</path>
         <kind>archive</kind>
         <file>rtsv7M4_T_le_v4SPD16_eabi.lib</file>
         <name>xatan.obj</name>
      </input_file>
      <input_file id="fl-163">
         <path>C:\ti\ccsv5\tools\compiler\arm_5.1.1\lib\</path>
         <kind>archive</kind>
         <file>rtsv7M4_T_le_v4SPD16_eabi.lib</file>
         <name>xdscale.obj</name>
      </input_file>
      <input_file id="fl-164">
         <path>C:\ti\ccsv5\tools\compiler\arm_5.1.1\lib\</path>
         <kind>archive</kind>
         <file>rtsv7M4_T_le_v4SPD16_eabi.lib</file>
         <name>xdtest.obj</name>
      </input_file>
      <input_file id="fl-165">
         <path>C:\ti\ccsv5\tools\compiler\arm_5.1.1\lib\</path>
         <kind>archive</kind>
         <file>rtsv7M4_T_le_v4SPD16_eabi.lib</file>
         <name>xdunscal.obj</name>
      </input_file>
      <input_file id="fl-166">
         <path>C:\ti\ccsv5\tools\compiler\arm_5.1.1\lib\</path>
         <kind>archive</kind>
         <file>rtsv7M4_T_le_v4SPD16_eabi.lib</file>
         <name>xfatan.obj</name>
      </input_file>
      <input_file id="fl-167">
         <path>C:\ti\ccsv5\tools\compiler\arm_5.1.1\lib\</path>
         <kind>archive</kind>
         <file>rtsv7M4_T_le_v4SPD16_eabi.lib</file>
         <name>xfdtest.obj</name>
      </input_file>
      <input_file id="fl-168">
         <path>C:\ti\ccsv5\tools\compiler\arm_5.1.1\lib\</path>
         <kind>archive</kind>
         <file>rtsv7M4_T_le_v4SPD16_eabi.lib</file>
         <name>xferaise.obj</name>
      </input_file>
      <input_file id="fl-169">
         <path>C:\ti\ccsv5\tools\compiler\arm_5.1.1\lib\</path>
         <kind>archive</kind>
         <file>rtsv7M4_T_le_v4SPD16_eabi.lib</file>
         <name>xfvalues.obj</name>
      </input_file>
      <input_file id="fl-16a">
         <path>C:\ti\ccsv5\tools\compiler\arm_5.1.1\lib\</path>
         <kind>archive</kind>
         <file>rtsv7M4_T_le_v4SPD16_eabi.lib</file>
         <name>xsin.obj</name>
      </input_file>
      <input_file id="fl-16b">
         <path>C:\ti\ccsv5\tools\compiler\arm_5.1.1\lib\</path>
         <kind>archive</kind>
         <file>rtsv7M4_T_le_v4SPD16_eabi.lib</file>
         <name>xvalues.obj</name>
      </input_file>
      <input_file id="fl-16c">
         <path>C:\ti\ccsv5\tools\compiler\arm_5.1.1\lib\</path>
         <kind>archive</kind>
         <file>rtsv7M4_T_le_v4SPD16_eabi.lib</file>
         <name>_lock.obj</name>
      </input_file>
      <input_file id="fl-16d">
         <path>C:\ti\ccsv5\tools\compiler\arm_5.1.1\lib\</path>
         <kind>archive</kind>
         <file>rtsv7M4_T_le_v4SPD16_eabi.lib</file>
         <name>args_main.obj</name>
      </input_file>
      <input_file id="fl-16e">
         <path>C:\ti\ccsv5\tools\compiler\arm_5.1.1\lib\</path>
         <kind>archive</kind>
         <file>rtsv7M4_T_le_v4SPD16_eabi.lib</file>
         <name>auto_init.obj</name>
      </input_file>
      <input_file id="fl-16f">
         <path>C:\ti\ccsv5\tools\compiler\arm_5.1.1\lib\</path>
         <kind>archive</kind>
         <file>rtsv7M4_T_le_v4SPD16_eabi.lib</file>
         <name>cpy_tbl.obj</name>
      </input_file>
      <input_file id="fl-170">
         <path>C:\ti\ccsv5\tools\compiler\arm_5.1.1\lib\</path>
         <kind>archive</kind>
         <file>rtsv7M4_T_le_v4SPD16_eabi.lib</file>
         <name>errno.obj</name>
      </input_file>
      <input_file id="fl-171">
         <path>C:\ti\ccsv5\tools\compiler\arm_5.1.1\lib\</path>
         <kind>archive</kind>
         <file>rtsv7M4_T_le_v4SPD16_eabi.lib</file>
         <name>fd_toi_t2.obj</name>
      </input_file>
      <input_file id="fl-172">
         <path>C:\ti\ccsv5\tools\compiler\arm_5.1.1\lib\</path>
         <kind>archive</kind>
         <file>rtsv7M4_T_le_v4SPD16_eabi.lib</file>
         <name>feraiseexcept.obj</name>
      </input_file>
      <input_file id="fl-173">
         <path>C:\ti\ccsv5\tools\compiler\arm_5.1.1\lib\</path>
         <kind>archive</kind>
         <file>rtsv7M4_T_le_v4SPD16_eabi.lib</file>
         <name>fmod.obj</name>
      </input_file>
      <input_file id="fl-174">
         <path>C:\ti\ccsv5\tools\compiler\arm_5.1.1\lib\</path>
         <kind>archive</kind>
         <file>rtsv7M4_T_le_v4SPD16_eabi.lib</file>
         <name>i_tofd_t2.obj</name>
      </input_file>
      <input_file id="fl-175">
         <path>C:\ti\ccsv5\tools\compiler\arm_5.1.1\lib\</path>
         <kind>archive</kind>
         <file>rtsv7M4_T_le_v4SPD16_eabi.lib</file>
         <name>raise.obj</name>
      </input_file>
      <input_file id="fl-176">
         <path>C:\ti\ccsv5\tools\compiler\arm_5.1.1\lib\</path>
         <kind>archive</kind>
         <file>rtsv7M4_T_le_v4SPD16_eabi.lib</file>
         <name>signal.obj</name>
      </input_file>
      <input_file id="fl-177">
         <path>C:\ti\ccsv5\tools\compiler\arm_5.1.1\lib\</path>
         <kind>archive</kind>
         <file>rtsv7M4_T_le_v4SPD16_eabi.lib</file>
         <name>xdnorm.obj</name>
      </input_file>
      <input_file id="fl-178">
         <path>C:\ti\TivaWare_C_Series-2.1.0.12573\driverlib\ccs\Debug\</path>
         <kind>archive</kind>
         <file>driverlib.lib</file>
         <name>udma.obj</name>
      </input_file>
      <input_file id="fl-179">
         <path>C:\ti\TivaWare_C_Series-2.1.0.12573\driverlib\ccs\Debug\</path>
         <kind>archive</kind>
         <file>driverlib.lib</file>
         <name>uart.obj</name>
      </input_file>
      <input_file id="fl-17a">
         <path>C:\ti\TivaWare_C_Series-2.1.0.12573\driverlib\ccs\Debug\</path>
         <kind>archive</kind>
         <file>driverlib.lib</file>
         <name>timer.obj</name>
      </input_file>
      <input_file id="fl-17b">
         <path>C:\ti\TivaWare_C_Series-2.1.0.12573\driverlib\ccs\Debug\</path>
         <kind>archive</kind>
         <file>driverlib.lib</file>
         <name>sysctl.obj</name>
      </input_file>
      <input_file id="fl-17c">
         <path>C:\ti\TivaWare_C_Series-2.1.0.12573\driverlib\ccs\Debug\</path>
         <kind>archive</kind>
         <file>driverlib.lib</file>
         <name>pwm.obj</name>
      </input_file>
      <input_file id="fl-17d">
         <path>C:\ti\TivaWare_C_Series-2.1.0.12573\driverlib\ccs\Debug\</path>
         <kind>archive</kind>
         <file>driverlib.lib</file>
         <name>interrupt.obj</name>
      </input_file>
      <input_file id="fl-17e">
         <path>C:\ti\TivaWare_C_Series-2.1.0.12573\driverlib\ccs\Debug\</path>
         <kind>archive</kind>
         <file>driverlib.lib</file>
         <name>gpio.obj</name>
      </input_file>
      <input_file id="fl-17f">
         <path>C:\ti\TivaWare_C_Series-2.1.0.12573\driverlib\ccs\Debug\</path>
         <kind>archive</kind>
         <file>driverlib.lib</file>
         <name>cpu.obj</name>
      </input_file>
      <input_file id="fl-180">
         <path>C:\ti\TivaWare_C_Series-2.1.0.12573\driverlib\ccs\Debug\</path>
         <kind>archive</kind>
         <file>driverlib.lib</file>
         <name>adc.obj</name>
      </input_file>
   </input_file_list>
   <object_component_list>
      <object_component id="oc-e">
         <name>.intvecs</name>
         <load_address>0x0</load_address>
         <run_address>0x0</run_address>
         <size>0x26c</size>
         <input_file_ref idref="fl-1a"/>
      </object_component>
      <object_component id="oc-13e">
         <name>.text</name>
         <load_address>0x26c</load_address>
         <run_address>0x26c</run_address>
         <size>0x2568</size>
         <input_file_ref idref="fl-7"/>
      </object_component>
      <object_component id="oc-143">
         <name>.text</name>
         <load_address>0x27d4</load_address>
         <run_address>0x27d4</run_address>
         <size>0x109c</size>
         <input_file_ref idref="fl-6"/>
      </object_component>
      <object_component id="oc-a2">
         <name>.text</name>
         <load_address>0x3870</load_address>
         <run_address>0x3870</run_address>
         <size>0x103c</size>
         <input_file_ref idref="fl-2"/>
      </object_component>
      <object_component id="oc-2a6">
         <name>.text</name>
         <load_address>0x48ac</load_address>
         <run_address>0x48ac</run_address>
         <size>0xe98</size>
         <input_file_ref idref="fl-e"/>
      </object_component>
      <object_component id="oc-2ab">
         <name>.text</name>
         <load_address>0x5744</load_address>
         <run_address>0x5744</run_address>
         <size>0xb2c</size>
         <input_file_ref idref="fl-10"/>
      </object_component>
      <object_component id="oc-9d">
         <name>.text</name>
         <load_address>0x6270</load_address>
         <run_address>0x6270</run_address>
         <size>0x7f8</size>
         <input_file_ref idref="fl-5"/>
      </object_component>
      <object_component id="oc-230">
         <name>.text</name>
         <load_address>0x6a68</load_address>
         <run_address>0x6a68</run_address>
         <size>0x494</size>
         <input_file_ref idref="fl-9"/>
      </object_component>
      <object_component id="oc-2a1">
         <name>.text</name>
         <load_address>0x6efc</load_address>
         <run_address>0x6efc</run_address>
         <size>0x42c</size>
         <input_file_ref idref="fl-8"/>
      </object_component>
      <object_component id="oc-3db">
         <name>.text</name>
         <load_address>0x7328</load_address>
         <run_address>0x7328</run_address>
         <size>0x2a8</size>
         <input_file_ref idref="fl-16a"/>
      </object_component>
      <object_component id="oc-70">
         <name>.text</name>
         <load_address>0x75d0</load_address>
         <run_address>0x75d0</run_address>
         <size>0x298</size>
         <input_file_ref idref="fl-12"/>
      </object_component>
      <object_component id="oc-23d">
         <name>.text</name>
         <load_address>0x7868</load_address>
         <run_address>0x7868</run_address>
         <size>0x220</size>
         <input_file_ref idref="fl-159"/>
      </object_component>
      <object_component id="oc-29">
         <name>.text</name>
         <load_address>0x7a88</load_address>
         <run_address>0x7a88</run_address>
         <size>0x1d8</size>
         <input_file_ref idref="fl-11"/>
      </object_component>
      <object_component id="oc-19d">
         <name>.text</name>
         <load_address>0x7c60</load_address>
         <run_address>0x7c60</run_address>
         <size>0x1b6</size>
         <input_file_ref idref="fl-153"/>
      </object_component>
      <object_component id="oc-6b">
         <name>.text</name>
         <load_address>0x7e18</load_address>
         <run_address>0x7e18</run_address>
         <size>0x1b0</size>
         <input_file_ref idref="fl-17"/>
      </object_component>
      <object_component id="oc-267">
         <name>.text</name>
         <load_address>0x7fc8</load_address>
         <run_address>0x7fc8</run_address>
         <size>0x18c</size>
         <input_file_ref idref="fl-162"/>
      </object_component>
      <object_component id="oc-428">
         <name>.text</name>
         <load_address>0x8154</load_address>
         <run_address>0x8154</run_address>
         <size>0x16c</size>
         <input_file_ref idref="fl-173"/>
      </object_component>
      <object_component id="oc-262">
         <name>.text</name>
         <load_address>0x82c0</load_address>
         <run_address>0x82c0</run_address>
         <size>0x148</size>
         <input_file_ref idref="fl-15f"/>
      </object_component>
      <object_component id="oc-148">
         <name>.text</name>
         <load_address>0x8408</load_address>
         <run_address>0x8408</run_address>
         <size>0x144</size>
         <input_file_ref idref="fl-18"/>
      </object_component>
      <object_component id="oc-1a6">
         <name>.text</name>
         <load_address>0x854c</load_address>
         <run_address>0x854c</run_address>
         <size>0x136</size>
         <input_file_ref idref="fl-155"/>
      </object_component>
      <object_component id="oc-20c">
         <name>.text:GPIOPadConfigSet</name>
         <load_address>0x8682</load_address>
         <run_address>0x8682</run_address>
         <size>0x130</size>
         <input_file_ref idref="fl-17e"/>
      </object_component>
      <object_component id="oc-151">
         <name>.text</name>
         <load_address>0x87b4</load_address>
         <run_address>0x87b4</run_address>
         <size>0x11c</size>
         <input_file_ref idref="fl-14a"/>
      </object_component>
      <object_component id="oc-15e">
         <name>.text</name>
         <load_address>0x88d0</load_address>
         <run_address>0x88d0</run_address>
         <size>0x118</size>
         <input_file_ref idref="fl-14b"/>
      </object_component>
      <object_component id="oc-2e9">
         <name>.text</name>
         <load_address>0x89e8</load_address>
         <run_address>0x89e8</run_address>
         <size>0x110</size>
         <input_file_ref idref="fl-163"/>
      </object_component>
      <object_component id="oc-156">
         <name>.text</name>
         <load_address>0x8af8</load_address>
         <run_address>0x8af8</run_address>
         <size>0xfc</size>
         <input_file_ref idref="fl-156"/>
      </object_component>
      <object_component id="oc-297">
         <name>.text:SysCtlClockSet</name>
         <load_address>0x8bf4</load_address>
         <run_address>0x8bf4</run_address>
         <size>0xf0</size>
         <input_file_ref idref="fl-17b"/>
      </object_component>
      <object_component id="oc-3b5">
         <name>.text</name>
         <load_address>0x8ce4</load_address>
         <run_address>0x8ce4</run_address>
         <size>0xc4</size>
         <input_file_ref idref="fl-177"/>
      </object_component>
      <object_component id="oc-42">
         <name>.text</name>
         <load_address>0x8da8</load_address>
         <run_address>0x8da8</run_address>
         <size>0x9c</size>
         <input_file_ref idref="fl-15c"/>
      </object_component>
      <object_component id="oc-1ec">
         <name>.text</name>
         <load_address>0x8e44</load_address>
         <run_address>0x8e44</run_address>
         <size>0x98</size>
         <input_file_ref idref="fl-b"/>
      </object_component>
      <object_component id="oc-31">
         <name>.text</name>
         <load_address>0x8edc</load_address>
         <run_address>0x8edc</run_address>
         <size>0x94</size>
         <input_file_ref idref="fl-16e"/>
      </object_component>
      <object_component id="oc-29c">
         <name>.text</name>
         <load_address>0x8f70</load_address>
         <run_address>0x8f70</run_address>
         <size>0x90</size>
         <input_file_ref idref="fl-16"/>
      </object_component>
      <object_component id="oc-25e">
         <name>.text:__aeabi_cdcmple</name>
         <load_address>0x9000</load_address>
         <run_address>0x9000</run_address>
         <size>0x7e</size>
         <input_file_ref idref="fl-154"/>
      </object_component>
      <object_component id="oc-237">
         <name>.text</name>
         <load_address>0x907e</load_address>
         <run_address>0x907e</run_address>
         <size>0x78</size>
         <input_file_ref idref="fl-15d"/>
      </object_component>
      <object_component id="oc-1c3">
         <name>.text</name>
         <load_address>0x90f6</load_address>
         <run_address>0x90f6</run_address>
         <size>0x64</size>
         <input_file_ref idref="fl-3"/>
      </object_component>
      <object_component id="oc-2e4">
         <name>.text</name>
         <load_address>0x915a</load_address>
         <run_address>0x915a</run_address>
         <size>0x64</size>
         <input_file_ref idref="fl-165"/>
      </object_component>
      <object_component id="oc-93">
         <name>.text:IntEnable</name>
         <load_address>0x91c0</load_address>
         <run_address>0x91c0</run_address>
         <size>0x60</size>
         <input_file_ref idref="fl-17d"/>
      </object_component>
      <object_component id="oc-54">
         <name>.text</name>
         <load_address>0x9220</load_address>
         <run_address>0x9220</run_address>
         <size>0x5e</size>
         <input_file_ref idref="fl-14f"/>
      </object_component>
      <object_component id="oc-7a">
         <name>.text:TimerConfigure</name>
         <load_address>0x9280</load_address>
         <run_address>0x9280</run_address>
         <size>0x5c</size>
         <input_file_ref idref="fl-17a"/>
      </object_component>
      <object_component id="oc-30a">
         <name>.text:GPIOIntTypeSet</name>
         <load_address>0x92dc</load_address>
         <run_address>0x92dc</run_address>
         <size>0x56</size>
         <input_file_ref idref="fl-17e"/>
      </object_component>
      <object_component id="oc-15a">
         <name>.text</name>
         <load_address>0x9332</load_address>
         <run_address>0x9332</run_address>
         <size>0x4a</size>
         <input_file_ref idref="fl-157"/>
      </object_component>
      <object_component id="oc-102">
         <name>.text:GPIOPinConfigure</name>
         <load_address>0x937c</load_address>
         <run_address>0x937c</run_address>
         <size>0x48</size>
         <input_file_ref idref="fl-17e"/>
      </object_component>
      <object_component id="oc-10">
         <name>.text</name>
         <load_address>0x93c4</load_address>
         <run_address>0x93c4</run_address>
         <size>0x48</size>
         <input_file_ref idref="fl-14d"/>
      </object_component>
      <object_component id="oc-42d">
         <name>.text</name>
         <load_address>0x940c</load_address>
         <run_address>0x940c</run_address>
         <size>0x48</size>
         <input_file_ref idref="fl-171"/>
      </object_component>
      <object_component id="oc-b7">
         <name>.text</name>
         <load_address>0x9454</load_address>
         <run_address>0x9454</run_address>
         <size>0x44</size>
         <input_file_ref idref="fl-16f"/>
      </object_component>
      <object_component id="oc-3a">
         <name>.text</name>
         <load_address>0x9498</load_address>
         <run_address>0x9498</run_address>
         <size>0x44</size>
         <input_file_ref idref="fl-152"/>
      </object_component>
      <object_component id="oc-259">
         <name>.text</name>
         <load_address>0x94dc</load_address>
         <run_address>0x94dc</run_address>
         <size>0x44</size>
         <input_file_ref idref="fl-164"/>
      </object_component>
      <object_component id="oc-382">
         <name>.text:UARTConfigSetExpClk</name>
         <load_address>0x9520</load_address>
         <run_address>0x9520</run_address>
         <size>0x40</size>
         <input_file_ref idref="fl-179"/>
      </object_component>
      <object_component id="oc-3cd">
         <name>.text:_GPIOIntNumberGet</name>
         <load_address>0x9560</load_address>
         <run_address>0x9560</run_address>
         <size>0x40</size>
         <input_file_ref idref="fl-17e"/>
      </object_component>
      <object_component id="oc-402">
         <name>.text:_UARTIntNumberGet</name>
         <load_address>0x95a0</load_address>
         <run_address>0x95a0</run_address>
         <size>0x40</size>
         <input_file_ref idref="fl-179"/>
      </object_component>
      <object_component id="oc-411">
         <name>.text</name>
         <load_address>0x95e0</load_address>
         <run_address>0x95e0</run_address>
         <size>0x40</size>
         <input_file_ref idref="fl-176"/>
      </object_component>
      <object_component id="oc-14d">
         <name>.text</name>
         <load_address>0x9620</load_address>
         <run_address>0x9620</run_address>
         <size>0x38</size>
         <input_file_ref idref="fl-158"/>
      </object_component>
      <object_component id="oc-3d2">
         <name>.text:IntRegister</name>
         <load_address>0x9658</load_address>
         <run_address>0x9658</run_address>
         <size>0x34</size>
         <input_file_ref idref="fl-17d"/>
      </object_component>
      <object_component id="oc-75">
         <name>.text:SysCtlPeripheralEnable</name>
         <load_address>0x968c</load_address>
         <run_address>0x968c</run_address>
         <size>0x34</size>
         <input_file_ref idref="fl-17b"/>
      </object_component>
      <object_component id="oc-2f2">
         <name>.text</name>
         <load_address>0x96c0</load_address>
         <run_address>0x96c0</run_address>
         <size>0x34</size>
         <input_file_ref idref="fl-172"/>
      </object_component>
      <object_component id="oc-26c">
         <name>.text</name>
         <load_address>0x96f4</load_address>
         <run_address>0x96f4</run_address>
         <size>0x30</size>
         <input_file_ref idref="fl-168"/>
      </object_component>
      <object_component id="oc-431">
         <name>.text</name>
         <load_address>0x9724</load_address>
         <run_address>0x9724</run_address>
         <size>0x2e</size>
         <input_file_ref idref="fl-174"/>
      </object_component>
      <object_component id="oc-3c1">
         <name>.text</name>
         <load_address>0x9752</load_address>
         <run_address>0x9752</run_address>
         <size>0x2e</size>
         <input_file_ref idref="fl-175"/>
      </object_component>
      <object_component id="oc-207">
         <name>.text:GPIODirModeSet</name>
         <load_address>0x9780</load_address>
         <run_address>0x9780</run_address>
         <size>0x2a</size>
         <input_file_ref idref="fl-17e"/>
      </object_component>
      <object_component id="oc-89">
         <name>.text:IntPrioritySet</name>
         <load_address>0x97ac</load_address>
         <run_address>0x97ac</run_address>
         <size>0x24</size>
         <input_file_ref idref="fl-17d"/>
      </object_component>
      <object_component id="oc-10c">
         <name>.text:PWMGenConfigure</name>
         <load_address>0x97d0</load_address>
         <run_address>0x97d0</run_address>
         <size>0x22</size>
         <input_file_ref idref="fl-17c"/>
      </object_component>
      <object_component id="oc-241">
         <name>.text</name>
         <load_address>0x97f2</load_address>
         <run_address>0x97f2</run_address>
         <size>0x22</size>
         <input_file_ref idref="fl-15b"/>
      </object_component>
      <object_component id="oc-11b">
         <name>.text:PWMPulseWidthSet</name>
         <load_address>0x9814</load_address>
         <run_address>0x9814</run_address>
         <size>0x1e</size>
         <input_file_ref idref="fl-17c"/>
      </object_component>
      <object_component id="oc-3f4">
         <name>.text:UARTDisable</name>
         <load_address>0x9834</load_address>
         <run_address>0x9834</run_address>
         <size>0x1c</size>
         <input_file_ref idref="fl-179"/>
      </object_component>
      <object_component id="oc-328">
         <name>.text</name>
         <load_address>0x9850</load_address>
         <run_address>0x9850</run_address>
         <size>0x1a</size>
         <input_file_ref idref="fl-151"/>
      </object_component>
      <object_component id="oc-32d">
         <name>.text</name>
         <load_address>0x986a</load_address>
         <run_address>0x986a</run_address>
         <size>0x1a</size>
         <input_file_ref idref="fl-15e"/>
      </object_component>
      <object_component id="oc-314">
         <name>.text:GPIOIntRegister</name>
         <load_address>0x9884</load_address>
         <run_address>0x9884</run_address>
         <size>0x18</size>
         <input_file_ref idref="fl-17e"/>
      </object_component>
      <object_component id="oc-396">
         <name>.text:UARTIntRegister</name>
         <load_address>0x989c</load_address>
         <run_address>0x989c</run_address>
         <size>0x18</size>
         <input_file_ref idref="fl-179"/>
      </object_component>
      <object_component id="oc-35">
         <name>.text</name>
         <load_address>0x98b4</load_address>
         <run_address>0x98b4</run_address>
         <size>0x18</size>
         <input_file_ref idref="fl-16d"/>
      </object_component>
      <object_component id="oc-24e">
         <name>.text</name>
         <load_address>0x98cc</load_address>
         <run_address>0x98cc</run_address>
         <size>0x18</size>
         <input_file_ref idref="fl-15a"/>
      </object_component>
      <object_component id="oc-fd">
         <name>.text:SysCtlPWMClockSet</name>
         <load_address>0x98e4</load_address>
         <run_address>0x98e4</run_address>
         <size>0x14</size>
         <input_file_ref idref="fl-17b"/>
      </object_component>
      <object_component id="oc-3f9">
         <name>.text:UARTEnable</name>
         <load_address>0x98f8</load_address>
         <run_address>0x98f8</run_address>
         <size>0x14</size>
         <input_file_ref idref="fl-179"/>
      </object_component>
      <object_component id="oc-1f9">
         <name>.text</name>
         <load_address>0x990c</load_address>
         <run_address>0x990c</run_address>
         <size>0x14</size>
         <input_file_ref idref="fl-16c"/>
      </object_component>
      <object_component id="oc-f0">
         <name>.text:GPIOPinTypeGPIOInput</name>
         <load_address>0x9920</load_address>
         <run_address>0x9920</run_address>
         <size>0x12</size>
         <input_file_ref idref="fl-17e"/>
      </object_component>
      <object_component id="oc-107">
         <name>.text:GPIOPinTypePWM</name>
         <load_address>0x9932</load_address>
         <run_address>0x9932</run_address>
         <size>0x12</size>
         <input_file_ref idref="fl-17e"/>
      </object_component>
      <object_component id="oc-37d">
         <name>.text:GPIOPinTypeUART</name>
         <load_address>0x9944</load_address>
         <run_address>0x9944</run_address>
         <size>0x12</size>
         <input_file_ref idref="fl-17e"/>
      </object_component>
      <object_component id="oc-116">
         <name>.text:PWMGenPeriodGet</name>
         <load_address>0x9956</load_address>
         <run_address>0x9956</run_address>
         <size>0x12</size>
         <input_file_ref idref="fl-17c"/>
      </object_component>
      <object_component id="oc-120">
         <name>.text:PWMOutputState</name>
         <load_address>0x9968</load_address>
         <run_address>0x9968</run_address>
         <size>0x12</size>
         <input_file_ref idref="fl-17c"/>
      </object_component>
      <object_component id="oc-7f">
         <name>.text:TimerLoadSet</name>
         <load_address>0x997a</load_address>
         <run_address>0x997a</run_address>
         <size>0x12</size>
         <input_file_ref idref="fl-17a"/>
      </object_component>
      <object_component id="oc-19">
         <name>.text:decompress:ZI</name>
         <load_address>0x998c</load_address>
         <run_address>0x998c</run_address>
         <size>0x12</size>
         <input_file_ref idref="fl-150"/>
      </object_component>
      <object_component id="oc-111">
         <name>.text:PWMGenPeriodSet</name>
         <load_address>0x999e</load_address>
         <run_address>0x999e</run_address>
         <size>0x10</size>
         <input_file_ref idref="fl-17c"/>
      </object_component>
      <object_component id="oc-319">
         <name>.text:GPIOIntDisable</name>
         <load_address>0x99ae</load_address>
         <run_address>0x99ae</run_address>
         <size>0xe</size>
         <input_file_ref idref="fl-17e"/>
      </object_component>
      <object_component id="oc-31e">
         <name>.text:GPIOIntStatus</name>
         <load_address>0x99bc</load_address>
         <run_address>0x99bc</run_address>
         <size>0xe</size>
         <input_file_ref idref="fl-17e"/>
      </object_component>
      <object_component id="oc-98">
         <name>.text:TimerEnable</name>
         <load_address>0x99ca</load_address>
         <run_address>0x99ca</run_address>
         <size>0xe</size>
         <input_file_ref idref="fl-17a"/>
      </object_component>
      <object_component id="oc-14">
         <name>.text:decompress:none</name>
         <load_address>0x99d8</load_address>
         <run_address>0x99d8</run_address>
         <size>0xe</size>
         <input_file_ref idref="fl-14e"/>
      </object_component>
      <object_component id="oc-12f">
         <name>.text:CPUcpsie</name>
         <load_address>0x99e6</load_address>
         <run_address>0x99e6</run_address>
         <size>0xc</size>
         <input_file_ref idref="fl-17f"/>
      </object_component>
      <object_component id="oc-30f">
         <name>.text:GPIOIntEnable</name>
         <load_address>0x99f2</load_address>
         <run_address>0x99f2</run_address>
         <size>0xc</size>
         <input_file_ref idref="fl-17e"/>
      </object_component>
      <object_component id="oc-125">
         <name>.text:PWMGenEnable</name>
         <load_address>0x99fe</load_address>
         <run_address>0x99fe</run_address>
         <size>0xc</size>
         <input_file_ref idref="fl-17c"/>
      </object_component>
      <object_component id="oc-24">
         <name>.text</name>
         <load_address>0x9a0a</load_address>
         <run_address>0x9a0a</run_address>
         <size>0xc</size>
         <input_file_ref idref="fl-1a"/>
      </object_component>
      <object_component id="oc-84">
         <name>.text:IntMasterEnable</name>
         <load_address>0x9a16</load_address>
         <run_address>0x9a16</run_address>
         <size>0xa</size>
         <input_file_ref idref="fl-17d"/>
      </object_component>
      <object_component id="oc-61">
         <name>.text:TimerIntStatus</name>
         <load_address>0x9a20</load_address>
         <run_address>0x9a20</run_address>
         <size>0xa</size>
         <input_file_ref idref="fl-17a"/>
      </object_component>
      <object_component id="oc-36d">
         <name>.text:UARTCharGet</name>
         <load_address>0x9a2a</load_address>
         <run_address>0x9a2a</run_address>
         <size>0xa</size>
         <input_file_ref idref="fl-179"/>
      </object_component>
      <object_component id="oc-39b">
         <name>.text:UARTCharPut</name>
         <load_address>0x9a34</load_address>
         <run_address>0x9a34</run_address>
         <size>0xa</size>
         <input_file_ref idref="fl-179"/>
      </object_component>
      <object_component id="oc-38c">
         <name>.text:UARTFIFOEnable</name>
         <load_address>0x9a3e</load_address>
         <run_address>0x9a3e</run_address>
         <size>0xa</size>
         <input_file_ref idref="fl-179"/>
      </object_component>
      <object_component id="oc-363">
         <name>.text:UARTIntStatus</name>
         <load_address>0x9a48</load_address>
         <run_address>0x9a48</run_address>
         <size>0xa</size>
         <input_file_ref idref="fl-179"/>
      </object_component>
      <object_component id="oc-8e">
         <name>.text:TimerIntEnable</name>
         <load_address>0x9a52</load_address>
         <run_address>0x9a52</run_address>
         <size>0x8</size>
         <input_file_ref idref="fl-17a"/>
      </object_component>
      <object_component id="oc-391">
         <name>.text:UARTIntEnable</name>
         <load_address>0x9a5a</load_address>
         <run_address>0x9a5a</run_address>
         <size>0x8</size>
         <input_file_ref idref="fl-179"/>
      </object_component>
      <object_component id="oc-bd">
         <name>.text</name>
         <load_address>0x9a62</load_address>
         <run_address>0x9a62</run_address>
         <size>0x8</size>
         <input_file_ref idref="fl-1b"/>
      </object_component>
      <object_component id="oc-323">
         <name>.text:GPIOIntClear</name>
         <load_address>0x9a6a</load_address>
         <run_address>0x9a6a</run_address>
         <size>0x6</size>
         <input_file_ref idref="fl-17e"/>
      </object_component>
      <object_component id="oc-f5">
         <name>.text:GPIOPinRead</name>
         <load_address>0x9a70</load_address>
         <run_address>0x9a70</run_address>
         <size>0x6</size>
         <input_file_ref idref="fl-17e"/>
      </object_component>
      <object_component id="oc-33d">
         <name>.text:GPIOPinWrite</name>
         <load_address>0x9a76</load_address>
         <run_address>0x9a76</run_address>
         <size>0x6</size>
         <input_file_ref idref="fl-17e"/>
      </object_component>
      <object_component id="oc-307">
         <name>.text:SysCtlDelay</name>
         <load_address>0x9a7c</load_address>
         <run_address>0x9a7c</run_address>
         <size>0x6</size>
         <input_file_ref idref="fl-17b"/>
      </object_component>
      <object_component id="oc-387">
         <name>.text:UARTFIFOLevelSet</name>
         <load_address>0x9a82</load_address>
         <run_address>0x9a82</run_address>
         <size>0x6</size>
         <input_file_ref idref="fl-179"/>
      </object_component>
      <object_component id="oc-1e">
         <name>.text:decompress:rle24</name>
         <load_address>0x9a88</load_address>
         <run_address>0x9a88</run_address>
         <size>0x6</size>
         <input_file_ref idref="fl-14f"/>
      </object_component>
      <object_component id="oc-66">
         <name>.text:TimerIntClear</name>
         <load_address>0x9a8e</load_address>
         <run_address>0x9a8e</run_address>
         <size>0x4</size>
         <input_file_ref idref="fl-17a"/>
      </object_component>
      <object_component id="oc-368">
         <name>.text:UARTIntClear</name>
         <load_address>0x9a92</load_address>
         <run_address>0x9a92</run_address>
         <size>0x4</size>
         <input_file_ref idref="fl-179"/>
      </object_component>
      <object_component id="oc-24a">
         <name>.const:.string:dmp_memory</name>
         <load_address>0x9a98</load_address>
         <run_address>0x9a98</run_address>
         <size>0xbf6</size>
         <input_file_ref idref="fl-6"/>
      </object_component>
      <object_component id="oc-248">
         <name>.const</name>
         <load_address>0xa68e</load_address>
         <run_address>0xa68e</run_address>
         <size>0x2</size>
         <input_file_ref idref="fl-6"/>
      </object_component>
      <object_component id="oc-420">
         <name>.const:g_ppui32GPIOIntMapBlizzard</name>
         <load_address>0xa690</load_address>
         <run_address>0xa690</run_address>
         <size>0xc0</size>
         <input_file_ref idref="fl-17e"/>
      </object_component>
      <object_component id="oc-422">
         <name>.const:g_ppui32GPIOIntMapSnowflake</name>
         <load_address>0xa750</load_address>
         <run_address>0xa750</run_address>
         <size>0xc0</size>
         <input_file_ref idref="fl-17e"/>
      </object_component>
      <object_component id="oc-135">
         <name>.const:g_pui32Regs</name>
         <load_address>0xa810</load_address>
         <run_address>0xa810</run_address>
         <size>0x9c</size>
         <input_file_ref idref="fl-17d"/>
      </object_component>
      <object_component id="oc-217">
         <name>.const:g_pui32GPIOBaseAddrs</name>
         <load_address>0xa8ac</load_address>
         <run_address>0xa8ac</run_address>
         <size>0x90</size>
         <input_file_ref idref="fl-17e"/>
      </object_component>
      <object_component id="oc-2ef">
         <name>.const</name>
         <load_address>0xa940</load_address>
         <run_address>0xa940</run_address>
         <size>0x88</size>
         <input_file_ref idref="fl-162"/>
      </object_component>
      <object_component id="oc-435">
         <name>.const</name>
         <load_address>0xa9c8</load_address>
         <run_address>0xa9c8</run_address>
         <size>0x80</size>
         <input_file_ref idref="fl-16a"/>
      </object_component>
      <object_component id="oc-13a">
         <name>.const</name>
         <load_address>0xaa48</load_address>
         <run_address>0xaa48</run_address>
         <size>0x70</size>
         <input_file_ref idref="fl-17d"/>
      </object_component>
      <object_component id="oc-24c">
         <name>.const:.string</name>
         <load_address>0xaab8</load_address>
         <run_address>0xaab8</run_address>
         <size>0x40</size>
         <input_file_ref idref="fl-6"/>
      </object_component>
      <object_component id="oc-440">
         <name>.const:g_ppui32UARTIntMap</name>
         <load_address>0xaaf8</load_address>
         <run_address>0xaaf8</run_address>
         <size>0x40</size>
         <input_file_ref idref="fl-179"/>
      </object_component>
      <object_component id="oc-442">
         <name>.const:g_ppui32UARTIntMapSnowflake</name>
         <load_address>0xab38</load_address>
         <run_address>0xab38</run_address>
         <size>0x40</size>
         <input_file_ref idref="fl-179"/>
      </object_component>
      <object_component id="oc-23b">
         <name>.const:test</name>
         <load_address>0xab78</load_address>
         <run_address>0xab78</run_address>
         <size>0x28</size>
         <input_file_ref idref="fl-7"/>
      </object_component>
      <object_component id="oc-2be">
         <name>.const</name>
         <load_address>0xaba0</load_address>
         <run_address>0xaba0</run_address>
         <size>0x27</size>
         <input_file_ref idref="fl-7"/>
      </object_component>
      <object_component id="oc-1aa">
         <name>.const</name>
         <load_address>0xabc8</load_address>
         <run_address>0xabc8</run_address>
         <size>0x8</size>
         <input_file_ref idref="fl-2"/>
      </object_component>
      <object_component id="oc-48a">
         <name>.cinit..data.load</name>
         <load_address>0xabd0</load_address>
         <run_address>0xabd0</run_address>
         <size>0x94</size>
      </object_component>
      <object_component id="oc-487">
         <name>__TI_handler_table</name>
         <load_address>0xac64</load_address>
         <run_address>0xac64</run_address>
         <size>0xc</size>
      </object_component>
      <object_component id="oc-48b">
         <name>.cinit..bss.load</name>
         <load_address>0xac70</load_address>
         <run_address>0xac70</run_address>
         <size>0x8</size>
      </object_component>
      <object_component id="oc-489">
         <name>.cinit..vtable.load</name>
         <load_address>0xac78</load_address>
         <run_address>0xac78</run_address>
         <size>0x8</size>
      </object_component>
      <object_component id="oc-488">
         <name>__TI_cinit_table</name>
         <load_address>0xac80</load_address>
         <run_address>0xac80</run_address>
         <size>0x18</size>
      </object_component>
      <object_component id="oc-425">
         <name>.vtable</name>
         <uninitialized>true</uninitialized>
         <run_address>0x20000000</run_address>
         <size>0x26c</size>
         <input_file_ref idref="fl-17d"/>
      </object_component>
      <object_component id="oc-3f">
         <name>.data</name>
         <load_address>0x20000ce8</load_address>
         <run_address>0x20000ce8</run_address>
         <size>0x4</size>
         <input_file_ref idref="fl-160"/>
      </object_component>
      <object_component id="oc-ab">
         <name>.data</name>
         <load_address>0x20000cd4</load_address>
         <run_address>0x20000cd4</run_address>
         <size>0x6</size>
         <input_file_ref idref="fl-11"/>
      </object_component>
      <object_component id="oc-c9">
         <name>.data</name>
         <load_address>0x20000cb4</load_address>
         <run_address>0x20000cb4</run_address>
         <size>0x8</size>
         <input_file_ref idref="fl-16c"/>
      </object_component>
      <object_component id="oc-cb">
         <name>.data</name>
         <load_address>0x20000cbc</load_address>
         <run_address>0x20000cbc</run_address>
         <size>0x8</size>
         <input_file_ref idref="fl-152"/>
      </object_component>
      <object_component id="oc-fa">
         <name>.data</name>
         <load_address>0x20000caa</load_address>
         <run_address>0x20000caa</run_address>
         <size>0x9</size>
         <input_file_ref idref="fl-17"/>
      </object_component>
      <object_component id="oc-164">
         <name>.data</name>
         <load_address>0x20000c28</load_address>
         <run_address>0x20000c28</run_address>
         <size>0x38</size>
         <input_file_ref idref="fl-5"/>
      </object_component>
      <object_component id="oc-19c">
         <name>.data</name>
         <load_address>0x20000b20</load_address>
         <run_address>0x20000b20</run_address>
         <size>0x88</size>
         <input_file_ref idref="fl-2"/>
      </object_component>
      <object_component id="oc-235">
         <name>.data:st</name>
         <load_address>0x20000c60</load_address>
         <run_address>0x20000c60</run_address>
         <size>0x2c</size>
         <input_file_ref idref="fl-7"/>
      </object_component>
      <object_component id="oc-252">
         <name>.data</name>
         <load_address>0x20000c8c</load_address>
         <run_address>0x20000c8c</run_address>
         <size>0x10</size>
         <input_file_ref idref="fl-6"/>
      </object_component>
      <object_component id="oc-271">
         <name>.data</name>
         <load_address>0x20000ba8</load_address>
         <run_address>0x20000ba8</run_address>
         <size>0x80</size>
         <input_file_ref idref="fl-16b"/>
      </object_component>
      <object_component id="oc-2f7">
         <name>.data</name>
         <load_address>0x20000ce4</load_address>
         <run_address>0x20000ce4</run_address>
         <size>0x4</size>
         <input_file_ref idref="fl-170"/>
      </object_component>
      <object_component id="oc-337">
         <name>.data</name>
         <load_address>0x20000ccc</load_address>
         <run_address>0x20000ccc</run_address>
         <size>0x8</size>
         <input_file_ref idref="fl-8"/>
      </object_component>
      <object_component id="oc-342">
         <name>.data</name>
         <load_address>0x20000c9c</load_address>
         <run_address>0x20000c9c</run_address>
         <size>0xd</size>
         <input_file_ref idref="fl-e"/>
      </object_component>
      <object_component id="oc-37b">
         <name>.data</name>
         <load_address>0x20000cdc</load_address>
         <run_address>0x20000cdc</run_address>
         <size>0x6</size>
         <input_file_ref idref="fl-10"/>
      </object_component>
      <object_component id="oc-3c6">
         <name>.data</name>
         <load_address>0x20000cc4</load_address>
         <run_address>0x20000cc4</run_address>
         <size>0x8</size>
         <input_file_ref idref="fl-172"/>
      </object_component>
      <object_component id="oc-447">
         <name>.data:sigtable</name>
         <load_address>0x20000a70</load_address>
         <run_address>0x20000a70</run_address>
         <size>0xb0</size>
         <input_file_ref idref="fl-176"/>
      </object_component>
      <object_component id="oc-183">
         <name>.bss:Attitude</name>
         <uninitialized>true</uninitialized>
         <run_address>0x20000cec</run_address>
         <size>0x28</size>
         <input_file_ref idref="fl-8"/>
      </object_component>
      <object_component id="oc-1d7">
         <name>.common:PID_ROL</name>
         <uninitialized>true</uninitialized>
         <run_address>0x20000e8c</run_address>
         <size>0x18</size>
      </object_component>
      <object_component id="oc-1d6">
         <name>.common:PID_PIT</name>
         <uninitialized>true</uninitialized>
         <run_address>0x20000e74</run_address>
         <size>0x18</size>
      </object_component>
      <object_component id="oc-1c8">
         <name>.common:PID_YAW</name>
         <uninitialized>true</uninitialized>
         <run_address>0x20000ea4</run_address>
         <size>0x18</size>
      </object_component>
      <object_component id="oc-1a5">
         <name>.common:SUM_ERROR</name>
         <uninitialized>true</uninitialized>
         <run_address>0x20000ebc</run_address>
         <size>0x18</size>
      </object_component>
      <object_component id="oc-163">
         <name>.common:result$2</name>
         <uninitialized>true</uninitialized>
         <run_address>0x20000f1c</run_address>
         <size>0x4</size>
      </object_component>
      <object_component id="oc-169">
         <name>.common:sensor_timestamp$4</name>
         <uninitialized>true</uninitialized>
         <run_address>0x20000f2c</run_address>
         <size>0x4</size>
      </object_component>
      <object_component id="oc-166">
         <name>.common:sensors$5</name>
         <uninitialized>true</uninitialized>
         <run_address>0x20000f4e</run_address>
         <size>0x2</size>
      </object_component>
      <object_component id="oc-167">
         <name>.common:more$6</name>
         <uninitialized>true</uninitialized>
         <run_address>0x20000f53</run_address>
         <size>0x1</size>
      </object_component>
      <object_component id="oc-16c">
         <name>.common:quat$7</name>
         <uninitialized>true</uninitialized>
         <run_address>0x20000ee4</run_address>
         <size>0x10</size>
      </object_component>
      <object_component id="oc-176">
         <name>.common:sensor_timestamp$12</name>
         <uninitialized>true</uninitialized>
         <run_address>0x20000f28</run_address>
         <size>0x4</size>
      </object_component>
      <object_component id="oc-171">
         <name>.common:sensors$13</name>
         <uninitialized>true</uninitialized>
         <run_address>0x20000f4c</run_address>
         <size>0x2</size>
      </object_component>
      <object_component id="oc-172">
         <name>.common:more$14</name>
         <uninitialized>true</uninitialized>
         <run_address>0x20000f52</run_address>
         <size>0x1</size>
      </object_component>
      <object_component id="oc-179">
         <name>.common:quat$15</name>
         <uninitialized>true</uninitialized>
         <run_address>0x20000ed4</run_address>
         <size>0x10</size>
      </object_component>
      <object_component id="oc-173">
         <name>.common:gyro$16</name>
         <uninitialized>true</uninitialized>
         <run_address>0x20000f04</run_address>
         <size>0x8</size>
      </object_component>
      <object_component id="oc-174">
         <name>.common:accel$17</name>
         <uninitialized>true</uninitialized>
         <run_address>0x20000ef4</run_address>
         <size>0x8</size>
      </object_component>
      <object_component id="oc-336">
         <name>.common:NRF_recv_16$1</name>
         <uninitialized>true</uninitialized>
         <run_address>0x20000d14</run_address>
         <size>0x20</size>
      </object_component>
      <object_component id="oc-335">
         <name>.common:key_coding$2</name>
         <uninitialized>true</uninitialized>
         <run_address>0x20000f4a</run_address>
         <size>0x2</size>
      </object_component>
      <object_component id="oc-339">
         <name>.common:stopFlag</name>
         <uninitialized>true</uninitialized>
         <run_address>0x20000f56</run_address>
         <size>0x1</size>
      </object_component>
      <object_component id="oc-33a">
         <name>.common:startFlag</name>
         <uninitialized>true</uninitialized>
         <run_address>0x20000f55</run_address>
         <size>0x1</size>
      </object_component>
      <object_component id="oc-33b">
         <name>.common:delayTimes</name>
         <uninitialized>true</uninitialized>
         <run_address>0x20000f48</run_address>
         <size>0x2</size>
      </object_component>
      <object_component id="oc-333">
         <name>.common:myYawVal</name>
         <uninitialized>true</uninitialized>
         <run_address>0x20000f14</run_address>
         <size>0x4</size>
      </object_component>
      <object_component id="oc-1ac">
         <name>.common:pitch</name>
         <uninitialized>true</uninitialized>
         <run_address>0x20000f18</run_address>
         <size>0x4</size>
      </object_component>
      <object_component id="oc-1ad">
         <name>.common:roll</name>
         <uninitialized>true</uninitialized>
         <run_address>0x20000f20</run_address>
         <size>0x4</size>
      </object_component>
      <object_component id="oc-1cb">
         <name>.common:yaw</name>
         <uninitialized>true</uninitialized>
         <run_address>0x20000f34</run_address>
         <size>0x4</size>
      </object_component>
      <object_component id="oc-358">
         <name>.common:sta</name>
         <uninitialized>true</uninitialized>
         <run_address>0x20000f54</run_address>
         <size>0x1</size>
      </object_component>
      <object_component id="oc-348">
         <name>.common:dat$1</name>
         <uninitialized>true</uninitialized>
         <run_address>0x20000f38</run_address>
         <size>0x2</size>
      </object_component>
      <object_component id="oc-347">
         <name>.common:dat_8$2</name>
         <uninitialized>true</uninitialized>
         <run_address>0x20000e14</run_address>
         <size>0x20</size>
      </object_component>
      <object_component id="oc-34b">
         <name>.common:dat$3</name>
         <uninitialized>true</uninitialized>
         <run_address>0x20000f46</run_address>
         <size>0x2</size>
      </object_component>
      <object_component id="oc-349">
         <name>.common:dat_8$4</name>
         <uninitialized>true</uninitialized>
         <run_address>0x20000e54</run_address>
         <size>0x20</size>
      </object_component>
      <object_component id="oc-34e">
         <name>.common:TX_dat_8$8</name>
         <uninitialized>true</uninitialized>
         <run_address>0x20000d94</run_address>
         <size>0x20</size>
      </object_component>
      <object_component id="oc-350">
         <name>.common:RX_dat_8$9</name>
         <uninitialized>true</uninitialized>
         <run_address>0x20000d54</run_address>
         <size>0x20</size>
      </object_component>
      <object_component id="oc-34f">
         <name>.common:dat$10</name>
         <uninitialized>true</uninitialized>
         <run_address>0x20000f3a</run_address>
         <size>0x2</size>
      </object_component>
      <object_component id="oc-352">
         <name>.common:TX_dat_8$11</name>
         <uninitialized>true</uninitialized>
         <run_address>0x20000d74</run_address>
         <size>0x20</size>
      </object_component>
      <object_component id="oc-354">
         <name>.common:RX_dat_8$12</name>
         <uninitialized>true</uninitialized>
         <run_address>0x20000d34</run_address>
         <size>0x20</size>
      </object_component>
      <object_component id="oc-353">
         <name>.common:dat$13</name>
         <uninitialized>true</uninitialized>
         <run_address>0x20000f3c</run_address>
         <size>0x2</size>
      </object_component>
      <object_component id="oc-357">
         <name>.common:dat$14</name>
         <uninitialized>true</uninitialized>
         <run_address>0x20000f3e</run_address>
         <size>0x2</size>
      </object_component>
      <object_component id="oc-356">
         <name>.common:dat_8$15</name>
         <uninitialized>true</uninitialized>
         <run_address>0x20000db4</run_address>
         <size>0x20</size>
      </object_component>
      <object_component id="oc-35b">
         <name>.common:dat$16</name>
         <uninitialized>true</uninitialized>
         <run_address>0x20000f40</run_address>
         <size>0x2</size>
      </object_component>
      <object_component id="oc-359">
         <name>.common:dat_8$17</name>
         <uninitialized>true</uninitialized>
         <run_address>0x20000dd4</run_address>
         <size>0x20</size>
      </object_component>
      <object_component id="oc-35e">
         <name>.common:dat$18</name>
         <uninitialized>true</uninitialized>
         <run_address>0x20000f42</run_address>
         <size>0x2</size>
      </object_component>
      <object_component id="oc-35c">
         <name>.common:dat_8$19</name>
         <uninitialized>true</uninitialized>
         <run_address>0x20000df4</run_address>
         <size>0x20</size>
      </object_component>
      <object_component id="oc-361">
         <name>.common:dat$20</name>
         <uninitialized>true</uninitialized>
         <run_address>0x20000f44</run_address>
         <size>0x2</size>
      </object_component>
      <object_component id="oc-35f">
         <name>.common:dat_8$21</name>
         <uninitialized>true</uninitialized>
         <run_address>0x20000e34</run_address>
         <size>0x20</size>
      </object_component>
      <object_component id="oc-3a7">
         <name>.common:send_muxByte_Tmp</name>
         <uninitialized>true</uninitialized>
         <run_address>0x20000f24</run_address>
         <size>0x4</size>
      </object_component>
      <object_component id="oc-37a">
         <name>.common:serialFIFO_RX</name>
         <uninitialized>true</uninitialized>
         <run_address>0x20000f0c</run_address>
         <size>0x8</size>
      </object_component>
      <object_component id="oc-ad">
         <name>.common:gtmp</name>
         <uninitialized>true</uninitialized>
         <run_address>0x20000efc</run_address>
         <size>0x8</size>
      </object_component>
      <object_component id="oc-a7">
         <name>.common:timeCounter</name>
         <uninitialized>true</uninitialized>
         <run_address>0x20000f30</run_address>
         <size>0x4</size>
      </object_component>
      <object_component id="oc-a9">
         <name>.common:keyStatus</name>
         <uninitialized>true</uninitialized>
         <run_address>0x20000f51</run_address>
         <size>0x1</size>
      </object_component>
      <object_component id="oc-aa">
         <name>.common:iss</name>
         <uninitialized>true</uninitialized>
         <run_address>0x20000f50</run_address>
         <size>0x1</size>
      </object_component>
      <object_component id="oc-23">
         <name>.stack</name>
         <uninitialized>true</uninitialized>
         <run_address>0x2000026c</run_address>
         <size>0x0</size>
         <input_file_ref idref="fl-14d"/>
      </object_component>
      <object_component id="oc-48c">
         <name>.stack</name>
         <uninitialized>true</uninitialized>
         <run_address>0x2000026c</run_address>
         <size>0x0</size>
      </object_component>
      <object_component id="oc-f">
         <name>.debug_info</name>
         <load_address>0x0</load_address>
         <run_address>0x0</run_address>
         <size>0xe3</size>
         <input_file_ref idref="fl-1a"/>
      </object_component>
      <object_component id="oc-12">
         <name>.debug_info</name>
         <load_address>0xe3</load_address>
         <run_address>0xe3</run_address>
         <size>0xf3</size>
         <input_file_ref idref="fl-14d"/>
      </object_component>
      <object_component id="oc-15">
         <name>.debug_info</name>
         <load_address>0x1d6</load_address>
         <run_address>0x1d6</run_address>
         <size>0x194</size>
         <input_file_ref idref="fl-14e"/>
      </object_component>
      <object_component id="oc-1d">
         <name>.debug_info</name>
         <load_address>0x36a</load_address>
         <run_address>0x36a</run_address>
         <size>0x16a</size>
         <input_file_ref idref="fl-150"/>
      </object_component>
      <object_component id="oc-22">
         <name>.debug_info</name>
         <load_address>0x4d4</load_address>
         <run_address>0x4d4</run_address>
         <size>0x18e</size>
         <input_file_ref idref="fl-14f"/>
      </object_component>
      <object_component id="oc-25">
         <name>.debug_info</name>
         <load_address>0x662</load_address>
         <run_address>0x662</run_address>
         <size>0x25f</size>
         <input_file_ref idref="fl-1a"/>
      </object_component>
      <object_component id="oc-2a">
         <name>.debug_info</name>
         <load_address>0x8c1</load_address>
         <run_address>0x8c1</run_address>
         <size>0x587</size>
         <input_file_ref idref="fl-11"/>
      </object_component>
      <object_component id="oc-30">
         <name>.debug_info</name>
         <load_address>0xe48</load_address>
         <run_address>0xe48</run_address>
         <size>0x14c</size>
         <input_file_ref idref="fl-1a"/>
      </object_component>
      <object_component id="oc-34">
         <name>.debug_info</name>
         <load_address>0xf94</load_address>
         <run_address>0xf94</run_address>
         <size>0x13d</size>
         <input_file_ref idref="fl-16e"/>
      </object_component>
      <object_component id="oc-38">
         <name>.debug_info</name>
         <load_address>0x10d1</load_address>
         <run_address>0x10d1</run_address>
         <size>0x11c</size>
         <input_file_ref idref="fl-16d"/>
      </object_component>
      <object_component id="oc-3c">
         <name>.debug_info</name>
         <load_address>0x11ed</load_address>
         <run_address>0x11ed</run_address>
         <size>0x1c2</size>
         <input_file_ref idref="fl-152"/>
      </object_component>
      <object_component id="oc-40">
         <name>.debug_info</name>
         <load_address>0x13af</load_address>
         <run_address>0x13af</run_address>
         <size>0xbe</size>
         <input_file_ref idref="fl-160"/>
      </object_component>
      <object_component id="oc-44">
         <name>.debug_info</name>
         <load_address>0x146d</load_address>
         <run_address>0x146d</run_address>
         <size>0xcc</size>
         <input_file_ref idref="fl-15c"/>
      </object_component>
      <object_component id="oc-47">
         <name>.debug_info</name>
         <load_address>0x1539</load_address>
         <run_address>0x1539</run_address>
         <size>0x46</size>
         <input_file_ref idref="fl-14e"/>
      </object_component>
      <object_component id="oc-4c">
         <name>.debug_info</name>
         <load_address>0x157f</load_address>
         <run_address>0x157f</run_address>
         <size>0xf2</size>
         <input_file_ref idref="fl-14e"/>
      </object_component>
      <object_component id="oc-4e">
         <name>.debug_info</name>
         <load_address>0x1671</load_address>
         <run_address>0x1671</run_address>
         <size>0x46</size>
         <input_file_ref idref="fl-150"/>
      </object_component>
      <object_component id="oc-53">
         <name>.debug_info</name>
         <load_address>0x16b7</load_address>
         <run_address>0x16b7</run_address>
         <size>0xad</size>
         <input_file_ref idref="fl-150"/>
      </object_component>
      <object_component id="oc-55">
         <name>.debug_info</name>
         <load_address>0x1764</load_address>
         <run_address>0x1764</run_address>
         <size>0x1ef</size>
         <input_file_ref idref="fl-14f"/>
      </object_component>
      <object_component id="oc-5a">
         <name>.debug_info</name>
         <load_address>0x1953</load_address>
         <run_address>0x1953</run_address>
         <size>0xb7</size>
         <input_file_ref idref="fl-14f"/>
      </object_component>
      <object_component id="oc-5b">
         <name>.debug_info</name>
         <load_address>0x1a0a</load_address>
         <run_address>0x1a0a</run_address>
         <size>0x39</size>
         <input_file_ref idref="fl-14f"/>
      </object_component>
      <object_component id="oc-63">
         <name>.debug_info</name>
         <load_address>0x1a43</load_address>
         <run_address>0x1a43</run_address>
         <size>0x1e8</size>
         <input_file_ref idref="fl-17a"/>
      </object_component>
      <object_component id="oc-68">
         <name>.debug_info</name>
         <load_address>0x1c2b</load_address>
         <run_address>0x1c2b</run_address>
         <size>0x1f6</size>
         <input_file_ref idref="fl-17a"/>
      </object_component>
      <object_component id="oc-6c">
         <name>.debug_info</name>
         <load_address>0x1e21</load_address>
         <run_address>0x1e21</run_address>
         <size>0x2a9</size>
         <input_file_ref idref="fl-17"/>
      </object_component>
      <object_component id="oc-71">
         <name>.debug_info</name>
         <load_address>0x20ca</load_address>
         <run_address>0x20ca</run_address>
         <size>0x764</size>
         <input_file_ref idref="fl-12"/>
      </object_component>
      <object_component id="oc-76">
         <name>.debug_info</name>
         <load_address>0x282e</load_address>
         <run_address>0x282e</run_address>
         <size>0x1e1</size>
         <input_file_ref idref="fl-17b"/>
      </object_component>
      <object_component id="oc-7c">
         <name>.debug_info</name>
         <load_address>0x2a0f</load_address>
         <run_address>0x2a0f</run_address>
         <size>0x1f0</size>
         <input_file_ref idref="fl-17a"/>
      </object_component>
      <object_component id="oc-80">
         <name>.debug_info</name>
         <load_address>0x2bff</load_address>
         <run_address>0x2bff</run_address>
         <size>0x21e</size>
         <input_file_ref idref="fl-17a"/>
      </object_component>
      <object_component id="oc-85">
         <name>.debug_info</name>
         <load_address>0x2e1d</load_address>
         <run_address>0x2e1d</run_address>
         <size>0x1a2</size>
         <input_file_ref idref="fl-17d"/>
      </object_component>
      <object_component id="oc-8a">
         <name>.debug_info</name>
         <load_address>0x2fbf</load_address>
         <run_address>0x2fbf</run_address>
         <size>0x22d</size>
         <input_file_ref idref="fl-17d"/>
      </object_component>
      <object_component id="oc-90">
         <name>.debug_info</name>
         <load_address>0x31ec</load_address>
         <run_address>0x31ec</run_address>
         <size>0x1f8</size>
         <input_file_ref idref="fl-17a"/>
      </object_component>
      <object_component id="oc-94">
         <name>.debug_info</name>
         <load_address>0x33e4</load_address>
         <run_address>0x33e4</run_address>
         <size>0x1cc</size>
         <input_file_ref idref="fl-17d"/>
      </object_component>
      <object_component id="oc-9a">
         <name>.debug_info</name>
         <load_address>0x35b0</load_address>
         <run_address>0x35b0</run_address>
         <size>0x1e3</size>
         <input_file_ref idref="fl-17a"/>
      </object_component>
      <object_component id="oc-9e">
         <name>.debug_info</name>
         <load_address>0x3793</load_address>
         <run_address>0x3793</run_address>
         <size>0xddb</size>
         <input_file_ref idref="fl-5"/>
      </object_component>
      <object_component id="oc-a3">
         <name>.debug_info</name>
         <load_address>0x456e</load_address>
         <run_address>0x456e</run_address>
         <size>0x14a5</size>
         <input_file_ref idref="fl-2"/>
      </object_component>
      <object_component id="oc-a8">
         <name>.debug_info</name>
         <load_address>0x5a13</load_address>
         <run_address>0x5a13</run_address>
         <size>0x1ee</size>
         <input_file_ref idref="fl-1b"/>
      </object_component>
      <object_component id="oc-ac">
         <name>.debug_info</name>
         <load_address>0x5c01</load_address>
         <run_address>0x5c01</run_address>
         <size>0xf2</size>
         <input_file_ref idref="fl-11"/>
      </object_component>
      <object_component id="oc-ae">
         <name>.debug_info</name>
         <load_address>0x5cf3</load_address>
         <run_address>0x5cf3</run_address>
         <size>0x456</size>
         <input_file_ref idref="fl-11"/>
      </object_component>
      <object_component id="oc-b0">
         <name>.debug_info</name>
         <load_address>0x6149</load_address>
         <run_address>0x6149</run_address>
         <size>0x18b</size>
         <input_file_ref idref="fl-2"/>
      </object_component>
      <object_component id="oc-b8">
         <name>.debug_info</name>
         <load_address>0x62d4</load_address>
         <run_address>0x62d4</run_address>
         <size>0x14b</size>
         <input_file_ref idref="fl-16f"/>
      </object_component>
      <object_component id="oc-be">
         <name>.debug_info</name>
         <load_address>0x641f</load_address>
         <run_address>0x641f</run_address>
         <size>0xf8</size>
         <input_file_ref idref="fl-1b"/>
      </object_component>
      <object_component id="oc-c3">
         <name>.debug_info</name>
         <load_address>0x6517</load_address>
         <run_address>0x6517</run_address>
         <size>0x84</size>
         <input_file_ref idref="fl-2"/>
      </object_component>
      <object_component id="oc-c8">
         <name>.debug_info</name>
         <load_address>0x659b</load_address>
         <run_address>0x659b</run_address>
         <size>0x11b</size>
         <input_file_ref idref="fl-16d"/>
      </object_component>
      <object_component id="oc-ca">
         <name>.debug_info</name>
         <load_address>0x66b6</load_address>
         <run_address>0x66b6</run_address>
         <size>0xc8</size>
         <input_file_ref idref="fl-16c"/>
      </object_component>
      <object_component id="oc-cc">
         <name>.debug_info</name>
         <load_address>0x677e</load_address>
         <run_address>0x677e</run_address>
         <size>0xeb</size>
         <input_file_ref idref="fl-152"/>
      </object_component>
      <object_component id="oc-ce">
         <name>.debug_info</name>
         <load_address>0x6869</load_address>
         <run_address>0x6869</run_address>
         <size>0x146</size>
         <input_file_ref idref="fl-152"/>
      </object_component>
      <object_component id="oc-d2">
         <name>.debug_info</name>
         <load_address>0x69af</load_address>
         <run_address>0x69af</run_address>
         <size>0x2c</size>
         <input_file_ref idref="fl-14e"/>
      </object_component>
      <object_component id="oc-d9">
         <name>.debug_info</name>
         <load_address>0x69db</load_address>
         <run_address>0x69db</run_address>
         <size>0x2c</size>
         <input_file_ref idref="fl-2"/>
      </object_component>
      <object_component id="oc-e4">
         <name>.debug_info</name>
         <load_address>0x6a07</load_address>
         <run_address>0x6a07</run_address>
         <size>0x18b</size>
         <input_file_ref idref="fl-178"/>
      </object_component>
      <object_component id="oc-e9">
         <name>.debug_info</name>
         <load_address>0x6b92</load_address>
         <run_address>0x6b92</run_address>
         <size>0x90</size>
         <input_file_ref idref="fl-178"/>
      </object_component>
      <object_component id="oc-ee">
         <name>.debug_info</name>
         <load_address>0x6c22</load_address>
         <run_address>0x6c22</run_address>
         <size>0x1cf</size>
         <input_file_ref idref="fl-17a"/>
      </object_component>
      <object_component id="oc-f1">
         <name>.debug_info</name>
         <load_address>0x6df1</load_address>
         <run_address>0x6df1</run_address>
         <size>0x1e9</size>
         <input_file_ref idref="fl-17e"/>
      </object_component>
      <object_component id="oc-f6">
         <name>.debug_info</name>
         <load_address>0x6fda</load_address>
         <run_address>0x6fda</run_address>
         <size>0x1df</size>
         <input_file_ref idref="fl-17e"/>
      </object_component>
      <object_component id="oc-fb">
         <name>.debug_info</name>
         <load_address>0x71b9</load_address>
         <run_address>0x71b9</run_address>
         <size>0x179</size>
         <input_file_ref idref="fl-17"/>
      </object_component>
      <object_component id="oc-fe">
         <name>.debug_info</name>
         <load_address>0x7332</load_address>
         <run_address>0x7332</run_address>
         <size>0x1c7</size>
         <input_file_ref idref="fl-17b"/>
      </object_component>
      <object_component id="oc-103">
         <name>.debug_info</name>
         <load_address>0x74f9</load_address>
         <run_address>0x74f9</run_address>
         <size>0x1e4</size>
         <input_file_ref idref="fl-17e"/>
      </object_component>
      <object_component id="oc-108">
         <name>.debug_info</name>
         <load_address>0x76dd</load_address>
         <run_address>0x76dd</run_address>
         <size>0x1dd</size>
         <input_file_ref idref="fl-17e"/>
      </object_component>
      <object_component id="oc-10d">
         <name>.debug_info</name>
         <load_address>0x78ba</load_address>
         <run_address>0x78ba</run_address>
         <size>0x217</size>
         <input_file_ref idref="fl-17c"/>
      </object_component>
[...]
         <object_component_ref idref="oc-148"/>
      </symbol>
      <symbol id="sm-863">
         <name>delay_ms</name>
         <value>0x842d</value>
         <object_component_ref idref="oc-148"/>
      </symbol>
      <symbol id="sm-87e">
         <name>ResetISR</name>
         <value>0x9a0b</value>
         <object_component_ref idref="oc-24"/>
      </symbol>
      <symbol id="sm-87f">
         <name>g_pfnVectors</name>
         <value>0x0</value>
         <object_component_ref idref="oc-e"/>
      </symbol>
      <symbol id="sm-88c">
         <name>timeCounter</name>
         <value>0x20000f30</value>
      </symbol>
      <symbol id="sm-88d">
         <name>keyStatus</name>
         <value>0x20000f51</value>
      </symbol>
      <symbol id="sm-88e">
         <name>iss</name>
         <value>0x20000f50</value>
      </symbol>
      <symbol id="sm-88f">
         <name>main</name>
         <value>0x9a63</value>
         <object_component_ref idref="oc-bd"/>
      </symbol>
      <symbol id="sm-8a6">
         <name>asin</name>
         <value>0x87b5</value>
         <object_component_ref idref="oc-151"/>
      </symbol>
      <symbol id="sm-8be">
         <name>atan2</name>
         <value>0x88d1</value>
         <object_component_ref idref="oc-15e"/>
      </symbol>
      <symbol id="sm-8ce">
         <name>_c_int00</name>
         <value>0x93c5</value>
         <object_component_ref idref="oc-10"/>
      </symbol>
      <symbol id="sm-8cf">
         <name>__stack</name>
         <value>0x2000026c</value>
         <object_component_ref idref="oc-23"/>
      </symbol>
      <symbol id="sm-8e5">
         <name>__TI_decompress_none</name>
         <value>0x99d9</value>
         <object_component_ref idref="oc-14"/>
      </symbol>
      <symbol id="sm-907">
         <name>__TI_decompress_rle24</name>
         <value>0x9a89</value>
         <object_component_ref idref="oc-1e"/>
      </symbol>
      <symbol id="sm-91a">
         <name>__TI_zero_init</name>
         <value>0x998d</value>
         <object_component_ref idref="oc-19"/>
      </symbol>
      <symbol id="sm-926">
         <name>cos</name>
         <value>0x9851</value>
         <object_component_ref idref="oc-328"/>
      </symbol>
      <symbol id="sm-942">
         <name>C$$EXIT</name>
         <value>0x9499</value>
         <object_component_ref idref="oc-3a"/>
      </symbol>
      <symbol id="sm-943">
         <name>abort</name>
         <value>0x949d</value>
         <object_component_ref idref="oc-3a"/>
      </symbol>
      <symbol id="sm-944">
         <name>exit</name>
         <value>0x94a5</value>
         <object_component_ref idref="oc-3a"/>
      </symbol>
      <symbol id="sm-945">
         <name>__TI_dtors_ptr</name>
         <value>0x20000cc0</value>
         <object_component_ref idref="oc-cb"/>
      </symbol>
      <symbol id="sm-946">
         <name>__TI_cleanup_ptr</name>
         <value>0x20000cbc</value>
         <object_component_ref idref="oc-cb"/>
      </symbol>
      <symbol id="sm-95c">
         <name>__aeabi_dsub</name>
         <value>0x7c61</value>
         <object_component_ref idref="oc-19d"/>
      </symbol>
      <symbol id="sm-95d">
         <name>__aeabi_dadd</name>
         <value>0x7c6b</value>
         <object_component_ref idref="oc-19d"/>
      </symbol>
      <symbol id="sm-96e">
         <name>__aeabi_cdcmpeq</name>
         <value>0x9001</value>
         <object_component_ref idref="oc-25e"/>
      </symbol>
      <symbol id="sm-96f">
         <name>__aeabi_cdcmple</name>
         <value>0x9001</value>
         <object_component_ref idref="oc-25e"/>
      </symbol>
      <symbol id="sm-982">
         <name>__aeabi_ddiv</name>
         <value>0x854d</value>
         <object_component_ref idref="oc-1a6"/>
      </symbol>
      <symbol id="sm-98c">
         <name>__aeabi_dmul</name>
         <value>0x8af9</value>
         <object_component_ref idref="oc-156"/>
      </symbol>
      <symbol id="sm-995">
         <name>__aeabi_d2f</name>
         <value>0x9333</value>
         <object_component_ref idref="oc-15a"/>
      </symbol>
      <symbol id="sm-99f">
         <name>__aeabi_f2d</name>
         <value>0x9621</value>
         <object_component_ref idref="oc-14d"/>
      </symbol>
      <symbol id="sm-9bd">
         <name>__aeabi_ldivmod</name>
         <value>0x7869</value>
         <object_component_ref idref="oc-23d"/>
      </symbol>
      <symbol id="sm-9c5">
         <name>__aeabi_lmul</name>
         <value>0x98cd</value>
         <object_component_ref idref="oc-24e"/>
      </symbol>
      <symbol id="sm-9d4">
         <name>memcmp</name>
         <value>0x97f3</value>
         <object_component_ref idref="oc-241"/>
      </symbol>
      <symbol id="sm-9ee">
         <name>memcpy</name>
         <value>0x8da9</value>
         <object_component_ref idref="oc-42"/>
      </symbol>
      <symbol id="sm-9ef">
         <name>__aeabi_memcpy</name>
         <value>0x8da9</value>
         <object_component_ref idref="oc-42"/>
      </symbol>
      <symbol id="sm-9f0">
         <name>__aeabi_memcpy8</name>
         <value>0x8da9</value>
         <object_component_ref idref="oc-42"/>
      </symbol>
      <symbol id="sm-9f1">
         <name>__aeabi_memcpy4</name>
         <value>0x8da9</value>
         <object_component_ref idref="oc-42"/>
      </symbol>
      <symbol id="sm-9ff">
         <name>__aeabi_memset</name>
         <value>0x9081</value>
         <object_component_ref idref="oc-237"/>
      </symbol>
      <symbol id="sm-a00">
         <name>memset</name>
         <value>0x9087</value>
         <object_component_ref idref="oc-237"/>
      </symbol>
      <symbol id="sm-a01">
         <name>__aeabi_memset8</name>
         <value>0x9081</value>
         <object_component_ref idref="oc-237"/>
      </symbol>
      <symbol id="sm-a02">
         <name>__aeabi_memset4</name>
         <value>0x9081</value>
         <object_component_ref idref="oc-237"/>
      </symbol>
      <symbol id="sm-a03">
         <name>__aeabi_memclr8</name>
         <value>0x907f</value>
         <object_component_ref idref="oc-237"/>
      </symbol>
      <symbol id="sm-a04">
         <name>__aeabi_memclr4</name>
         <value>0x907f</value>
         <object_component_ref idref="oc-237"/>
      </symbol>
      <symbol id="sm-a05">
         <name>__aeabi_memclr</name>
         <value>0x907f</value>
         <object_component_ref idref="oc-237"/>
      </symbol>
      <symbol id="sm-a11">
         <name>sin</name>
         <value>0x986b</value>
         <object_component_ref idref="oc-32d"/>
      </symbol>
      <symbol id="sm-a27">
         <name>sqrt</name>
         <value>0x82c1</value>
         <object_component_ref idref="oc-262"/>
      </symbol>
      <symbol id="sm-a2e">
         <name>main_func_sp</name>
         <value>0x20000ce8</value>
         <object_component_ref idref="oc-3f"/>
      </symbol>
      <symbol id="sm-a4f">
         <name>_Atan</name>
         <value>0x7fc9</value>
         <object_component_ref idref="oc-267"/>
      </symbol>
      <symbol id="sm-a69">
         <name>_Dscale</name>
         <value>0x89e9</value>
         <object_component_ref idref="oc-2e9"/>
      </symbol>
      <symbol id="sm-a7a">
         <name>_Dtest</name>
         <value>0x94dd</value>
         <object_component_ref idref="oc-259"/>
      </symbol>
      <symbol id="sm-a8d">
         <name>_Dunscale</name>
         <value>0x915b</value>
         <object_component_ref idref="oc-2e4"/>
      </symbol>
      <symbol id="sm-a9d">
         <name>_Feraise</name>
         <value>0x96f5</value>
         <object_component_ref idref="oc-26c"/>
      </symbol>
      <symbol id="sm-ad4">
         <name>_Sin</name>
         <value>0x7329</value>
         <object_component_ref idref="oc-3db"/>
      </symbol>
      <symbol id="sm-ae3">
         <name>_Rteps</name>
         <value>0x20000c08</value>
         <object_component_ref idref="oc-271"/>
      </symbol>
      <symbol id="sm-ae4">
         <name>_Zero</name>
         <value>0x20000c20</value>
         <object_component_ref idref="oc-271"/>
      </symbol>
      <symbol id="sm-ae5">
         <name>_Hugeval</name>
         <value>0x20000bc8</value>
         <object_component_ref idref="oc-271"/>
      </symbol>
      <symbol id="sm-ae6">
         <name>_Snan</name>
         <value>0x20000bf8</value>
         <object_component_ref idref="oc-271"/>
      </symbol>
      <symbol id="sm-ae7">
         <name>_Nan</name>
         <value>0x20000be8</value>
         <object_component_ref idref="oc-271"/>
      </symbol>
      <symbol id="sm-ae8">
         <name>_Inf</name>
         <value>0x20000bd8</value>
         <object_component_ref idref="oc-271"/>
      </symbol>
      <symbol id="sm-ae9">
         <name>_Xbig</name>
         <value>0x20000c18</value>
         <object_component_ref idref="oc-271"/>
      </symbol>
      <symbol id="sm-aea">
         <name>_Eps</name>
         <value>0x20000bb8</value>
         <object_component_ref idref="oc-271"/>
      </symbol>
      <symbol id="sm-aeb">
         <name>_Denorm</name>
         <value>0x20000ba8</value>
         <object_component_ref idref="oc-271"/>
      </symbol>
      <symbol id="sm-b01">
         <name>_nop</name>
         <value>0x991b</value>
         <object_component_ref idref="oc-1f9"/>
      </symbol>
      <symbol id="sm-b02">
         <name>_lock</name>
         <value>0x20000cb4</value>
         <object_component_ref idref="oc-c9"/>
      </symbol>
      <symbol id="sm-b03">
         <name>_unlock</name>
         <value>0x20000cb8</value>
         <object_component_ref idref="oc-c9"/>
      </symbol>
      <symbol id="sm-b04">
         <name>_register_lock</name>
         <value>0x9913</value>
         <object_component_ref idref="oc-1f9"/>
      </symbol>
      <symbol id="sm-b05">
         <name>_register_unlock</name>
         <value>0x990d</value>
         <object_component_ref idref="oc-1f9"/>
      </symbol>
      <symbol id="sm-b18">
         <name>_args_main</name>
         <value>0x98b5</value>
         <object_component_ref idref="oc-35"/>
      </symbol>
      <symbol id="sm-b34">
         <name>__TI_auto_init</name>
         <value>0x8edd</value>
         <object_component_ref idref="oc-31"/>
      </symbol>
      <symbol id="sm-b4c">
         <name>copy_in</name>
         <value>0x9455</value>
         <object_component_ref idref="oc-b7"/>
      </symbol>
      <symbol id="sm-b53">
         <name>_Errno</name>
         <value>0x20000ce4</value>
         <object_component_ref idref="oc-2f7"/>
      </symbol>
      <symbol id="sm-b5c">
         <name>__aeabi_d2iz</name>
         <value>0x940d</value>
         <object_component_ref idref="oc-42d"/>
      </symbol>
      <symbol id="sm-b77">
         <name>feraiseexcept</name>
         <value>0x96c1</value>
         <object_component_ref idref="oc-2f2"/>
      </symbol>
      <symbol id="sm-b78">
         <name>_Tls_setup__Fenv</name>
         <value>0x20000cc8</value>
         <object_component_ref idref="oc-3c6"/>
      </symbol>
      <symbol id="sm-b79">
         <name>_Fenv</name>
         <value>0x20000cc4</value>
         <object_component_ref idref="oc-3c6"/>
      </symbol>
      <symbol id="sm-b98">
         <name>fmod</name>
         <value>0x8155</value>
         <object_component_ref idref="oc-428"/>
      </symbol>
      <symbol id="sm-ba1">
         <name>__aeabi_i2d</name>
         <value>0x9725</value>
         <object_component_ref idref="oc-431"/>
      </symbol>
      <symbol id="sm-bb4">
         <name>raise</name>
         <value>0x9753</value>
         <object_component_ref idref="oc-3c1"/>
      </symbol>
      <symbol id="sm-bcc">
         <name>signal</name>
         <value>0x95e1</value>
         <object_component_ref idref="oc-411"/>
      </symbol>
      <symbol id="sm-be0">
         <name>_Dnorm</name>
         <value>0x8ce5</value>
         <object_component_ref idref="oc-3b5"/>
      </symbol>
      <symbol id="sm-c69">
         <name>UARTConfigSetExpClk</name>
         <value>0x9521</value>
         <object_component_ref idref="oc-382"/>
      </symbol>
      <symbol id="sm-c6a">
         <name>UARTDisable</name>
         <value>0x9835</value>
         <object_component_ref idref="oc-3f4"/>
      </symbol>
      <symbol id="sm-c6b">
         <name>UARTIntEnable</name>
         <value>0x9a5b</value>
         <object_component_ref idref="oc-391"/>
      </symbol>
      <symbol id="sm-c6c">
         <name>UARTCharPut</name>
         <value>0x9a35</value>
         <object_component_ref idref="oc-39b"/>
      </symbol>
      <symbol id="sm-c6d">
         <name>UARTEnable</name>
         <value>0x98f9</value>
         <object_component_ref idref="oc-3f9"/>
      </symbol>
      <symbol id="sm-c6e">
         <name>UARTFIFOEnable</name>
         <value>0x9a3f</value>
         <object_component_ref idref="oc-38c"/>
      </symbol>
      <symbol id="sm-c6f">
         <name>UARTIntClear</name>
         <value>0x9a93</value>
         <object_component_ref idref="oc-368"/>
      </symbol>
      <symbol id="sm-c70">
         <name>UARTIntStatus</name>
         <value>0x9a49</value>
         <object_component_ref idref="oc-363"/>
      </symbol>
      <symbol id="sm-c71">
         <name>UARTCharGet</name>
         <value>0x9a2b</value>
         <object_component_ref idref="oc-36d"/>
      </symbol>
      <symbol id="sm-c72">
         <name>UARTFIFOLevelSet</name>
         <value>0x9a83</value>
         <object_component_ref idref="oc-387"/>
      </symbol>
      <symbol id="sm-c73">
         <name>UARTIntRegister</name>
         <value>0x989d</value>
         <object_component_ref idref="oc-396"/>
      </symbol>
      <symbol id="sm-ca8">
         <name>TimerLoadSet</name>
         <value>0x997b</value>
         <object_component_ref idref="oc-7f"/>
      </symbol>
      <symbol id="sm-ca9">
         <name>TimerEnable</name>
         <value>0x99cb</value>
         <object_component_ref idref="oc-98"/>
      </symbol>
      <symbol id="sm-caa">
         <name>TimerIntStatus</name>
         <value>0x9a21</value>
         <object_component_ref idref="oc-61"/>
      </symbol>
      <symbol id="sm-cab">
         <name>TimerIntEnable</name>
         <value>0x9a53</value>
         <object_component_ref idref="oc-8e"/>
      </symbol>
      <symbol id="sm-cac">
         <name>TimerConfigure</name>
         <value>0x9281</value>
         <object_component_ref idref="oc-7a"/>
      </symbol>
      <symbol id="sm-cad">
         <name>TimerIntClear</name>
         <value>0x9a8f</value>
         <object_component_ref idref="oc-66"/>
      </symbol>
      <symbol id="sm-ce8">
         <name>SysCtlClockSet</name>
         <value>0x8bf5</value>
         <object_component_ref idref="oc-297"/>
      </symbol>
      <symbol id="sm-ce9">
         <name>SysCtlDelay</name>
         <value>0x9a7d</value>
         <object_component_ref idref="oc-307"/>
      </symbol>
      <symbol id="sm-cea">
         <name>SysCtlPeripheralEnable</name>
         <value>0x968d</value>
         <object_component_ref idref="oc-75"/>
      </symbol>
      <symbol id="sm-ceb">
         <name>SysCtlPWMClockSet</name>
         <value>0x98e5</value>
         <object_component_ref idref="oc-fd"/>
      </symbol>
      <symbol id="sm-d1a">
         <name>PWMGenPeriodSet</name>
         <value>0x999f</value>
         <object_component_ref idref="oc-111"/>
      </symbol>
      <symbol id="sm-d1b">
         <name>PWMPulseWidthSet</name>
         <value>0x9815</value>
         <object_component_ref idref="oc-11b"/>
      </symbol>
      <symbol id="sm-d1c">
         <name>PWMGenPeriodGet</name>
         <value>0x9957</value>
         <object_component_ref idref="oc-116"/>
      </symbol>
      <symbol id="sm-d1d">
         <name>PWMOutputState</name>
         <value>0x9969</value>
         <object_component_ref idref="oc-120"/>
      </symbol>
      <symbol id="sm-d1e">
         <name>PWMGenEnable</name>
         <value>0x99ff</value>
         <object_component_ref idref="oc-125"/>
      </symbol>
      <symbol id="sm-d1f">
         <name>PWMGenConfigure</name>
         <value>0x97d1</value>
         <object_component_ref idref="oc-10c"/>
      </symbol>
      <symbol id="sm-d6b">
         <name>IntPrioritySet</name>
         <value>0x97ad</value>
         <object_component_ref idref="oc-89"/>
      </symbol>
      <symbol id="sm-d6c">
         <name>IntEnable</name>
         <value>0x91c1</value>
         <object_component_ref idref="oc-93"/>
      </symbol>
      <symbol id="sm-d6d">
         <name>IntRegister</name>
         <value>0x9659</value>
         <object_component_ref idref="oc-3d2"/>
      </symbol>
      <symbol id="sm-d6e">
         <name>g_pfnRAMVectors</name>
         <value>0x20000000</value>
         <object_component_ref idref="oc-425"/>
      </symbol>
      <symbol id="sm-d6f">
         <name>IntMasterEnable</name>
         <value>0x9a17</value>
         <object_component_ref idref="oc-84"/>
      </symbol>
      <symbol id="sm-e08">
         <name>GPIOPinTypePWM</name>
         <value>0x9933</value>
         <object_component_ref idref="oc-107"/>
      </symbol>
      <symbol id="sm-e09">
         <name>GPIOIntRegister</name>
         <value>0x9885</value>
         <object_component_ref idref="oc-314"/>
      </symbol>
      <symbol id="sm-e0a">
         <name>GPIOPinConfigure</name>
         <value>0x937d</value>
         <object_component_ref idref="oc-102"/>
      </symbol>
      <symbol id="sm-e0b">
         <name>GPIOIntDisable</name>
         <value>0x99af</value>
         <object_component_ref idref="oc-319"/>
      </symbol>
      <symbol id="sm-e0c">
         <name>GPIOIntEnable</name>
         <value>0x99f3</value>
         <object_component_ref idref="oc-30f"/>
      </symbol>
      <symbol id="sm-e0d">
         <name>GPIOIntTypeSet</name>
         <value>0x92dd</value>
         <object_component_ref idref="oc-30a"/>
      </symbol>
      <symbol id="sm-e0e">
         <name>GPIOPinTypeGPIOInput</name>
         <value>0x9921</value>
         <object_component_ref idref="oc-f0"/>
      </symbol>
      <symbol id="sm-e0f">
         <name>GPIOIntClear</name>
         <value>0x9a6b</value>
         <object_component_ref idref="oc-323"/>
      </symbol>
      <symbol id="sm-e10">
         <name>GPIOPinTypeUART</name>
         <value>0x9945</value>
         <object_component_ref idref="oc-37d"/>
      </symbol>
      <symbol id="sm-e11">
         <name>GPIOIntStatus</name>
         <value>0x99bd</value>
         <object_component_ref idref="oc-31e"/>
      </symbol>
      <symbol id="sm-e12">
         <name>GPIOPinRead</name>
         <value>0x9a71</value>
         <object_component_ref idref="oc-f5"/>
      </symbol>
      <symbol id="sm-e13">
         <name>GPIODirModeSet</name>
         <value>0x9781</value>
         <object_component_ref idref="oc-207"/>
      </symbol>
      <symbol id="sm-e14">
         <name>GPIOPinWrite</name>
         <value>0x9a77</value>
         <object_component_ref idref="oc-33d"/>
      </symbol>
      <symbol id="sm-e15">
         <name>GPIOPadConfigSet</name>
         <value>0x8683</value>
         <object_component_ref idref="oc-20c"/>
      </symbol>
      <symbol id="sm-e1e">
         <name>CPUcpsie</name>
         <value>0x99e7</value>
         <object_component_ref idref="oc-12f"/>
      </symbol>
      <symbol id="sm-e20">
         <name>__TI_static_base__</name>
         <value>0x0</value>
      </symbol>
      <symbol id="sm-e21">
         <name>__TI_args_main</name>
         <value>0x1</value>
      </symbol>
      <symbol id="sm-e22">
         <name>SHT$$INIT_ARRAY$$Limit</name>
         <value>0x0</value>
      </symbol>
      <symbol id="sm-e23">
         <name>SHT$$INIT_ARRAY$$Base</name>
         <value>0x0</value>
      </symbol>
   </symbol_table>
   <title>Link successful</title>
</link_info>
